Archive member included to satisfy reference by file (symbol)

WaveshareLib/e-Paper/libePaper.a(EPD_2in9_V2.c.obj)
                              CMakeFiles/MacroBardo.dir/main.c.obj (EPD_2IN9_V2_Init)
WaveshareLib/GUI/libGUI.a(GUI_Paint.c.obj)
                              CMakeFiles/MacroBardo.dir/main.c.obj (Paint_NewImage)
WaveshareLib/Fonts/libFonts.a(font16.c.obj)
                              CMakeFiles/MacroBardo.dir/main.c.obj (Font16)
WaveshareLib/Config/libConfig.a(DEV_Config.c.obj)
                              WaveshareLib/e-Paper/libePaper.a(EPD_2in9_V2.c.obj) (DEV_Digital_Write)
c:/progra~1/raspbe~1/picosd~1.1/gcc-ar~1/bin/../lib/gcc/arm-none-eabi/10.3.1/thumb/v6-m/nofp\libgcc.a(_dvmd_tls.o)
                              CMakeFiles/MacroBardo.dir/C_/Program_Files/Raspberry_Pi/Pico_SDK_v1.5.1/pico-sdk/src/rp2_common/pico_divider/divider.S.obj (__aeabi_idiv0)
c:/progra~1/raspbe~1/picosd~1.1/gcc-ar~1/bin/../lib/gcc/arm-none-eabi/10.3.1/../../../../arm-none-eabi/lib/thumb/v6-m/nofp\libg.a(lib_a-calloc.o)
                              CMakeFiles/MacroBardo.dir/C_/Program_Files/Raspberry_Pi/Pico_SDK_v1.5.1/pico-sdk/src/rp2_common/pico_malloc/pico_malloc.c.obj (calloc)
c:/progra~1/raspbe~1/picosd~1.1/gcc-ar~1/bin/../lib/gcc/arm-none-eabi/10.3.1/../../../../arm-none-eabi/lib/thumb/v6-m/nofp\libg.a(lib_a-callocr.o)
                              c:/progra~1/raspbe~1/picosd~1.1/gcc-ar~1/bin/../lib/gcc/arm-none-eabi/10.3.1/../../../../arm-none-eabi/lib/thumb/v6-m/nofp\libg.a(lib_a-calloc.o) (_calloc_r)
c:/progra~1/raspbe~1/picosd~1.1/gcc-ar~1/bin/../lib/gcc/arm-none-eabi/10.3.1/../../../../arm-none-eabi/lib/thumb/v6-m/nofp\libg.a(lib_a-errno.o)
                              c:/progra~1/raspbe~1/picosd~1.1/gcc-ar~1/bin/../lib/gcc/arm-none-eabi/10.3.1/../../../../arm-none-eabi/lib/thumb/v6-m/nofp\libg.a(lib_a-callocr.o) (__errno)
c:/progra~1/raspbe~1/picosd~1.1/gcc-ar~1/bin/../lib/gcc/arm-none-eabi/10.3.1/../../../../arm-none-eabi/lib/thumb/v6-m/nofp\libg.a(lib_a-impure.o)
                              c:/progra~1/raspbe~1/picosd~1.1/gcc-ar~1/bin/../lib/gcc/arm-none-eabi/10.3.1/../../../../arm-none-eabi/lib/thumb/v6-m/nofp\libg.a(lib_a-calloc.o) (_impure_ptr)
c:/progra~1/raspbe~1/picosd~1.1/gcc-ar~1/bin/../lib/gcc/arm-none-eabi/10.3.1/../../../../arm-none-eabi/lib/thumb/v6-m/nofp\libg.a(lib_a-init.o)
                              c:/progra~1/raspbe~1/picosd~1.1/gcc-ar~1/bin/../lib/gcc/arm-none-eabi/10.3.1/../../../../arm-none-eabi/lib/thumb/v6-m/nofp/crt0.o (__libc_init_array)
c:/progra~1/raspbe~1/picosd~1.1/gcc-ar~1/bin/../lib/gcc/arm-none-eabi/10.3.1/../../../../arm-none-eabi/lib/thumb/v6-m/nofp\libg.a(lib_a-malloc.o)
                              CMakeFiles/MacroBardo.dir/C_/Program_Files/Raspberry_Pi/Pico_SDK_v1.5.1/pico-sdk/src/rp2_common/pico_malloc/pico_malloc.c.obj (malloc)
c:/progra~1/raspbe~1/picosd~1.1/gcc-ar~1/bin/../lib/gcc/arm-none-eabi/10.3.1/../../../../arm-none-eabi/lib/thumb/v6-m/nofp\libg.a(lib_a-mallocr.o)
                              c:/progra~1/raspbe~1/picosd~1.1/gcc-ar~1/bin/../lib/gcc/arm-none-eabi/10.3.1/../../../../arm-none-eabi/lib/thumb/v6-m/nofp\libg.a(lib_a-callocr.o) (_malloc_r)
c:/progra~1/raspbe~1/picosd~1.1/gcc-ar~1/bin/../lib/gcc/arm-none-eabi/10.3.1/../../../../arm-none-eabi/lib/thumb/v6-m/nofp\libg.a(lib_a-mlock.o)
                              c:/progra~1/raspbe~1/picosd~1.1/gcc-ar~1/bin/../lib/gcc/arm-none-eabi/10.3.1/../../../../arm-none-eabi/lib/thumb/v6-m/nofp\libg.a(lib_a-mallocr.o) (__malloc_lock)
c:/progra~1/raspbe~1/picosd~1.1/gcc-ar~1/bin/../lib/gcc/arm-none-eabi/10.3.1/../../../../arm-none-eabi/lib/thumb/v6-m/nofp\libg.a(lib_a-realloc.o)
                              CMakeFiles/MacroBardo.dir/C_/Program_Files/Raspberry_Pi/Pico_SDK_v1.5.1/pico-sdk/src/rp2_common/pico_malloc/pico_malloc.c.obj (realloc)
c:/progra~1/raspbe~1/picosd~1.1/gcc-ar~1/bin/../lib/gcc/arm-none-eabi/10.3.1/../../../../arm-none-eabi/lib/thumb/v6-m/nofp\libg.a(lib_a-reallocr.o)
                              c:/progra~1/raspbe~1/picosd~1.1/gcc-ar~1/bin/../lib/gcc/arm-none-eabi/10.3.1/../../../../arm-none-eabi/lib/thumb/v6-m/nofp\libg.a(lib_a-realloc.o) (_realloc_r)
c:/progra~1/raspbe~1/picosd~1.1/gcc-ar~1/bin/../lib/gcc/arm-none-eabi/10.3.1/../../../../arm-none-eabi/lib/thumb/v6-m/nofp\libg.a(lib_a-sbrkr.o)
                              c:/progra~1/raspbe~1/picosd~1.1/gcc-ar~1/bin/../lib/gcc/arm-none-eabi/10.3.1/../../../../arm-none-eabi/lib/thumb/v6-m/nofp\libg.a(lib_a-mallocr.o) (_sbrk_r)
c:/progra~1/raspbe~1/picosd~1.1/gcc-ar~1/bin/../lib/gcc/arm-none-eabi/10.3.1/../../../../arm-none-eabi/lib/thumb/v6-m/nofp\libg.a(lib_a-strlen-stub.o)
                              CMakeFiles/MacroBardo.dir/C_/Program_Files/Raspberry_Pi/Pico_SDK_v1.5.1/pico-sdk/src/rp2_common/pico_stdio/stdio.c.obj (strlen)
c:/progra~1/raspbe~1/picosd~1.1/gcc-ar~1/bin/../lib/gcc/arm-none-eabi/10.3.1/../../../../arm-none-eabi/lib/thumb/v6-m/nofp\libg.a(lib_a-freer.o)
[...]
Memory Configuration

Name             Origin             Length             Attributes
FLASH            0x10000000         0x00200000         xr
RAM              0x20000000         0x00040000         xrw
SCRATCH_X        0x20040000         0x00001000         xrw
SCRATCH_Y        0x20041000         0x00001000         xrw
*default*        0x00000000         0xffffffff

Linker script and memory map

LOAD c:/progra~1/raspbe~1/picosd~1.1/gcc-ar~1/bin/../lib/gcc/arm-none-eabi/10.3.1/thumb/v6-m/nofp/crti.o
LOAD c:/progra~1/raspbe~1/picosd~1.1/gcc-ar~1/bin/../lib/gcc/arm-none-eabi/10.3.1/thumb/v6-m/nofp/crtbegin.o
LOAD c:/progra~1/raspbe~1/picosd~1.1/gcc-ar~1/bin/../lib/gcc/arm-none-eabi/10.3.1/../../../../arm-none-eabi/lib/thumb/v6-m/nofp/crt0.o

.flash_begin    0x10000000        0x0
                0x10000000                __flash_binary_start = .

.boot2          0x10000000      0x100
                0x10000000                __boot2_start__ = .
 *(.boot2)
 .boot2         0x10000000      0x100 C:\Users\carlo\AppData\Local\Temp\ccovfpMR.o
                0x10000100                __boot2_end__ = .
                0x00000001                ASSERT (((__boot2_end__ - __boot2_start__) == 0x100), ERROR: Pico second stage bootloader must be 256 bytes in size)

.text           0x10000100     0x8400
                0x10000100                __logical_binary_start = .
 *(.vectors)
 .vectors       0x10000100       0xd4 CMakeFiles/MacroBardo.dir/C_/Program_Files/Raspberry_Pi/Pico_SDK_v1.5.1/pico-sdk/src/rp2_common/pico_standard_link/crt0.S.obj
                0x10000100                __VECTOR_TABLE
                0x10000100                __vectors
                0x100001c0                isr_invalid
                0x100001c0                __default_isrs_start
                0x100001c2                isr_nmi
                0x100001c4                isr_hardfault
                0x100001c6                isr_svcall
                0x100001c8                isr_pendsv
                0x100001ca                isr_systick
                0x100001cc                isr_irq23
                0x100001cc                isr_irq18
                0x100001cc                isr_irq11
                0x100001cc                isr_irq28
                0x100001cc                isr_irq19
                0x100001cc                isr_irq0
                0x100001cc                isr_irq6
                0x100001cc                isr_irq5
                0x100001cc                isr_irq12
                0x100001cc                isr_irq22
                0x100001cc                isr_irq31
                0x100001cc                isr_irq17
                0x100001cc                isr_irq27
                0x100001cc                isr_irq30
                0x100001cc                isr_irq2
                0x100001cc                isr_irq10
                0x100001cc                isr_irq8
                0x100001cc                isr_irq24
                0x100001cc                isr_irq1
                0x100001cc                isr_irq7
                0x100001cc                isr_irq21
                0x100001cc                isr_irq20
                0x100001cc                isr_irq15
                0x100001cc                isr_irq25
                0x100001cc                isr_irq13
                0x100001cc                __unhandled_user_irq
                0x100001cc                isr_irq4
                0x100001cc                isr_irq16
                0x100001cc                isr_irq29
                0x100001cc                isr_irq26
                0x100001cc                __default_isrs_end
                0x100001cc                isr_irq3
                0x100001cc                isr_irq14
                0x100001cc                isr_irq9
                0x100001d2                unhandled_user_irq_num_in_r0
 *(.binary_info_header)
 .binary_info_header
                0x100001d4       0x14 CMakeFiles/MacroBardo.dir/C_/Program_Files/Raspberry_Pi/Pico_SDK_v1.5.1/pico-sdk/src/rp2_common/pico_standard_link/crt0.S.obj
                0x100001e8                __binary_info_header_end = .
 *(.reset)
 .reset         0x100001e8       0xa0 CMakeFiles/MacroBardo.dir/C_/Program_Files/Raspberry_Pi/Pico_SDK_v1.5.1/pico-sdk/src/rp2_common/pico_standard_link/crt0.S.obj
                0x100001e8                _entry_point
 .reset         0x10000288       0x30 CMakeFiles/MacroBardo.dir/C_/Program_Files/Raspberry_Pi/Pico_SDK_v1.5.1/pico-sdk/src/rp2_common/pico_standard_link/binary_info.c.obj
 *(.init)
 .init          0x100002b8        0x4 c:/progra~1/raspbe~1/picosd~1.1/gcc-ar~1/bin/../lib/gcc/arm-none-eabi/10.3.1/thumb/v6-m/nofp/crti.o
                0x100002b8                _init
 *(EXCLUDE_FILE(*libm.a: *libc.a:*lib_a-mem*.o *libgcc.a:) .text*)
 .text          0x100002bc       0x48 c:/progra~1/raspbe~1/picosd~1.1/gcc-ar~1/bin/../lib/gcc/arm-none-eabi/10.3.1/thumb/v6-m/nofp/crtbegin.o
 .text.encoder_callback
                0x10000304       0x8c CMakeFiles/MacroBardo.dir/main.c.obj
                0x10000304                encoder_callback
 .text.init_encoder_interrupts
                0x10000390       0x24 CMakeFiles/MacroBardo.dir/main.c.obj
                0x10000390                init_encoder_interrupts
 .text.encoder_action
                0x100003b4       0x5c CMakeFiles/MacroBardo.dir/main.c.obj
                0x100003b4                encoder_action
 .text.draw_interface
                0x10000410      0x140 CMakeFiles/MacroBardo.dir/main.c.obj
                0x10000410                draw_interface
 .text.init_display
                0x10000550       0x34 CMakeFiles/MacroBardo.dir/main.c.obj
                0x10000550                init_display
 .text.main     0x10000584      0x16c CMakeFiles/MacroBardo.dir/main.c.obj
                0x10000584                main
 .text.tud_descriptor_device_cb
                0x100006f0        0x8 CMakeFiles/MacroBardo.dir/usb_descriptors.c.obj
                0x100006f0                tud_descriptor_device_cb
 .text.tud_hid_descriptor_report_cb
                0x100006f8        0x8 CMakeFiles/MacroBardo.dir/usb_descriptors.c.obj
                0x100006f8                tud_hid_descriptor_report_cb
 .text.tud_descriptor_configuration_cb
                0x10000700        0x8 CMakeFiles/MacroBardo.dir/usb_descriptors.c.obj
                0x10000700                tud_descriptor_configuration_cb
 .text.tud_descriptor_string_cb
                0x10000708        0xc CMakeFiles/MacroBardo.dir/usb_descriptors.c.obj
                0x10000708                tud_descriptor_string_cb
 .text.tud_hid_get_report_cb
                0x10000714        0x4 CMakeFiles/MacroBardo.dir/usb_descriptors.c.obj
                0x10000714                tud_hid_get_report_cb
 .text.tud_hid_set_report_cb
                0x10000718        0x2 CMakeFiles/MacroBardo.dir/usb_descriptors.c.obj
                0x10000718                tud_hid_set_report_cb
 *fill*         0x1000071a        0x2 
 .text.gpio_set_function
                0x1000071c       0x30 CMakeFiles/MacroBardo.dir/C_/Program_Files/Raspberry_Pi/Pico_SDK_v1.5.1/pico-sdk/src/rp2_common/hardware_gpio/gpio.c.obj
                0x1000071c                gpio_set_function
 .text.gpio_set_pulls
                0x1000074c       0x34 CMakeFiles/MacroBardo.dir/C_/Program_Files/Raspberry_Pi/Pico_SDK_v1.5.1/pico-sdk/src/rp2_common/hardware_gpio/gpio.c.obj
                0x1000074c                gpio_set_pulls
 .text.gpio_set_irq_callback
                0x10000780       0x48 CMakeFiles/MacroBardo.dir/C_/Program_Files/Raspberry_Pi/Pico_SDK_v1.5.1/pico-sdk/src/rp2_common/hardware_gpio/gpio.c.obj
                0x10000780                gpio_set_irq_callback
 .text.gpio_acknowledge_irq
                0x100007c8       0x18 CMakeFiles/MacroBardo.dir/C_/Program_Files/Raspberry_Pi/Pico_SDK_v1.5.1/pico-sdk/src/rp2_common/hardware_gpio/gpio.c.obj
                0x100007c8                gpio_acknowledge_irq
 .text._gpio_set_irq_enabled
                0x100007e0       0x34 CMakeFiles/MacroBardo.dir/C_/Program_Files/Raspberry_Pi/Pico_SDK_v1.5.1/pico-sdk/src/rp2_common/hardware_gpio/gpio.c.obj
 .text.gpio_set_irq_enabled
                0x10000814       0x20 CMakeFiles/MacroBardo.dir/C_/Program_Files/Raspberry_Pi/Pico_SDK_v1.5.1/pico-sdk/src/rp2_common/hardware_gpio/gpio.c.obj
                0x10000814                gpio_set_irq_enabled
 .text.gpio_set_irq_enabled_with_callback
                0x10000834       0x20 CMakeFiles/MacroBardo.dir/C_/Program_Files/Raspberry_Pi/Pico_SDK_v1.5.1/pico-sdk/src/rp2_common/hardware_gpio/gpio.c.obj
                0x10000834                gpio_set_irq_enabled_with_callback
 .text.gpio_default_irq_handler
                0x10000854       0x98 CMakeFiles/MacroBardo.dir/C_/Program_Files/Raspberry_Pi/Pico_SDK_v1.5.1/pico-sdk/src/rp2_common/hardware_gpio/gpio.c.obj
 .text.gpio_init
                0x100008ec       0x16 CMakeFiles/MacroBardo.dir/C_/Program_Files/Raspberry_Pi/Pico_SDK_v1.5.1/pico-sdk/src/rp2_common/hardware_gpio/gpio.c.obj
                0x100008ec                gpio_init
 *fill*         0x10000902        0x2 
 .text.running_on_fpga
                0x10000904       0x14 CMakeFiles/MacroBardo.dir/C_/Program_Files/Raspberry_Pi/Pico_SDK_v1.5.1/pico-sdk/src/rp2_common/pico_platform/platform.c.obj
                0x10000904                running_on_fpga
 .text.hw_claim_lock
                0x10000918       0x18 CMakeFiles/MacroBardo.dir/C_/Program_Files/Raspberry_Pi/Pico_SDK_v1.5.1/pico-sdk/src/rp2_common/hardware_claim/claim.c.obj
                0x10000918                hw_claim_lock
 .text.hw_claim_unlock
                0x10000930       0x14 CMakeFiles/MacroBardo.dir/C_/Program_Files/Raspberry_Pi/Pico_SDK_v1.5.1/pico-sdk/src/rp2_common/hardware_claim/claim.c.obj
                0x10000930                hw_claim_unlock
 .text.hw_claim_or_assert
                0x10000944       0x32 CMakeFiles/MacroBardo.dir/C_/Program_Files/Raspberry_Pi/Pico_SDK_v1.5.1/pico-sdk/src/rp2_common/hardware_claim/claim.c.obj
                0x10000944                hw_claim_or_assert
 *fill*         0x10000976        0x2 
 .text.spin_locks_reset
                0x10000978       0x20 CMakeFiles/MacroBardo.dir/C_/Program_Files/Raspberry_Pi/Pico_SDK_v1.5.1/pico-sdk/src/rp2_common/hardware_sync/sync.c.obj
                0x10000978                spin_locks_reset
 .text.next_striped_spin_lock_num
                0x10000998       0x1c CMakeFiles/MacroBardo.dir/C_/Program_Files/Raspberry_Pi/Pico_SDK_v1.5.1/pico-sdk/src/rp2_common/hardware_sync/sync.c.obj
                0x10000998                next_striped_spin_lock_num
 .text.set_raw_irq_handler_and_unlock
                0x100009b4       0x28 CMakeFiles/MacroBardo.dir/C_/Program_Files/Raspberry_Pi/Pico_SDK_v1.5.1/pico-sdk/src/rp2_common/hardware_irq/irq.c.obj
 .text.make_branch
                0x100009dc       0x48 CMakeFiles/MacroBardo.dir/C_/Program_Files/Raspberry_Pi/Pico_SDK_v1.5.1/pico-sdk/src/rp2_common/hardware_irq/irq.c.obj
 .text.insert_branch_and_link
                0x10000a24       0x40 CMakeFiles/MacroBardo.dir/C_/Program_Files/Raspberry_Pi/Pico_SDK_v1.5.1/pico-sdk/src/rp2_common/hardware_irq/irq.c.obj
 .text.irq_is_enabled
                0x10000a64       0x18 CMakeFiles/MacroBardo.dir/C_/Program_Files/Raspberry_Pi/Pico_SDK_v1.5.1/pico-sdk/src/rp2_common/hardware_irq/irq.c.obj
                0x10000a64                irq_is_enabled
 .text.irq_set_mask_enabled
                0x10000a7c       0x20 CMakeFiles/MacroBardo.dir/C_/Program_Files/Raspberry_Pi/Pico_SDK_v1.5.1/pico-sdk/src/rp2_common/hardware_irq/irq.c.obj
                0x10000a7c                irq_set_mask_enabled
 .text.irq_set_enabled
                0x10000a9c        0xe CMakeFiles/MacroBardo.dir/C_/Program_Files/Raspberry_Pi/Pico_SDK_v1.5.1/pico-sdk/src/rp2_common/hardware_irq/irq.c.obj
                0x10000a9c                irq_set_enabled
 *fill*         0x10000aaa        0x2 
 .text.irq_get_vtable_handler
                0x10000aac       0x10 CMakeFiles/MacroBardo.dir/C_/Program_Files/Raspberry_Pi/Pico_SDK_v1.5.1/pico-sdk/src/rp2_common/hardware_irq/irq.c.obj
                0x10000aac                irq_get_vtable_handler
 .text.irq_set_exclusive_handler
                0x10000abc       0x54 CMakeFiles/MacroBardo.dir/C_/Program_Files/Raspberry_Pi/Pico_SDK_v1.5.1/pico-sdk/src/rp2_common/hardware_irq/irq.c.obj
                0x10000abc                irq_set_exclusive_handler
 .text.irq_add_shared_handler
                0x10000b10      0x234 CMakeFiles/MacroBardo.dir/C_/Program_Files/Raspberry_Pi/Pico_SDK_v1.5.1/pico-sdk/src/rp2_common/hardware_irq/irq.c.obj
                0x10000b10                irq_add_shared_handler
 .text.irq_remove_handler
                0x10000d44      0x1ac CMakeFiles/MacroBardo.dir/C_/Program_Files/Raspberry_Pi/Pico_SDK_v1.5.1/pico-sdk/src/rp2_common/hardware_irq/irq.c.obj
                0x10000d44                irq_remove_handler
 .text.irq_add_tail_to_free_list
                0x10000ef0       0xf0 CMakeFiles/MacroBardo.dir/C_/Program_Files/Raspberry_Pi/Pico_SDK_v1.5.1/pico-sdk/src/rp2_common/hardware_irq/irq.c.obj
                0x10000ef0                irq_add_tail_to_free_list
 .text.irq_init_priorities
                0x10000fe0       0x1c CMakeFiles/MacroBardo.dir/C_/Program_Files/Raspberry_Pi/Pico_SDK_v1.5.1/pico-sdk/src/rp2_common/hardware_irq/irq.c.obj
                0x10000fe0                irq_init_priorities
 .text.lock_init
                0x10000ffc       0x10 CMakeFiles/MacroBardo.dir/C_/Program_Files/Raspberry_Pi/Pico_SDK_v1.5.1/pico-sdk/src/common/pico_sync/lock_core.c.obj
                0x10000ffc                lock_init
 .text.mutex_init
                0x1000100c       0x1a CMakeFiles/MacroBardo.dir/C_/Program_Files/Raspberry_Pi/Pico_SDK_v1.5.1/pico-sdk/src/common/pico_sync/mutex.c.obj
                0x1000100c                mutex_init
 .text.recursive_mutex_init
                0x10001026       0x1e CMakeFiles/MacroBardo.dir/C_/Program_Files/Raspberry_Pi/Pico_SDK_v1.5.1/pico-sdk/src/common/pico_sync/mutex.c.obj
                0x10001026                recursive_mutex_init
 .text.alarm_pool_post_alloc_init
                0x10001044       0x40 CMakeFiles/MacroBardo.dir/C_/Program_Files/Raspberry_Pi/Pico_SDK_v1.5.1/pico-sdk/src/common/pico_time/time.c.obj
 .text.sleep_until_callback
                0x10001084       0x30 CMakeFiles/MacroBardo.dir/C_/Program_Files/Raspberry_Pi/Pico_SDK_v1.5.1/pico-sdk/src/common/pico_time/time.c.obj
 .text.timer_pool_entry_comparator
                0x100010b4       0x7c CMakeFiles/MacroBardo.dir/C_/Program_Files/Raspberry_Pi/Pico_SDK_v1.5.1/pico-sdk/src/common/pico_time/time.c.obj
                0x100010b4                timer_pool_entry_comparator
 .text.ph_add_child_node
                0x10001130       0xa4 CMakeFiles/MacroBardo.dir/C_/Program_Files/Raspberry_Pi/Pico_SDK_v1.5.1/pico-sdk/src/common/pico_time/time.c.obj
 .text.ph_merge_nodes
                0x100011d4       0x3e CMakeFiles/MacroBardo.dir/C_/Program_Files/Raspberry_Pi/Pico_SDK_v1.5.1/pico-sdk/src/common/pico_time/time.c.obj
 *fill*         0x10001212        0x2 
 .text.add_alarm_under_lock
                0x10001214      0x174 CMakeFiles/MacroBardo.dir/C_/Program_Files/Raspberry_Pi/Pico_SDK_v1.5.1/pico-sdk/src/common/pico_time/time.c.obj
 .text.alarm_pool_alarm_callback
                0x10001388      0x33c CMakeFiles/MacroBardo.dir/C_/Program_Files/Raspberry_Pi/Pico_SDK_v1.5.1/pico-sdk/src/common/pico_time/time.c.obj
 .text.alarm_pool_init_default
                0x100016c4       0x40 CMakeFiles/MacroBardo.dir/C_/Program_Files/Raspberry_Pi/Pico_SDK_v1.5.1/pico-sdk/src/common/pico_time/time.c.obj
                0x100016c4                alarm_pool_init_default
 .text.alarm_pool_get_default
                0x10001704       0x2c CMakeFiles/MacroBardo.dir/C_/Program_Files/Raspberry_Pi/Pico_SDK_v1.5.1/pico-sdk/src/common/pico_time/time.c.obj
                0x10001704                alarm_pool_get_default
 .text.alarm_pool_add_alarm_at
                0x10001730      0x168 CMakeFiles/MacroBardo.dir/C_/Program_Files/Raspberry_Pi/Pico_SDK_v1.5.1/pico-sdk/src/common/pico_time/time.c.obj
                0x10001730                alarm_pool_add_alarm_at
 .text.alarm_pool_cancel_alarm
                0x10001898       0xf8 CMakeFiles/MacroBardo.dir/C_/Program_Files/Raspberry_Pi/Pico_SDK_v1.5.1/pico-sdk/src/common/pico_time/time.c.obj
                0x10001898                alarm_pool_cancel_alarm
 .text.alarm_pool_core_num
                0x10001990        0x4 CMakeFiles/MacroBardo.dir/C_/Program_Files/Raspberry_Pi/Pico_SDK_v1.5.1/pico-sdk/src/common/pico_time/time.c.obj
                0x10001990                alarm_pool_core_num
 .text.sleep_until
                0x10001994       0xfc CMakeFiles/MacroBardo.dir/C_/Program_Files/Raspberry_Pi/Pico_SDK_v1.5.1/pico-sdk/src/common/pico_time/time.c.obj
                0x10001994                sleep_until
 .text.sleep_us
                0x10001a90       0x58 CMakeFiles/MacroBardo.dir/C_/Program_Files/Raspberry_Pi/Pico_SDK_v1.5.1/pico-sdk/src/common/pico_time/time.c.obj
                0x10001a90                sleep_us
 .text.sleep_ms
                0x10001ae8       0x14 CMakeFiles/MacroBardo.dir/C_/Program_Files/Raspberry_Pi/Pico_SDK_v1.5.1/pico-sdk/src/common/pico_time/time.c.obj
                0x10001ae8                sleep_ms
 .text.best_effort_wfe_or_timeout
                0x10001afc       0xac CMakeFiles/MacroBardo.dir/C_/Program_Files/Raspberry_Pi/Pico_SDK_v1.5.1/pico-sdk/src/common/pico_time/time.c.obj
                0x10001afc                best_effort_wfe_or_timeout
 .text.hardware_alarm_irq_handler
                0x10001ba8       0x90 CMakeFiles/MacroBardo.dir/C_/Program_Files/Raspberry_Pi/Pico_SDK_v1.5.1/pico-sdk/src/rp2_common/hardware_timer/timer.c.obj
 .text.hardware_alarm_claim
                0x10001c38       0x18 CMakeFiles/MacroBardo.dir/C_/Program_Files/Raspberry_Pi/Pico_SDK_v1.5.1/pico-sdk/src/rp2_common/hardware_timer/timer.c.obj
                0x10001c38                hardware_alarm_claim
 .text.time_us_64
                0x10001c50       0x18 CMakeFiles/MacroBardo.dir/C_/Program_Files/Raspberry_Pi/Pico_SDK_v1.5.1/pico-sdk/src/rp2_common/hardware_timer/timer.c.obj
                0x10001c50                time_us_64
 .text.busy_wait_until
                0x10001c68       0x28 CMakeFiles/MacroBardo.dir/C_/Program_Files/Raspberry_Pi/Pico_SDK_v1.5.1/pico-sdk/src/rp2_common/hardware_timer/timer.c.obj
                0x10001c68                busy_wait_until
 .text.hardware_alarm_set_callback
                0x10001c90       0x90 CMakeFiles/MacroBardo.dir/C_/Program_Files/Raspberry_Pi/Pico_SDK_v1.5.1/pico-sdk/src/rp2_common/hardware_timer/timer.c.obj
                0x10001c90                hardware_alarm_set_callback
 .text.hardware_alarm_set_target
                0x10001d20       0xe8 CMakeFiles/MacroBardo.dir/C_/Program_Files/Raspberry_Pi/Pico_SDK_v1.5.1/pico-sdk/src/rp2_common/hardware_timer/timer.c.obj
                0x10001d20                hardware_alarm_set_target
 .text.hardware_alarm_cancel
                0x10001e08       0x40 CMakeFiles/MacroBardo.dir/C_/Program_Files/Raspberry_Pi/Pico_SDK_v1.5.1/pico-sdk/src/rp2_common/hardware_timer/timer.c.obj
                0x10001e08                hardware_alarm_cancel
 .text.ph_add_child_node
                0x10001e48       0xa4 CMakeFiles/MacroBardo.dir/C_/Program_Files/Raspberry_Pi/Pico_SDK_v1.5.1/pico-sdk/src/common/pico_util/pheap.c.obj
 .text.ph_merge_nodes
                0x10001eec       0x3e CMakeFiles/MacroBardo.dir/C_/Program_Files/Raspberry_Pi/Pico_SDK_v1.5.1/pico-sdk/src/common/pico_util/pheap.c.obj
 *fill*         0x10001f2a        0x2 
 .text.ph_clear
                0x10001f2c       0x70 CMakeFiles/MacroBardo.dir/C_/Program_Files/Raspberry_Pi/Pico_SDK_v1.5.1/pico-sdk/src/common/pico_util/pheap.c.obj
                0x10001f2c                ph_clear
 .text.ph_post_alloc_init
                0x10001f9c        0xe CMakeFiles/MacroBardo.dir/C_/Program_Files/Raspberry_Pi/Pico_SDK_v1.5.1/pico-sdk/src/common/pico_util/pheap.c.obj
                0x10001f9c                ph_post_alloc_init
 *fill*         0x10001faa        0x2 
 .text.ph_merge_two_pass
                0x10001fac       0xa8 CMakeFiles/MacroBardo.dir/C_/Program_Files/Raspberry_Pi/Pico_SDK_v1.5.1/pico-sdk/src/common/pico_util/pheap.c.obj
                0x10001fac                ph_merge_two_pass
 .text.ph_remove_any_head
                0x10002054      0x128 CMakeFiles/MacroBardo.dir/C_/Program_Files/Raspberry_Pi/Pico_SDK_v1.5.1/pico-sdk/src/common/pico_util/pheap.c.obj
 .text.ph_remove_head
                0x1000217c       0x14 CMakeFiles/MacroBardo.dir/C_/Program_Files/Raspberry_Pi/Pico_SDK_v1.5.1/pico-sdk/src/common/pico_util/pheap.c.obj
                0x1000217c                ph_remove_head
 .text.ph_remove_and_free_node
                0x10002190       0xf8 CMakeFiles/MacroBardo.dir/C_/Program_Files/Raspberry_Pi/Pico_SDK_v1.5.1/pico-sdk/src/common/pico_util/pheap.c.obj
                0x10002190                ph_remove_and_free_node
 .text.clock_configure
                0x10002288      0x108 CMakeFiles/MacroBardo.dir/C_/Program_Files/Raspberry_Pi/Pico_SDK_v1.5.1/pico-sdk/src/rp2_common/hardware_clocks/clocks.c.obj
                0x10002288                clock_configure
 .text.clocks_init
                0x10002390      0x100 CMakeFiles/MacroBardo.dir/C_/Program_Files/Raspberry_Pi/Pico_SDK_v1.5.1/pico-sdk/src/rp2_common/hardware_clocks/clocks.c.obj
                0x10002390                clocks_init
 .text.clock_get_hz
                0x10002490        0xc CMakeFiles/MacroBardo.dir/C_/Program_Files/Raspberry_Pi/Pico_SDK_v1.5.1/pico-sdk/src/rp2_common/hardware_clocks/clocks.c.obj
                0x10002490                clock_get_hz
 .text.pll_init
                0x1000249c      0x120 CMakeFiles/MacroBardo.dir/C_/Program_Files/Raspberry_Pi/Pico_SDK_v1.5.1/pico-sdk/src/rp2_common/hardware_pll/pll.c.obj
                0x1000249c                pll_init
 .text.watchdog_start_tick
                0x100025bc       0x10 CMakeFiles/MacroBardo.dir/C_/Program_Files/Raspberry_Pi/Pico_SDK_v1.5.1/pico-sdk/src/rp2_common/hardware_watchdog/watchdog.c.obj
                0x100025bc                watchdog_start_tick
 .text.xosc_init
                0x100025cc       0x28 CMakeFiles/MacroBardo.dir/C_/Program_Files/Raspberry_Pi/Pico_SDK_v1.5.1/pico-sdk/src/rp2_common/hardware_xosc/xosc.c.obj
                0x100025cc                xosc_init
 .text._exit    0x100025f4        0x4 CMakeFiles/MacroBardo.dir/C_/Program_Files/Raspberry_Pi/Pico_SDK_v1.5.1/pico-sdk/src/rp2_common/pico_runtime/runtime.c.obj
                0x100025f4                _exit
 .text._sbrk    0x100025f8       0x38 CMakeFiles/MacroBardo.dir/C_/Program_Files/Raspberry_Pi/Pico_SDK_v1.5.1/pico-sdk/src/rp2_common/pico_runtime/runtime.c.obj
                0x100025f8                _sbrk
 .text.exit     0x10002630        0x6 CMakeFiles/MacroBardo.dir/C_/Program_Files/Raspberry_Pi/Pico_SDK_v1.5.1/pico-sdk/src/rp2_common/pico_runtime/runtime.c.obj
                0x10002630                exit
 *fill*         0x10002636        0x2 
 .text.__assert_func
                0x10002638       0x3c CMakeFiles/MacroBardo.dir/C_/Program_Files/Raspberry_Pi/Pico_SDK_v1.5.1/pico-sdk/src/rp2_common/pico_runtime/runtime.c.obj
                0x10002638                __assert_func
 .text.runtime_init
                0x10002674       0xf8 CMakeFiles/MacroBardo.dir/C_/Program_Files/Raspberry_Pi/Pico_SDK_v1.5.1/pico-sdk/src/rp2_common/pico_runtime/runtime.c.obj
                0x10002674                runtime_init
 .text.panic    0x1000276c       0x30 CMakeFiles/MacroBardo.dir/C_/Program_Files/Raspberry_Pi/Pico_SDK_v1.5.1/pico-sdk/src/rp2_common/pico_runtime/runtime.c.obj
                0x1000276c                panic
 .text._out_null
                0x1000279c        0x2 CMakeFiles/MacroBardo.dir/C_/Program_Files/Raspberry_Pi/Pico_SDK_v1.5.1/pico-sdk/src/rp2_common/pico_printf/printf.c.obj
 .text._out_fct
                0x1000279e        0xe CMakeFiles/MacroBardo.dir/C_/Program_Files/Raspberry_Pi/Pico_SDK_v1.5.1/pico-sdk/src/rp2_common/pico_printf/printf.c.obj
 .text._atoi    0x100027ac       0x24 CMakeFiles/MacroBardo.dir/C_/Program_Files/Raspberry_Pi/Pico_SDK_v1.5.1/pico-sdk/src/rp2_common/pico_printf/printf.c.obj
 .text._out_rev
                0x100027d0       0xae CMakeFiles/MacroBardo.dir/C_/Program_Files/Raspberry_Pi/Pico_SDK_v1.5.1/pico-sdk/src/rp2_common/pico_printf/printf.c.obj
 .text._ntoa_format
                0x1000287e      0x112 CMakeFiles/MacroBardo.dir/C_/Program_Files/Raspberry_Pi/Pico_SDK_v1.5.1/pico-sdk/src/rp2_common/pico_printf/printf.c.obj
 .text._ntoa_long
                0x10002990       0xbc CMakeFiles/MacroBardo.dir/C_/Program_Files/Raspberry_Pi/Pico_SDK_v1.5.1/pico-sdk/src/rp2_common/pico_printf/printf.c.obj
 .text._ntoa_long_long
                0x10002a4c       0xe2 CMakeFiles/MacroBardo.dir/C_/Program_Files/Raspberry_Pi/Pico_SDK_v1.5.1/pico-sdk/src/rp2_common/pico_printf/printf.c.obj
 *fill*         0x10002b2e        0x2 
 .text._etoa    0x10002b30      0x414 CMakeFiles/MacroBardo.dir/C_/Program_Files/Raspberry_Pi/Pico_SDK_v1.5.1/pico-sdk/src/rp2_common/pico_printf/printf.c.obj
 .text._ftoa    0x10002f44      0x354 CMakeFiles/MacroBardo.dir/C_/Program_Files/Raspberry_Pi/Pico_SDK_v1.5.1/pico-sdk/src/rp2_common/pico_printf/printf.c.obj
 .text._vsnprintf
                0x10003298      0x624 CMakeFiles/MacroBardo.dir/C_/Program_Files/Raspberry_Pi/Pico_SDK_v1.5.1/pico-sdk/src/rp2_common/pico_printf/printf.c.obj
 .text.vfctprintf
                0x100038bc       0x20 CMakeFiles/MacroBardo.dir/C_/Program_Files/Raspberry_Pi/Pico_SDK_v1.5.1/pico-sdk/src/rp2_common/pico_printf/printf.c.obj
                0x100038bc                vfctprintf
 .text          0x100038dc       0x10 CMakeFiles/MacroBardo.dir/C_/Program_Files/Raspberry_Pi/Pico_SDK_v1.5.1/pico-sdk/src/rp2_common/pico_bit_ops/bit_ops_aeabi.S.obj
 .text.rom_func_lookup
                0x100038ec       0x10 CMakeFiles/MacroBardo.dir/C_/Program_Files/Raspberry_Pi/Pico_SDK_v1.5.1/pico-sdk/src/rp2_common/pico_bootrom/bootrom.c.obj
                0x100038ec                rom_func_lookup
 .text.rom_data_lookup
                0x100038fc       0x10 CMakeFiles/MacroBardo.dir/C_/Program_Files/Raspberry_Pi/Pico_SDK_v1.5.1/pico-sdk/src/rp2_common/pico_bootrom/bootrom.c.obj
                0x100038fc                rom_data_lookup
 .text.rom_funcs_lookup
                0x1000390c       0x36 CMakeFiles/MacroBardo.dir/C_/Program_Files/Raspberry_Pi/Pico_SDK_v1.5.1/pico-sdk/src/rp2_common/pico_bootrom/bootrom.c.obj
                0x1000390c                rom_funcs_lookup
 *fill*         0x10003942        0x2 
 .text.__wrap___aeabi_idiv
                0x10003944       0x50 CMakeFiles/MacroBardo.dir/C_/Program_Files/Raspberry_Pi/Pico_SDK_v1.5.1/pico-sdk/src/rp2_common/pico_divider/divider.S.obj
                0x10003944                __wrap___aeabi_idivmod
                0x10003944                divmod_s32s32
                0x10003944                div_s32s32
                0x10003944                __wrap___aeabi_idiv
                0x1000394c                divmod_s32s32_unsafe
                0x10003978                divmod_s32s32_savestate
 .text.__wrap___aeabi_uidiv
                0x10003994       0x4c CMakeFiles/MacroBardo.dir/C_/Program_Files/Raspberry_Pi/Pico_SDK_v1.5.1/pico-sdk/src/rp2_common/pico_divider/divider.S.obj
                0x10003994                __wrap___aeabi_uidiv
                0x10003994                __wrap___aeabi_uidivmod
                0x10003994                div_u32u32
                0x10003994                divmod_u32u32
                0x1000399c                divmod_u32u32_unsafe
                0x100039c4                divmod_u32u32_savestate
 .text.__wrap___aeabi_ldiv
                0x100039e0      0x424 CMakeFiles/MacroBardo.dir/C_/Program_Files/Raspberry_Pi/Pico_SDK_v1.5.1/pico-sdk/src/rp2_common/pico_divider/divider.S.obj
                0x100039e0                div_s64s64
                0x100039e0                divmod_s64s64
                0x100039e0                __wrap___aeabi_ldivmod
                0x10003a10                divmod_u64u64
                0x10003a10                div_u64u64
                0x10003a10                __wrap___aeabi_uldivmod
                0x10003a20                divmod_u64u64_savestate
                0x10003a40                divmod_s64s64_unsafe
                0x10003ac8                divmod_u64u64_unsafe
 .text.__wrap___aeabi_darithmetic
                0x10003e04       0x80 CMakeFiles/MacroBardo.dir/C_/Program_Files/Raspberry_Pi/Pico_SDK_v1.5.1/pico-sdk/src/rp2_common/pico_double/double_aeabi.S.obj
                0x10003e04                __wrap___aeabi_drsub
                0x10003e0a                __wrap___aeabi_dsub
                0x10003e1c                __wrap___aeabi_dadd
                0x10003e2e                __wrap___aeabi_ddiv
                0x10003e6a                __wrap___aeabi_dmul
 .text.__wrap___aeabi_cdcmple
                0x10003e84       0x6c CMakeFiles/MacroBardo.dir/C_/Program_Files/Raspberry_Pi/Pico_SDK_v1.5.1/pico-sdk/src/rp2_common/pico_double/double_aeabi.S.obj
                0x10003e84                __wrap___aeabi_cdrcmple
                0x10003e94                __wrap___aeabi_cdcmpeq
                0x10003e94                __wrap___aeabi_cdcmple
 .text.__wrap___aeabi_dcmplt
                0x10003ef0        0xc CMakeFiles/MacroBardo.dir/C_/Program_Files/Raspberry_Pi/Pico_SDK_v1.5.1/pico-sdk/src/rp2_common/pico_double/double_aeabi.S.obj
                0x10003ef0                __wrap___aeabi_dcmplt
 .text.__wrap___aeabi_dcmple
                0x10003efc       0x10 CMakeFiles/MacroBardo.dir/C_/Program_Files/Raspberry_Pi/Pico_SDK_v1.5.1/pico-sdk/src/rp2_common/pico_double/double_aeabi.S.obj
                0x10003efc                __wrap___aeabi_dcmple
 .text.__wrap___aeabi_dcmpge
                0x10003f0c       0x10 CMakeFiles/MacroBardo.dir/C_/Program_Files/Raspberry_Pi/Pico_SDK_v1.5.1/pico-sdk/src/rp2_common/pico_double/double_aeabi.S.obj
                0x10003f0c                __wrap___aeabi_dcmpge
 .text.__wrap___aeabi_dcmpgt
                0x10003f1c        0xa CMakeFiles/MacroBardo.dir/C_/Program_Files/Raspberry_Pi/Pico_SDK_v1.5.1/pico-sdk/src/rp2_common/pico_double/double_aeabi.S.obj
                0x10003f1c                __wrap___aeabi_dcmpgt
 .text.__wrap___aeabi_dcmpun
                0x10003f26       0x1c CMakeFiles/MacroBardo.dir/C_/Program_Files/Raspberry_Pi/Pico_SDK_v1.5.1/pico-sdk/src/rp2_common/pico_double/double_aeabi.S.obj
                0x10003f26                __wrap___aeabi_dcmpun
 *fill*         0x10003f42        0x2 
 .text.__wrap___aeabi_i2d
                0x10003f44       0x38 CMakeFiles/MacroBardo.dir/C_/Program_Files/Raspberry_Pi/Pico_SDK_v1.5.1/pico-sdk/src/rp2_common/pico_double/double_aeabi.S.obj
                0x10003f44                __wrap___aeabi_ui2d
                0x10003f4c                __wrap___aeabi_i2d
 .text.__wrap___aeabi_d2iz
                0x10003f7c       0x48 CMakeFiles/MacroBardo.dir/C_/Program_Files/Raspberry_Pi/Pico_SDK_v1.5.1/pico-sdk/src/rp2_common/pico_double/double_aeabi.S.obj
                0x10003f7c                double2int_z
                0x10003f7c                __wrap___aeabi_d2iz
 .text.__wrap___aeabi_d2uiz
                0x10003fc4       0x18 CMakeFiles/MacroBardo.dir/C_/Program_Files/Raspberry_Pi/Pico_SDK_v1.5.1/pico-sdk/src/rp2_common/pico_double/double_aeabi.S.obj
                0x10003fc4                __wrap___aeabi_d2uiz
                0x10003fc4                double2uint
 .text.__aeabi_double_init
                0x10003fdc       0xc8 CMakeFiles/MacroBardo.dir/C_/Program_Files/Raspberry_Pi/Pico_SDK_v1.5.1/pico-sdk/src/rp2_common/pico_double/double_init_rom.c.obj
                0x10003fdc                __aeabi_double_init
 .text.double_table_shim_on_use_helper
                0x100040a4       0x34 CMakeFiles/MacroBardo.dir/C_/Program_Files/Raspberry_Pi/Pico_SDK_v1.5.1/pico-sdk/src/rp2_common/pico_double/double_v1_rom_shim.S.obj
                0x100040a4                double_table_shim_on_use_helper
 .text.__wrap___aeabi_dsub
                0x100040d8       0x10 CMakeFiles/MacroBardo.dir/C_/Program_Files/Raspberry_Pi/Pico_SDK_v1.5.1/pico-sdk/src/rp2_common/pico_double/double_v1_rom_shim.S.obj
                0x100040d8                drsub_shim
                0x100040de                dsub_shim
 .text.dadd_shim
                0x100040e8      0x15c CMakeFiles/MacroBardo.dir/C_/Program_Files/Raspberry_Pi/Pico_SDK_v1.5.1/pico-sdk/src/rp2_common/pico_double/double_v1_rom_shim.S.obj
                0x100040e8                dadd_shim
 .text.dmul_shim
                0x10004244      0x15c CMakeFiles/MacroBardo.dir/C_/Program_Files/Raspberry_Pi/Pico_SDK_v1.5.1/pico-sdk/src/rp2_common/pico_double/double_v1_rom_shim.S.obj
                0x10004244                dmul_shim
 .text.ddiv_shim
                0x100043a0      0x1b0 CMakeFiles/MacroBardo.dir/C_/Program_Files/Raspberry_Pi/Pico_SDK_v1.5.1/pico-sdk/src/rp2_common/pico_double/double_v1_rom_shim.S.obj
                0x100043a0                ddiv_shim
 .text.double2uint_shim
                0x10004550        0xe CMakeFiles/MacroBardo.dir/C_/Program_Files/Raspberry_Pi/Pico_SDK_v1.5.1/pico-sdk/src/rp2_common/pico_double/double_v1_rom_shim.S.obj
                0x10004550                double2uint_shim
                0x10004552                double2ufix_shim
 *fill*         0x1000455e        0x2 
 .text.double2uint64_shim
                0x10004560       0x70 CMakeFiles/MacroBardo.dir/C_/Program_Files/Raspberry_Pi/Pico_SDK_v1.5.1/pico-sdk/src/rp2_common/pico_double/double_v1_rom_shim.S.obj
                0x10004560                double2uint64_shim
                0x10004562                double2ufix64_shim
                0x10004582                d2fix_a
 .text.dunpacks
                0x100045d0       0x3c CMakeFiles/MacroBardo.dir/C_/Program_Files/Raspberry_Pi/Pico_SDK_v1.5.1/pico-sdk/src/rp2_common/pico_double/double_v1_rom_shim.S.obj
                0x100045d0                dunpacks
 .text.__aeabi_lmul
                0x1000460c       0x32 CMakeFiles/MacroBardo.dir/C_/Program_Files/Raspberry_Pi/Pico_SDK_v1.5.1/pico-sdk/src/rp2_common/pico_int64_ops/pico_int64_ops_aeabi.S.obj
                0x1000460c                __wrap___aeabi_lmul
 *fill*         0x1000463e        0x2 
 .text.__aeabi_float_init
                0x10004640       0xfc CMakeFiles/MacroBardo.dir/C_/Program_Files/Raspberry_Pi/Pico_SDK_v1.5.1/pico-sdk/src/rp2_common/pico_float/float_init_rom.c.obj
                0x10004640                __aeabi_float_init
 .text.float_table_shim_on_use_helper
                0x1000473c       0x34 CMakeFiles/MacroBardo.dir/C_/Program_Files/Raspberry_Pi/Pico_SDK_v1.5.1/pico-sdk/src/rp2_common/pico_float/float_v1_rom_shim.S.obj
                0x1000473c                float_table_shim_on_use_helper
 .text.__wrap_malloc
                0x10004770       0x3c CMakeFiles/MacroBardo.dir/C_/Program_Files/Raspberry_Pi/Pico_SDK_v1.5.1/pico-sdk/src/rp2_common/pico_malloc/pico_malloc.c.obj
                0x10004770                __wrap_malloc
 .text.__wrap_free
                0x100047ac       0x20 CMakeFiles/MacroBardo.dir/C_/Program_Files/Raspberry_Pi/Pico_SDK_v1.5.1/pico-sdk/src/rp2_common/pico_malloc/pico_malloc.c.obj
                0x100047ac                __wrap_free
 .text          0x100047cc       0x10 CMakeFiles/MacroBardo.dir/C_/Program_Files/Raspberry_Pi/Pico_SDK_v1.5.1/pico-sdk/src/rp2_common/pico_mem_ops/mem_ops_aeabi.S.obj
                0x100047cc                __aeabi_mem_init
 .text.memset   0x100047dc        0xc CMakeFiles/MacroBardo.dir/C_/Program_Files/Raspberry_Pi/Pico_SDK_v1.5.1/pico-sdk/src/rp2_common/pico_mem_ops/mem_ops_aeabi.S.obj
                0x100047dc                __wrap_memset
 .text.memcpy   0x100047e8        0xc CMakeFiles/MacroBardo.dir/C_/Program_Files/Raspberry_Pi/Pico_SDK_v1.5.1/pico-sdk/src/rp2_common/pico_mem_ops/mem_ops_aeabi.S.obj
                0x100047e8                __wrap_memcpy
                0x100047e8                __wrap___aeabi_memcpy
 .text.stdio_out_chars_no_crlf
                0x100047f4        0xe CMakeFiles/MacroBardo.dir/C_/Program_Files/Raspberry_Pi/Pico_SDK_v1.5.1/pico-sdk/src/rp2_common/pico_stdio/stdio.c.obj
 *fill*         0x10004802        0x2 
 .text.stdio_out_chars_crlf
                0x10004804       0x80 CMakeFiles/MacroBardo.dir/C_/Program_Files/Raspberry_Pi/Pico_SDK_v1.5.1/pico-sdk/src/rp2_common/pico_stdio/stdio.c.obj
 .text.stdio_stack_buffer_flush
                0x10004884       0x44 CMakeFiles/MacroBardo.dir/C_/Program_Files/Raspberry_Pi/Pico_SDK_v1.5.1/pico-sdk/src/rp2_common/pico_stdio/stdio.c.obj
 .text.stdio_buffered_printer
                0x100048c8       0x20 CMakeFiles/MacroBardo.dir/C_/Program_Files/Raspberry_Pi/Pico_SDK_v1.5.1/pico-sdk/src/rp2_common/pico_stdio/stdio.c.obj
 .text.stdout_serialize_begin
                0x100048e8       0x5c CMakeFiles/MacroBardo.dir/C_/Program_Files/Raspberry_Pi/Pico_SDK_v1.5.1/pico-sdk/src/rp2_common/pico_stdio/stdio.c.obj
                0x100048e8                stdout_serialize_begin
 .text.stdout_serialize_end
                0x10004944       0x10 CMakeFiles/MacroBardo.dir/C_/Program_Files/Raspberry_Pi/Pico_SDK_v1.5.1/pico-sdk/src/rp2_common/pico_stdio/stdio.c.obj
                0x10004944                stdout_serialize_end
 .text.stdio_put_string
                0x10004954       0x98 CMakeFiles/MacroBardo.dir/C_/Program_Files/Raspberry_Pi/Pico_SDK_v1.5.1/pico-sdk/src/rp2_common/pico_stdio/stdio.c.obj
 .text.stdio_set_driver_enabled
                0x100049ec       0x2c CMakeFiles/MacroBardo.dir/C_/Program_Files/Raspberry_Pi/Pico_SDK_v1.5.1/pico-sdk/src/rp2_common/pico_stdio/stdio.c.obj
                0x100049ec                stdio_set_driver_enabled
 .text.stdio_flush
                0x10004a18       0x20 CMakeFiles/MacroBardo.dir/C_/Program_Files/Raspberry_Pi/Pico_SDK_v1.5.1/pico-sdk/src/rp2_common/pico_stdio/stdio.c.obj
                0x10004a18                stdio_flush
 .text.__wrap_puts
                0x10004a38       0x1e CMakeFiles/MacroBardo.dir/C_/Program_Files/Raspberry_Pi/Pico_SDK_v1.5.1/pico-sdk/src/rp2_common/pico_stdio/stdio.c.obj
                0x10004a38                __wrap_puts
 *fill*         0x10004a56        0x2 
 .text.__wrap_vprintf
                0x10004a58       0x40 CMakeFiles/MacroBardo.dir/C_/Program_Files/Raspberry_Pi/Pico_SDK_v1.5.1/pico-sdk/src/rp2_common/pico_stdio/stdio.c.obj
                0x10004a58                __wrap_vprintf
 .text.__wrap_printf
                0x10004a98       0x18 CMakeFiles/MacroBardo.dir/C_/Program_Files/Raspberry_Pi/Pico_SDK_v1.5.1/pico-sdk/src/rp2_common/pico_stdio/stdio.c.obj
                0x10004a98                __wrap_printf
 .text.stdio_init_all
                0x10004ab0        0x8 CMakeFiles/MacroBardo.dir/C_/Program_Files/Raspberry_Pi/Pico_SDK_v1.5.1/pico-sdk/src/rp2_common/pico_stdio/stdio.c.obj
                0x10004ab0                stdio_init_all
 .text.stdio_usb_set_chars_available_callback
                0x10004ab8       0x14 CMakeFiles/MacroBardo.dir/C_/Program_Files/Raspberry_Pi/Pico_SDK_v1.5.1/pico-sdk/src/rp2_common/pico_stdio_usb/stdio_usb.c.obj
                0x10004ab8                stdio_usb_set_chars_available_callback
 .text.tud_cdc_rx_cb
                0x10004acc       0x20 CMakeFiles/MacroBardo.dir/C_/Program_Files/Raspberry_Pi/Pico_SDK_v1.5.1/pico-sdk/src/rp2_common/pico_stdio_usb/stdio_usb.c.obj
                0x10004acc                tud_cdc_rx_cb
 .text.stdio_usb_connected
                0x10004aec        0xa CMakeFiles/MacroBardo.dir/C_/Program_Files/Raspberry_Pi/Pico_SDK_v1.5.1/pico-sdk/src/rp2_common/pico_stdio_usb/stdio_usb.c.obj
                0x10004aec                stdio_usb_connected
 *fill*         0x10004af6        0x2 
 .text.stdio_usb_in_chars
                0x10004af8       0xc4 CMakeFiles/MacroBardo.dir/C_/Program_Files/Raspberry_Pi/Pico_SDK_v1.5.1/pico-sdk/src/rp2_common/pico_stdio_usb/stdio_usb.c.obj
                0x10004af8                stdio_usb_in_chars
 .text.stdio_usb_out_chars
                0x10004bbc      0x114 CMakeFiles/MacroBardo.dir/C_/Program_Files/Raspberry_Pi/Pico_SDK_v1.5.1/pico-sdk/src/rp2_common/pico_stdio_usb/stdio_usb.c.obj
 .text.stdio_usb_init
                0x10004cd0       0xf8 CMakeFiles/MacroBardo.dir/C_/Program_Files/Raspberry_Pi/Pico_SDK_v1.5.1/pico-sdk/src/rp2_common/pico_stdio_usb/stdio_usb.c.obj
                0x10004cd0                stdio_usb_init
 .text._retrieve_unique_id_on_boot
                0x10004dc8       0x10 CMakeFiles/MacroBardo.dir/C_/Program_Files/Raspberry_Pi/Pico_SDK_v1.5.1/pico-sdk/src/rp2_common/pico_unique_id/unique_id.c.obj
 .text.flash_get_unique_id
                0x10004dd8       0x46 CMakeFiles/MacroBardo.dir/C_/Program_Files/Raspberry_Pi/Pico_SDK_v1.5.1/pico-sdk/src/rp2_common/hardware_flash/flash.c.obj
                0x10004dd8                flash_get_unique_id
 *fill*         0x10004e1e        0x2 
 .text.hw_endpoint_get_by_addr
                0x10004e20       0x18 CMakeFiles/MacroBardo.dir/C_/Program_Files/Raspberry_Pi/Pico_SDK_v1.5.1/pico-sdk/lib/tinyusb/src/portable/raspberrypi/rp2040/dcd_rp2040.c.obj
 .text._hw_endpoint_alloc
                0x10004e38       0x70 CMakeFiles/MacroBardo.dir/C_/Program_Files/Raspberry_Pi/Pico_SDK_v1.5.1/pico-sdk/lib/tinyusb/src/portable/raspberrypi/rp2040/dcd_rp2040.c.obj
 .text.hw_endpoint_init
                0x10004ea8       0x88 CMakeFiles/MacroBardo.dir/C_/Program_Files/Raspberry_Pi/Pico_SDK_v1.5.1/pico-sdk/lib/tinyusb/src/portable/raspberrypi/rp2040/dcd_rp2040.c.obj
 .text.hw_endpoint_xfer
                0x10004f30       0x14 CMakeFiles/MacroBardo.dir/C_/Program_Files/Raspberry_Pi/Pico_SDK_v1.5.1/pico-sdk/lib/tinyusb/src/portable/raspberrypi/rp2040/dcd_rp2040.c.obj
 .text.dcd_set_address
                0x10004f44       0x2c CMakeFiles/MacroBardo.dir/C_/Program_Files/Raspberry_Pi/Pico_SDK_v1.5.1/pico-sdk/lib/tinyusb/src/portable/raspberrypi/rp2040/dcd_rp2040.c.obj
                0x10004f44                dcd_set_address
 .text.dcd_edpt0_status_complete
                0x10004f70       0x1c CMakeFiles/MacroBardo.dir/C_/Program_Files/Raspberry_Pi/Pico_SDK_v1.5.1/pico-sdk/lib/tinyusb/src/portable/raspberrypi/rp2040/dcd_rp2040.c.obj
                0x10004f70                dcd_edpt0_status_complete
 .text.dcd_edpt_open
                0x10004f8c       0x40 CMakeFiles/MacroBardo.dir/C_/Program_Files/Raspberry_Pi/Pico_SDK_v1.5.1/pico-sdk/lib/tinyusb/src/portable/raspberrypi/rp2040/dcd_rp2040.c.obj
                0x10004f8c                dcd_edpt_open
 .text.dcd_edpt_close_all
                0x10004fcc        0x8 CMakeFiles/MacroBardo.dir/C_/Program_Files/Raspberry_Pi/Pico_SDK_v1.5.1/pico-sdk/lib/tinyusb/src/portable/raspberrypi/rp2040/dcd_rp2040.c.obj
                0x10004fcc                dcd_edpt_close_all
 .text.dcd_edpt_xfer
                0x10004fd4       0x34 CMakeFiles/MacroBardo.dir/C_/Program_Files/Raspberry_Pi/Pico_SDK_v1.5.1/pico-sdk/lib/tinyusb/src/portable/raspberrypi/rp2040/dcd_rp2040.c.obj
                0x10004fd4                dcd_edpt_xfer
 .text.dcd_edpt_stall
                0x10005008       0x2c CMakeFiles/MacroBardo.dir/C_/Program_Files/Raspberry_Pi/Pico_SDK_v1.5.1/pico-sdk/lib/tinyusb/src/portable/raspberrypi/rp2040/dcd_rp2040.c.obj
                0x10005008                dcd_edpt_stall
 .text.dcd_edpt_clear_stall
                0x10005034       0x20 CMakeFiles/MacroBardo.dir/C_/Program_Files/Raspberry_Pi/Pico_SDK_v1.5.1/pico-sdk/lib/tinyusb/src/portable/raspberrypi/rp2040/dcd_rp2040.c.obj
                0x10005034                dcd_edpt_clear_stall
 .text.hw_endpoint_xfer_start
                0x10005054       0x50 CMakeFiles/MacroBardo.dir/C_/Program_Files/Raspberry_Pi/Pico_SDK_v1.5.1/pico-sdk/lib/tinyusb/src/portable/raspberrypi/rp2040/rp2040_usb.c.obj
                0x10005054                hw_endpoint_xfer_start
 .text.configuration_reset
                0x100050a4       0x88 CMakeFiles/MacroBardo.dir/C_/Program_Files/Raspberry_Pi/Pico_SDK_v1.5.1/pico-sdk/lib/tinyusb/src/device/usbd.c.obj
 .text.usbd_reset
                0x1000512c        0xc CMakeFiles/MacroBardo.dir/C_/Program_Files/Raspberry_Pi/Pico_SDK_v1.5.1/pico-sdk/lib/tinyusb/src/device/usbd.c.obj
 .text.invoke_class_control
                0x10005138       0x1a CMakeFiles/MacroBardo.dir/C_/Program_Files/Raspberry_Pi/Pico_SDK_v1.5.1/pico-sdk/lib/tinyusb/src/device/usbd.c.obj
 *fill*         0x10005152        0x2 
 .text.process_set_config
                0x10005154      0x188 CMakeFiles/MacroBardo.dir/C_/Program_Files/Raspberry_Pi/Pico_SDK_v1.5.1/pico-sdk/lib/tinyusb/src/device/usbd.c.obj
 .text.process_get_descriptor
                0x100052dc       0xdc CMakeFiles/MacroBardo.dir/C_/Program_Files/Raspberry_Pi/Pico_SDK_v1.5.1/pico-sdk/lib/tinyusb/src/device/usbd.c.obj
 .text.tud_mounted
                0x100053b8       0x10 CMakeFiles/MacroBardo.dir/C_/Program_Files/Raspberry_Pi/Pico_SDK_v1.5.1/pico-sdk/lib/tinyusb/src/device/usbd.c.obj
                0x100053b8                tud_mounted
 .text.tud_suspended
                0x100053c8       0x10 CMakeFiles/MacroBardo.dir/C_/Program_Files/Raspberry_Pi/Pico_SDK_v1.5.1/pico-sdk/lib/tinyusb/src/device/usbd.c.obj
                0x100053c8                tud_suspended
 .text.tud_inited
                0x100053d8       0x14 CMakeFiles/MacroBardo.dir/C_/Program_Files/Raspberry_Pi/Pico_SDK_v1.5.1/pico-sdk/lib/tinyusb/src/device/usbd.c.obj
                0x100053d8                tud_inited
 .text.usbd_defer_func
                0x100053ec       0x2a CMakeFiles/MacroBardo.dir/C_/Program_Files/Raspberry_Pi/Pico_SDK_v1.5.1/pico-sdk/lib/tinyusb/src/device/usbd.c.obj
                0x100053ec                usbd_defer_func
 *fill*         0x10005416        0x2 
 .text.usbd_edpt_open
                0x10005418       0x34 CMakeFiles/MacroBardo.dir/C_/Program_Files/Raspberry_Pi/Pico_SDK_v1.5.1/pico-sdk/lib/tinyusb/src/device/usbd.c.obj
                0x10005418                usbd_edpt_open
 .text.usbd_open_edpt_pair
                0x1000544c       0x62 CMakeFiles/MacroBardo.dir/C_/Program_Files/Raspberry_Pi/Pico_SDK_v1.5.1/pico-sdk/lib/tinyusb/src/device/usbd.c.obj
                0x1000544c                usbd_open_edpt_pair
 *fill*         0x100054ae        0x2 
 .text.usbd_edpt_claim
                0x100054b0       0x28 CMakeFiles/MacroBardo.dir/C_/Program_Files/Raspberry_Pi/Pico_SDK_v1.5.1/pico-sdk/lib/tinyusb/src/device/usbd.c.obj
                0x100054b0                usbd_edpt_claim
 .text.usbd_edpt_release
                0x100054d8       0x28 CMakeFiles/MacroBardo.dir/C_/Program_Files/Raspberry_Pi/Pico_SDK_v1.5.1/pico-sdk/lib/tinyusb/src/device/usbd.c.obj
                0x100054d8                usbd_edpt_release
 .text.usbd_edpt_xfer
                0x10005500       0x78 CMakeFiles/MacroBardo.dir/C_/Program_Files/Raspberry_Pi/Pico_SDK_v1.5.1/pico-sdk/lib/tinyusb/src/device/usbd.c.obj
                0x10005500                usbd_edpt_xfer
 .text.usbd_edpt_stall
                0x10005578       0x48 CMakeFiles/MacroBardo.dir/C_/Program_Files/Raspberry_Pi/Pico_SDK_v1.5.1/pico-sdk/lib/tinyusb/src/device/usbd.c.obj
                0x10005578                usbd_edpt_stall
 .text.usbd_edpt_clear_stall
                0x100055c0       0x48 CMakeFiles/MacroBardo.dir/C_/Program_Files/Raspberry_Pi/Pico_SDK_v1.5.1/pico-sdk/lib/tinyusb/src/device/usbd.c.obj
                0x100055c0                usbd_edpt_clear_stall
 .text.usbd_edpt_stalled
                0x10005608       0x1c CMakeFiles/MacroBardo.dir/C_/Program_Files/Raspberry_Pi/Pico_SDK_v1.5.1/pico-sdk/lib/tinyusb/src/device/usbd.c.obj
                0x10005608                usbd_edpt_stalled
 .text.process_control_request
                0x10005624      0x378 CMakeFiles/MacroBardo.dir/C_/Program_Files/Raspberry_Pi/Pico_SDK_v1.5.1/pico-sdk/lib/tinyusb/src/device/usbd.c.obj
 .text.tud_task_ext
                0x1000599c      0x1b8 CMakeFiles/MacroBardo.dir/C_/Program_Files/Raspberry_Pi/Pico_SDK_v1.5.1/pico-sdk/lib/tinyusb/src/device/usbd.c.obj
                0x1000599c                tud_task_ext
 .text._data_stage_xact
                0x10005b54       0x58 CMakeFiles/MacroBardo.dir/C_/Program_Files/Raspberry_Pi/Pico_SDK_v1.5.1/pico-sdk/lib/tinyusb/src/device/usbd_control.c.obj
 .text.tud_control_status
                0x10005bac       0x38 CMakeFiles/MacroBardo.dir/C_/Program_Files/Raspberry_Pi/Pico_SDK_v1.5.1/pico-sdk/lib/tinyusb/src/device/usbd_control.c.obj
                0x10005bac                tud_control_status
 .text.tud_control_xfer
                0x10005be4       0x74 CMakeFiles/MacroBardo.dir/C_/Program_Files/Raspberry_Pi/Pico_SDK_v1.5.1/pico-sdk/lib/tinyusb/src/device/usbd_control.c.obj
                0x10005be4                tud_control_xfer
 .text.usbd_control_reset
                0x10005c58       0x14 CMakeFiles/MacroBardo.dir/C_/Program_Files/Raspberry_Pi/Pico_SDK_v1.5.1/pico-sdk/lib/tinyusb/src/device/usbd_control.c.obj
                0x10005c58                usbd_control_reset
 .text.usbd_control_set_complete_callback
                0x10005c6c        0xc CMakeFiles/MacroBardo.dir/C_/Program_Files/Raspberry_Pi/Pico_SDK_v1.5.1/pico-sdk/lib/tinyusb/src/device/usbd_control.c.obj
                0x10005c6c                usbd_control_set_complete_callback
 .text.usbd_control_set_request
                0x10005c78       0x1c CMakeFiles/MacroBardo.dir/C_/Program_Files/Raspberry_Pi/Pico_SDK_v1.5.1/pico-sdk/lib/tinyusb/src/device/usbd_control.c.obj
                0x10005c78                usbd_control_set_request
 .text.usbd_control_xfer_cb
                0x10005c94       0xcc CMakeFiles/MacroBardo.dir/C_/Program_Files/Raspberry_Pi/Pico_SDK_v1.5.1/pico-sdk/lib/tinyusb/src/device/usbd_control.c.obj
                0x10005c94                usbd_control_xfer_cb
 .text._prep_out_transaction
                0x10005d60       0x48 CMakeFiles/MacroBardo.dir/C_/Program_Files/Raspberry_Pi/Pico_SDK_v1.5.1/pico-sdk/lib/tinyusb/src/class/cdc/cdc_device.c.obj
 .text.tud_cdc_n_connected
                0x10005da8       0x48 CMakeFiles/MacroBardo.dir/C_/Program_Files/Raspberry_Pi/Pico_SDK_v1.5.1/pico-sdk/lib/tinyusb/src/class/cdc/cdc_device.c.obj
                0x10005da8                tud_cdc_n_connected
 .text.tud_cdc_n_available
                0x10005df0       0x20 CMakeFiles/MacroBardo.dir/C_/Program_Files/Raspberry_Pi/Pico_SDK_v1.5.1/pico-sdk/lib/tinyusb/src/class/cdc/cdc_device.c.obj
                0x10005df0                tud_cdc_n_available
 .text.tud_cdc_n_read
                0x10005e10       0x30 CMakeFiles/MacroBardo.dir/C_/Program_Files/Raspberry_Pi/Pico_SDK_v1.5.1/pico-sdk/lib/tinyusb/src/class/cdc/cdc_device.c.obj
                0x10005e10                tud_cdc_n_read
 .text.tud_cdc_n_write_flush
                0x10005e40       0xc8 CMakeFiles/MacroBardo.dir/C_/Program_Files/Raspberry_Pi/Pico_SDK_v1.5.1/pico-sdk/lib/tinyusb/src/class/cdc/cdc_device.c.obj
                0x10005e40                tud_cdc_n_write_flush
 .text.tud_cdc_n_write
                0x10005f08       0x3c CMakeFiles/MacroBardo.dir/C_/Program_Files/Raspberry_Pi/Pico_SDK_v1.5.1/pico-sdk/lib/tinyusb/src/class/cdc/cdc_device.c.obj
                0x10005f08                tud_cdc_n_write
 .text.tud_cdc_n_write_available
                0x10005f44       0x20 CMakeFiles/MacroBardo.dir/C_/Program_Files/Raspberry_Pi/Pico_SDK_v1.5.1/pico-sdk/lib/tinyusb/src/class/cdc/cdc_device.c.obj
                0x10005f44                tud_cdc_n_write_available
 .text.cdcd_init
                0x10005f64       0xc0 CMakeFiles/MacroBardo.dir/C_/Program_Files/Raspberry_Pi/Pico_SDK_v1.5.1/pico-sdk/lib/tinyusb/src/class/cdc/cdc_device.c.obj
                0x10005f64                cdcd_init
 .text.cdcd_reset
                0x10006024       0x50 CMakeFiles/MacroBardo.dir/C_/Program_Files/Raspberry_Pi/Pico_SDK_v1.5.1/pico-sdk/lib/tinyusb/src/class/cdc/cdc_device.c.obj
                0x10006024                cdcd_reset
 .text.cdcd_open
                0x10006074       0xd8 CMakeFiles/MacroBardo.dir/C_/Program_Files/Raspberry_Pi/Pico_SDK_v1.5.1/pico-sdk/lib/tinyusb/src/class/cdc/cdc_device.c.obj
                0x10006074                cdcd_open
 .text.cdcd_control_xfer_cb
                0x1000614c      0x130 CMakeFiles/MacroBardo.dir/C_/Program_Files/Raspberry_Pi/Pico_SDK_v1.5.1/pico-sdk/lib/tinyusb/src/class/cdc/cdc_device.c.obj
                0x1000614c                cdcd_control_xfer_cb
 .text.cdcd_xfer_cb
                0x1000627c      0x12c CMakeFiles/MacroBardo.dir/C_/Program_Files/Raspberry_Pi/Pico_SDK_v1.5.1/pico-sdk/lib/tinyusb/src/class/cdc/cdc_device.c.obj
                0x1000627c                cdcd_xfer_cb
 .text.tud_hid_n_report
                0x100063a8       0x84 CMakeFiles/MacroBardo.dir/C_/Program_Files/Raspberry_Pi/Pico_SDK_v1.5.1/pico-sdk/lib/tinyusb/src/class/hid/hid_device.c.obj
                0x100063a8                tud_hid_n_report
 .text.tud_hid_n_keyboard_report
                0x1000642c       0x40 CMakeFiles/MacroBardo.dir/C_/Program_Files/Raspberry_Pi/Pico_SDK_v1.5.1/pico-sdk/lib/tinyusb/src/class/hid/hid_device.c.obj
                0x1000642c                tud_hid_n_keyboard_report
 .text.hidd_reset
                0x1000646c       0x14 CMakeFiles/MacroBardo.dir/C_/Program_Files/Raspberry_Pi/Pico_SDK_v1.5.1/pico-sdk/lib/tinyusb/src/class/hid/hid_device.c.obj
                0x1000646c                hidd_reset
 .text.hidd_init
                0x10006480        0xa CMakeFiles/MacroBardo.dir/C_/Program_Files/Raspberry_Pi/Pico_SDK_v1.5.1/pico-sdk/lib/tinyusb/src/class/hid/hid_device.c.obj
                0x10006480                hidd_init
 *fill*         0x1000648a        0x2 
 .text.hidd_open
                0x1000648c       0xc0 CMakeFiles/MacroBardo.dir/C_/Program_Files/Raspberry_Pi/Pico_SDK_v1.5.1/pico-sdk/lib/tinyusb/src/class/hid/hid_device.c.obj
                0x1000648c                hidd_open
 .text.hidd_control_xfer_cb
                0x1000654c      0x278 CMakeFiles/MacroBardo.dir/C_/Program_Files/Raspberry_Pi/Pico_SDK_v1.5.1/pico-sdk/lib/tinyusb/src/class/hid/hid_device.c.obj
                0x1000654c                hidd_control_xfer_cb
 .text.hidd_xfer_cb
                0x100067c4       0x84 CMakeFiles/MacroBardo.dir/C_/Program_Files/Raspberry_Pi/Pico_SDK_v1.5.1/pico-sdk/lib/tinyusb/src/class/hid/hid_device.c.obj
                0x100067c4                hidd_xfer_cb
 .text.tusb_init
                0x10006848        0x4 CMakeFiles/MacroBardo.dir/C_/Program_Files/Raspberry_Pi/Pico_SDK_v1.5.1/pico-sdk/lib/tinyusb/src/tusb.c.obj
                0x10006848                tusb_init
 .text.tusb_inited
                0x1000684c        0xe CMakeFiles/MacroBardo.dir/C_/Program_Files/Raspberry_Pi/Pico_SDK_v1.5.1/pico-sdk/lib/tinyusb/src/tusb.c.obj
                0x1000684c                tusb_inited
 .text.tu_edpt_claim
                0x1000685a       0x50 CMakeFiles/MacroBardo.dir/C_/Program_Files/Raspberry_Pi/Pico_SDK_v1.5.1/pico-sdk/lib/tinyusb/src/tusb.c.obj
                0x1000685a                tu_edpt_claim
 .text.tu_edpt_release
                0x100068aa       0x3c CMakeFiles/MacroBardo.dir/C_/Program_Files/Raspberry_Pi/Pico_SDK_v1.5.1/pico-sdk/lib/tinyusb/src/tusb.c.obj
                0x100068aa                tu_edpt_release
 *fill*         0x100068e6        0x2 
 .text.tu_edpt_validate
                0x100068e8       0x78 CMakeFiles/MacroBardo.dir/C_/Program_Files/Raspberry_Pi/Pico_SDK_v1.5.1/pico-sdk/lib/tinyusb/src/tusb.c.obj
                0x100068e8                tu_edpt_validate
 .text.tu_edpt_bind_driver
                0x10006960       0x26 CMakeFiles/MacroBardo.dir/C_/Program_Files/Raspberry_Pi/Pico_SDK_v1.5.1/pico-sdk/lib/tinyusb/src/tusb.c.obj
                0x10006960                tu_edpt_bind_driver
 .text.advance_index
                0x10006986       0x1a CMakeFiles/MacroBardo.dir/C_/Program_Files/Raspberry_Pi/Pico_SDK_v1.5.1/pico-sdk/lib/tinyusb/src/common/tusb_fifo.c.obj
 .text._tu_fifo_peek
                0x100069a0       0x56 CMakeFiles/MacroBardo.dir/C_/Program_Files/Raspberry_Pi/Pico_SDK_v1.5.1/pico-sdk/lib/tinyusb/src/common/tusb_fifo.c.obj
 .text._ff_pull_const_addr
                0x100069f6       0x4c CMakeFiles/MacroBardo.dir/C_/Program_Files/Raspberry_Pi/Pico_SDK_v1.5.1/pico-sdk/lib/tinyusb/src/common/tusb_fifo.c.obj
 .text._ff_pull_n
                0x10006a42      0x110 CMakeFiles/MacroBardo.dir/C_/Program_Files/Raspberry_Pi/Pico_SDK_v1.5.1/pico-sdk/lib/tinyusb/src/common/tusb_fifo.c.obj
 .text._tu_fifo_peek_n
                0x10006b52       0x6a CMakeFiles/MacroBardo.dir/C_/Program_Files/Raspberry_Pi/Pico_SDK_v1.5.1/pico-sdk/lib/tinyusb/src/common/tusb_fifo.c.obj
 .text._tu_fifo_read_n
                0x10006bbc       0x4e CMakeFiles/MacroBardo.dir/C_/Program_Files/Raspberry_Pi/Pico_SDK_v1.5.1/pico-sdk/lib/tinyusb/src/common/tusb_fifo.c.obj
 .text._ff_push_const_addr
                0x10006c0a       0x40 CMakeFiles/MacroBardo.dir/C_/Program_Files/Raspberry_Pi/Pico_SDK_v1.5.1/pico-sdk/lib/tinyusb/src/common/tusb_fifo.c.obj
 .text._ff_push_n
                0x10006c4a      0x10c CMakeFiles/MacroBardo.dir/C_/Program_Files/Raspberry_Pi/Pico_SDK_v1.5.1/pico-sdk/lib/tinyusb/src/common/tusb_fifo.c.obj
 .text._tu_fifo_write_n
                0x10006d56       0xf0 CMakeFiles/MacroBardo.dir/C_/Program_Files/Raspberry_Pi/Pico_SDK_v1.5.1/pico-sdk/lib/tinyusb/src/common/tusb_fifo.c.obj
 .text.tu_fifo_config
                0x10006e46       0x7c CMakeFiles/MacroBardo.dir/C_/Program_Files/Raspberry_Pi/Pico_SDK_v1.5.1/pico-sdk/lib/tinyusb/src/common/tusb_fifo.c.obj
                0x10006e46                tu_fifo_config
 .text.tu_fifo_count
                0x10006ec2       0x2a CMakeFiles/MacroBardo.dir/C_/Program_Files/Raspberry_Pi/Pico_SDK_v1.5.1/pico-sdk/lib/tinyusb/src/common/tusb_fifo.c.obj
                0x10006ec2                tu_fifo_count
 .text.tu_fifo_empty
                0x10006eec       0x10 CMakeFiles/MacroBardo.dir/C_/Program_Files/Raspberry_Pi/Pico_SDK_v1.5.1/pico-sdk/lib/tinyusb/src/common/tusb_fifo.c.obj
                0x10006eec                tu_fifo_empty
 .text.tu_fifo_full
                0x10006efc       0x28 CMakeFiles/MacroBardo.dir/C_/Program_Files/Raspberry_Pi/Pico_SDK_v1.5.1/pico-sdk/lib/tinyusb/src/common/tusb_fifo.c.obj
                0x10006efc                tu_fifo_full
 .text.tu_fifo_remaining
                0x10006f24       0x2c CMakeFiles/MacroBardo.dir/C_/Program_Files/Raspberry_Pi/Pico_SDK_v1.5.1/pico-sdk/lib/tinyusb/src/common/tusb_fifo.c.obj
                0x10006f24                tu_fifo_remaining
 .text.tu_fifo_read
                0x10006f50       0x42 CMakeFiles/MacroBardo.dir/C_/Program_Files/Raspberry_Pi/Pico_SDK_v1.5.1/pico-sdk/lib/tinyusb/src/common/tusb_fifo.c.obj
                0x10006f50                tu_fifo_read
 .text.tu_fifo_read_n
                0x10006f92        0xa CMakeFiles/MacroBardo.dir/C_/Program_Files/Raspberry_Pi/Pico_SDK_v1.5.1/pico-sdk/lib/tinyusb/src/common/tusb_fifo.c.obj
                0x10006f92                tu_fifo_read_n
 .text.tu_fifo_write
                0x10006f9c       0x64 CMakeFiles/MacroBardo.dir/C_/Program_Files/Raspberry_Pi/Pico_SDK_v1.5.1/pico-sdk/lib/tinyusb/src/common/tusb_fifo.c.obj
                0x10006f9c                tu_fifo_write
 .text.tu_fifo_write_n
                0x10007000        0xa CMakeFiles/MacroBardo.dir/C_/Program_Files/Raspberry_Pi/Pico_SDK_v1.5.1/pico-sdk/lib/tinyusb/src/common/tusb_fifo.c.obj
                0x10007000                tu_fifo_write_n
 .text.tu_fifo_clear
                0x1000700a       0x3e CMakeFiles/MacroBardo.dir/C_/Program_Files/Raspberry_Pi/Pico_SDK_v1.5.1/pico-sdk/lib/tinyusb/src/common/tusb_fifo.c.obj
                0x1000700a                tu_fifo_clear
 .text.tu_fifo_set_overwritable
                0x10007048       0x46 CMakeFiles/MacroBardo.dir/C_/Program_Files/Raspberry_Pi/Pico_SDK_v1.5.1/pico-sdk/lib/tinyusb/src/common/tusb_fifo.c.obj
                0x10007048                tu_fifo_set_overwritable
 .text.spi_set_baudrate
                0x1000708e       0xcc CMakeFiles/MacroBardo.dir/C_/Program_Files/Raspberry_Pi/Pico_SDK_v1.5.1/pico-sdk/src/rp2_common/hardware_spi/spi.c.obj
                0x1000708e                spi_set_baudrate
 *fill*         0x1000715a        0x2 
 .text.spi_init
                0x1000715c       0x74 CMakeFiles/MacroBardo.dir/C_/Program_Files/Raspberry_Pi/Pico_SDK_v1.5.1/pico-sdk/src/rp2_common/hardware_spi/spi.c.obj
                0x1000715c                spi_init
 .text.board_init
                0x100071d0       0x14 CMakeFiles/MacroBardo.dir/C_/Program_Files/Raspberry_Pi/Pico_SDK_v1.5.1/pico-sdk/lib/tinyusb/hw/bsp/rp2040/family.c.obj
                0x100071d0                board_init
 .text.EPD_2IN9_V2_Reset
                0x100071e4       0x34 WaveshareLib/e-Paper/libePaper.a(EPD_2in9_V2.c.obj)
 .text.EPD_2IN9_V2_SendCommand
                0x10007218       0x30 WaveshareLib/e-Paper/libePaper.a(EPD_2in9_V2.c.obj)
 .text.EPD_2IN9_V2_SendData
                0x10007248       0x30 WaveshareLib/e-Paper/libePaper.a(EPD_2in9_V2.c.obj)
 .text.EPD_2IN9_V2_SetWindows
                0x10007278       0x40 WaveshareLib/e-Paper/libePaper.a(EPD_2in9_V2.c.obj)
 .text.EPD_2IN9_V2_SetCursor
                0x100072b8       0x26 WaveshareLib/e-Paper/libePaper.a(EPD_2in9_V2.c.obj)
 *fill*         0x100072de        0x2 
 .text.EPD_2IN9_V2_ReadBusy
                0x100072e0       0x24 WaveshareLib/e-Paper/libePaper.a(EPD_2in9_V2.c.obj)
                0x100072e0                EPD_2IN9_V2_ReadBusy
 .text.EPD_2IN9_V2_LUT
                0x10007304       0x22 WaveshareLib/e-Paper/libePaper.a(EPD_2in9_V2.c.obj)
 .text.EPD_2IN9_V2_LUT_by_host
                0x10007326       0x52 WaveshareLib/e-Paper/libePaper.a(EPD_2in9_V2.c.obj)
 .text.EPD_2IN9_V2_TurnOnDisplay
                0x10007378       0x1a WaveshareLib/e-Paper/libePaper.a(EPD_2in9_V2.c.obj)
 *fill*         0x10007392        0x2 
 .text.EPD_2IN9_V2_Init
                0x10007394       0x78 WaveshareLib/e-Paper/libePaper.a(EPD_2in9_V2.c.obj)
                0x10007394                EPD_2IN9_V2_Init
 .text.EPD_2IN9_V2_Clear
                0x1000740c       0x40 WaveshareLib/e-Paper/libePaper.a(EPD_2in9_V2.c.obj)
                0x1000740c                EPD_2IN9_V2_Clear
 .text.EPD_2IN9_V2_Display
                0x1000744c       0x26 WaveshareLib/e-Paper/libePaper.a(EPD_2in9_V2.c.obj)
                0x1000744c                EPD_2IN9_V2_Display
 .text.EPD_2IN9_V2_Sleep
                0x10007472       0x16 WaveshareLib/e-Paper/libePaper.a(EPD_2in9_V2.c.obj)
                0x10007472                EPD_2IN9_V2_Sleep
 .text.Paint_NewImage
                0x10007488       0x4c WaveshareLib/GUI/libGUI.a(GUI_Paint.c.obj)
                0x10007488                Paint_NewImage
 .text.Paint_SetScale
                0x100074d4       0x58 WaveshareLib/GUI/libGUI.a(GUI_Paint.c.obj)
                0x100074d4                Paint_SetScale
 .text.Paint_SetPixel
                0x1000752c      0x154 WaveshareLib/GUI/libGUI.a(GUI_Paint.c.obj)
                0x1000752c                Paint_SetPixel
 .text.Paint_Clear
                0x10007680       0x74 WaveshareLib/GUI/libGUI.a(GUI_Paint.c.obj)
                0x10007680                Paint_Clear
 .text.Paint_DrawPoint
                0x100076f4       0xc8 WaveshareLib/GUI/libGUI.a(GUI_Paint.c.obj)
                0x100076f4                Paint_DrawPoint
 .text.Paint_DrawLine
                0x100077bc      0x10c WaveshareLib/GUI/libGUI.a(GUI_Paint.c.obj)
                0x100077bc                Paint_DrawLine
 .text.Paint_DrawChar
                0x100078c8       0xe4 WaveshareLib/GUI/libGUI.a(GUI_Paint.c.obj)
                0x100078c8                Paint_DrawChar
 .text.Paint_DrawString_EN
                0x100079ac       0x88 WaveshareLib/GUI/libGUI.a(GUI_Paint.c.obj)
                0x100079ac                Paint_DrawString_EN
 .text.DEV_Digital_Write
                0x10007a34       0x18 WaveshareLib/Config/libConfig.a(DEV_Config.c.obj)
                0x10007a34                DEV_Digital_Write
 .text.DEV_Digital_Read
                0x10007a4c        0xe WaveshareLib/Config/libConfig.a(DEV_Config.c.obj)
                0x10007a4c                DEV_Digital_Read
 *fill*         0x10007a5a        0x2 
 .text.DEV_SPI_WriteByte
                0x10007a5c       0x1c WaveshareLib/Config/libConfig.a(DEV_Config.c.obj)
                0x10007a5c                DEV_SPI_WriteByte
 .text.DEV_GPIO_Mode
                0x10007a78       0x26 WaveshareLib/Config/libConfig.a(DEV_Config.c.obj)
                0x10007a78                DEV_GPIO_Mode
 .text.DEV_Delay_ms
                0x10007a9e        0x8 WaveshareLib/Config/libConfig.a(DEV_Config.c.obj)
                0x10007a9e                DEV_Delay_ms
 *fill*         0x10007aa6        0x2 
 .text.DEV_GPIO_Init
                0x10007aa8       0x68 WaveshareLib/Config/libConfig.a(DEV_Config.c.obj)
                0x10007aa8                DEV_GPIO_Init
 .text.DEV_Module_Init
                0x10007b10       0x44 WaveshareLib/Config/libConfig.a(DEV_Config.c.obj)
                0x10007b10                DEV_Module_Init
 .text.malloc   0x10007b54       0x14 c:/progra~1/raspbe~1/picosd~1.1/gcc-ar~1/bin/../lib/gcc/arm-none-eabi/10.3.1/../../../../arm-none-eabi/lib/thumb/v6-m/nofp\libg.a(lib_a-malloc.o)
                0x10007b54                malloc
 .text.free     0x10007b68       0x14 c:/progra~1/raspbe~1/picosd~1.1/gcc-ar~1/bin/../lib/gcc/arm-none-eabi/10.3.1/../../../../arm-none-eabi/lib/thumb/v6-m/nofp\libg.a(lib_a-malloc.o)
                0x10007b68                free
 .text._malloc_r
                0x10007b7c      0x584 c:/progra~1/raspbe~1/picosd~1.1/gcc-ar~1/bin/../lib/gcc/arm-none-eabi/10.3.1/../../../../arm-none-eabi/lib/thumb/v6-m/nofp\libg.a(lib_a-mallocr.o)
                0x10007b7c                _malloc_r
 .text.__malloc_lock
                0x10008100       0x10 c:/progra~1/raspbe~1/picosd~1.1/gcc-ar~1/bin/../lib/gcc/arm-none-eabi/10.3.1/../../../../arm-none-eabi/lib/thumb/v6-m/nofp\libg.a(lib_a-mlock.o)
                0x10008100                __malloc_lock
 .text.__malloc_unlock
                0x10008110       0x10 c:/progra~1/raspbe~1/picosd~1.1/gcc-ar~1/bin/../lib/gcc/arm-none-eabi/10.3.1/../../../../arm-none-eabi/lib/thumb/v6-m/nofp\libg.a(lib_a-mlock.o)
                0x10008110                __malloc_unlock
 .text._sbrk_r  0x10008120       0x24 c:/progra~1/raspbe~1/picosd~1.1/gcc-ar~1/bin/../lib/gcc/arm-none-eabi/10.3.1/../../../../arm-none-eabi/lib/thumb/v6-m/nofp\libg.a(lib_a-sbrkr.o)
                0x10008120                _sbrk_r
 .text.strlen   0x10008144       0x5c c:/progra~1/raspbe~1/picosd~1.1/gcc-ar~1/bin/../lib/gcc/arm-none-eabi/10.3.1/../../../../arm-none-eabi/lib/thumb/v6-m/nofp\libg.a(lib_a-strlen-stub.o)
                0x10008144                strlen
 .text._malloc_trim_r
                0x100081a0       0x9c c:/progra~1/raspbe~1/picosd~1.1/gcc-ar~1/bin/../lib/gcc/arm-none-eabi/10.3.1/../../../../arm-none-eabi/lib/thumb/v6-m/nofp\libg.a(lib_a-freer.o)
                0x100081a0                _malloc_trim_r
 .text._free_r  0x1000823c      0x1c4 c:/progra~1/raspbe~1/picosd~1.1/gcc-ar~1/bin/../lib/gcc/arm-none-eabi/10.3.1/../../../../arm-none-eabi/lib/thumb/v6-m/nofp\libg.a(lib_a-freer.o)
                0x1000823c                _free_r
 .text.__retarget_lock_acquire_recursive
                0x10008400        0x4 c:/progra~1/raspbe~1/picosd~1.1/gcc-ar~1/bin/../lib/gcc/arm-none-eabi/10.3.1/../../../../arm-none-eabi/lib/thumb/v6-m/nofp\libg.a(lib_a-lock.o)
                0x10008400                __retarget_lock_acquire_recursive
 .text.__retarget_lock_release_recursive
                0x10008404        0x4 c:/progra~1/raspbe~1/picosd~1.1/gcc-ar~1/bin/../lib/gcc/arm-none-eabi/10.3.1/../../../../arm-none-eabi/lib/thumb/v6-m/nofp\libg.a(lib_a-lock.o)
                0x10008404                __retarget_lock_release_recursive
 *(.fini)
 .fini          0x10008408        0x4 c:/progra~1/raspbe~1/picosd~1.1/gcc-ar~1/bin/../lib/gcc/arm-none-eabi/10.3.1/thumb/v6-m/nofp/crti.o
                0x10008408                _fini
 *fill*         0x1000840c        0x4 
 .fini.__stub   0x10008410       0xf0 linker stubs
 *crtbegin.o(.ctors)
 *crtbegin?.o(.ctors)
 *(EXCLUDE_FILE(*crtend.o *crtend?.o) .ctors)
 *(SORT_BY_NAME(.ctors.*))
 *(.ctors)
 *crtbegin.o(.dtors)
 *crtbegin?.o(.dtors)
 *(EXCLUDE_FILE(*crtend.o *crtend?.o) .dtors)
 *(SORT_BY_NAME(.dtors.*))
 *(.dtors)
 *(.eh_frame*)
 .eh_frame      0x10008500        0x0 c:/progra~1/raspbe~1/picosd~1.1/gcc-ar~1/bin/../lib/gcc/arm-none-eabi/10.3.1/thumb/v6-m/nofp/crtbegin.o
                0x10008500                . = ALIGN (0x4)

.glue_7         0x10008500        0x0
 .glue_7        0x10008500        0x0 linker stubs

.glue_7t        0x10008500        0x0
 .glue_7t       0x10008500        0x0 linker stubs

.vfp11_veneer   0x10008500        0x0
 .vfp11_veneer  0x10008500        0x0 linker stubs

.v4_bx          0x10008500        0x0
 .v4_bx         0x10008500        0x0 linker stubs

.iplt           0x10008500        0x0
 .iplt          0x10008500        0x0 c:/progra~1/raspbe~1/picosd~1.1/gcc-ar~1/bin/../lib/gcc/arm-none-eabi/10.3.1/thumb/v6-m/nofp/crtbegin.o

.rodata         0x10008500     0x23b0
 *(EXCLUDE_FILE(*libm.a: *libc.a:*lib_a-mem*.o *libgcc.a:) .rodata*)
 .rodata.encoder_action.str1.4
                0x10008500        0x8 CMakeFiles/MacroBardo.dir/main.c.obj
 .rodata.draw_interface.str1.4
                0x10008508       0x25 CMakeFiles/MacroBardo.dir/main.c.obj
 *fill*         0x1000852d        0x3 
 .rodata.init_display.str1.4
                0x10008530       0x3b CMakeFiles/MacroBardo.dir/main.c.obj
 *fill*         0x1000856b        0x1 
 .rodata.str1.4
                0x1000856c       0x30 CMakeFiles/MacroBardo.dir/main.c.obj
 .rodata.BUTTON_PINS
                0x1000859c       0x28 CMakeFiles/MacroBardo.dir/main.c.obj
                0x1000859c                BUTTON_PINS
 .rodata.str1.4
                0x100085c4       0x37 CMakeFiles/MacroBardo.dir/usb_descriptors.c.obj
 *fill*         0x100085fb        0x1 
 .rodata.__compound_literal.0
                0x100085fc        0x2 CMakeFiles/MacroBardo.dir/usb_descriptors.c.obj
 *fill*         0x100085fe        0x2 
 .rodata.desc_configuration
                0x10008600       0x64 CMakeFiles/MacroBardo.dir/usb_descriptors.c.obj
                0x10008600                desc_configuration
 .rodata.desc_device
                0x10008664       0x12 CMakeFiles/MacroBardo.dir/usb_descriptors.c.obj
                0x10008664                desc_device
 *fill*         0x10008676        0x2 
 .rodata.desc_hid_report
                0x10008678       0x5c CMakeFiles/MacroBardo.dir/usb_descriptors.c.obj
                0x10008678                desc_hid_report
 .rodata.make_branch.str1.4
                0x100086d4       0x89 CMakeFiles/MacroBardo.dir/C_/Program_Files/Raspberry_Pi/Pico_SDK_v1.5.1/pico-sdk/src/rp2_common/hardware_irq/irq.c.obj
 *fill*         0x1000875d        0x3 
 .rodata.insert_branch_and_link.str1.4
                0x10008760       0x10 CMakeFiles/MacroBardo.dir/C_/Program_Files/Raspberry_Pi/Pico_SDK_v1.5.1/pico-sdk/src/rp2_common/hardware_irq/irq.c.obj
 .rodata.irq_set_exclusive_handler.str1.4
                0x10008770       0x36 CMakeFiles/MacroBardo.dir/C_/Program_Files/Raspberry_Pi/Pico_SDK_v1.5.1/pico-sdk/src/rp2_common/hardware_irq/irq.c.obj
 *fill*         0x100087a6        0x2 
 .rodata.irq_add_shared_handler.str1.4
                0x100087a8       0xd9 CMakeFiles/MacroBardo.dir/C_/Program_Files/Raspberry_Pi/Pico_SDK_v1.5.1/pico-sdk/src/rp2_common/hardware_irq/irq.c.obj
 *fill*         0x10008881        0x3 
 .rodata.irq_remove_handler.str1.4
                0x10008884       0x3a CMakeFiles/MacroBardo.dir/C_/Program_Files/Raspberry_Pi/Pico_SDK_v1.5.1/pico-sdk/src/rp2_common/hardware_irq/irq.c.obj
 *fill*         0x100088be        0x2 
 .rodata.irq_add_tail_to_free_list.str1.4
                0x100088c0       0x3a CMakeFiles/MacroBardo.dir/C_/Program_Files/Raspberry_Pi/Pico_SDK_v1.5.1/pico-sdk/src/rp2_common/hardware_irq/irq.c.obj
 *fill*         0x100088fa        0x2 
 .rodata.__func__.0
                0x100088fc       0x1a CMakeFiles/MacroBardo.dir/C_/Program_Files/Raspberry_Pi/Pico_SDK_v1.5.1/pico-sdk/src/rp2_common/hardware_irq/irq.c.obj
 *fill*         0x10008916        0x2 
 .rodata.__func__.1
                0x10008918       0x17 CMakeFiles/MacroBardo.dir/C_/Program_Files/Raspberry_Pi/Pico_SDK_v1.5.1/pico-sdk/src/rp2_common/hardware_irq/irq.c.obj
 *fill*         0x1000892f        0x1 
 .rodata.__func__.2
                0x10008930       0x13 CMakeFiles/MacroBardo.dir/C_/Program_Files/Raspberry_Pi/Pico_SDK_v1.5.1/pico-sdk/src/rp2_common/hardware_irq/irq.c.obj
 *fill*         0x10008943        0x1 
 .rodata.__func__.3
                0x10008944        0xc CMakeFiles/MacroBardo.dir/C_/Program_Files/Raspberry_Pi/Pico_SDK_v1.5.1/pico-sdk/src/rp2_common/hardware_irq/irq.c.obj
 .rodata.__func__.4
                0x10008950        0xf CMakeFiles/MacroBardo.dir/C_/Program_Files/Raspberry_Pi/Pico_SDK_v1.5.1/pico-sdk/src/rp2_common/hardware_irq/irq.c.obj
 *fill*         0x1000895f        0x1 
 .rodata.__func__.5
                0x10008960       0x17 CMakeFiles/MacroBardo.dir/C_/Program_Files/Raspberry_Pi/Pico_SDK_v1.5.1/pico-sdk/src/rp2_common/hardware_irq/irq.c.obj
 *fill*         0x10008977        0x1 
 .rodata.__func__.6
                0x10008978       0x1a CMakeFiles/MacroBardo.dir/C_/Program_Files/Raspberry_Pi/Pico_SDK_v1.5.1/pico-sdk/src/rp2_common/hardware_irq/irq.c.obj
 *fill*         0x10008992        0x2 
 .rodata.str1.4
                0x10008994      0x125 CMakeFiles/MacroBardo.dir/C_/Program_Files/Raspberry_Pi/Pico_SDK_v1.5.1/pico-sdk/src/common/pico_sync/mutex.c.obj
 *fill*         0x10008ab9        0x3 
 .rodata.__func__.1
                0x10008abc        0xb CMakeFiles/MacroBardo.dir/C_/Program_Files/Raspberry_Pi/Pico_SDK_v1.5.1/pico-sdk/src/common/pico_sync/mutex.c.obj
 *fill*         0x10008ac7        0x1 
 .rodata.__func__.3
                0x10008ac8       0x18 CMakeFiles/MacroBardo.dir/C_/Program_Files/Raspberry_Pi/Pico_SDK_v1.5.1/pico-sdk/src/common/pico_sync/mutex.c.obj
 .rodata.__func__.4
                0x10008ae0       0x15 CMakeFiles/MacroBardo.dir/C_/Program_Files/Raspberry_Pi/Pico_SDK_v1.5.1/pico-sdk/src/common/pico_sync/mutex.c.obj
 *fill*         0x10008af5        0x3 
 .rodata.repeating_timer_callback.str1.4
                0x10008af8       0x67 CMakeFiles/MacroBardo.dir/C_/Program_Files/Raspberry_Pi/Pico_SDK_v1.5.1/pico-sdk/src/common/pico_time/time.c.obj
 *fill*         0x10008b5f        0x1 
 .rodata.timer_pool_entry_comparator.str1.4
                0x10008b60       0x22 CMakeFiles/MacroBardo.dir/C_/Program_Files/Raspberry_Pi/Pico_SDK_v1.5.1/pico-sdk/src/common/pico_time/time.c.obj
 *fill*         0x10008b82        0x2 
 .rodata.ph_add_child_node.str1.4
                0x10008b84       0xb2 CMakeFiles/MacroBardo.dir/C_/Program_Files/Raspberry_Pi/Pico_SDK_v1.5.1/pico-sdk/src/common/pico_time/time.c.obj
 *fill*         0x10008c36        0x2 
 .rodata.add_alarm_under_lock.str1.4
                0x10008c38       0x28 CMakeFiles/MacroBardo.dir/C_/Program_Files/Raspberry_Pi/Pico_SDK_v1.5.1/pico-sdk/src/common/pico_time/time.c.obj
                                 0x2b (size before relaxing)
 .rodata.alarm_pool_alarm_callback.str1.4
                0x10008c60       0x98 CMakeFiles/MacroBardo.dir/C_/Program_Files/Raspberry_Pi/Pico_SDK_v1.5.1/pico-sdk/src/common/pico_time/time.c.obj
                                0x118 (size before relaxing)
 .rodata.alarm_pool_get_default.str1.4
                0x10008cf8       0x21 CMakeFiles/MacroBardo.dir/C_/Program_Files/Raspberry_Pi/Pico_SDK_v1.5.1/pico-sdk/src/common/pico_time/time.c.obj
 *fill*         0x10008d19        0x3 
 .rodata.alarm_pool_cancel_alarm.str1.4
                0x10008d1c       0x27 CMakeFiles/MacroBardo.dir/C_/Program_Files/Raspberry_Pi/Pico_SDK_v1.5.1/pico-sdk/src/common/pico_time/time.c.obj
 *fill*         0x10008d43        0x1 
 .rodata.sleep_until.str1.4
                0x10008d44       0x4d CMakeFiles/MacroBardo.dir/C_/Program_Files/Raspberry_Pi/Pico_SDK_v1.5.1/pico-sdk/src/common/pico_time/time.c.obj
 *fill*         0x10008d91        0x3 
 .rodata.__func__.1
                0x10008d94       0x18 CMakeFiles/MacroBardo.dir/C_/Program_Files/Raspberry_Pi/Pico_SDK_v1.5.1/pico-sdk/src/common/pico_time/time.c.obj
 .rodata.__func__.10
                0x10008dac       0x15 CMakeFiles/MacroBardo.dir/C_/Program_Files/Raspberry_Pi/Pico_SDK_v1.5.1/pico-sdk/src/common/pico_time/time.c.obj
 *fill*         0x10008dc1        0x3 
 .rodata.__func__.11
                0x10008dc4       0x1a CMakeFiles/MacroBardo.dir/C_/Program_Files/Raspberry_Pi/Pico_SDK_v1.5.1/pico-sdk/src/common/pico_time/time.c.obj
 *fill*         0x10008dde        0x2 
 .rodata.__func__.12
                0x10008de0        0xa CMakeFiles/MacroBardo.dir/C_/Program_Files/Raspberry_Pi/Pico_SDK_v1.5.1/pico-sdk/src/common/pico_time/time.c.obj
 *fill*         0x10008dea        0x2 
 .rodata.__func__.3
                0x10008dec       0x17 CMakeFiles/MacroBardo.dir/C_/Program_Files/Raspberry_Pi/Pico_SDK_v1.5.1/pico-sdk/src/common/pico_time/time.c.obj
 *fill*         0x10008e03        0x1 
 .rodata.__func__.4
                0x10008e04       0x12 CMakeFiles/MacroBardo.dir/C_/Program_Files/Raspberry_Pi/Pico_SDK_v1.5.1/pico-sdk/src/common/pico_time/time.c.obj
 *fill*         0x10008e16        0x2 
 .rodata.__func__.5
                0x10008e18        0xd CMakeFiles/MacroBardo.dir/C_/Program_Files/Raspberry_Pi/Pico_SDK_v1.5.1/pico-sdk/src/common/pico_time/time.c.obj
 *fill*         0x10008e25        0x3 
 .rodata.__func__.6
                0x10008e28       0x12 CMakeFiles/MacroBardo.dir/C_/Program_Files/Raspberry_Pi/Pico_SDK_v1.5.1/pico-sdk/src/common/pico_time/time.c.obj
 *fill*         0x10008e3a        0x2 
 .rodata.__func__.7
                0x10008e3c        0xf CMakeFiles/MacroBardo.dir/C_/Program_Files/Raspberry_Pi/Pico_SDK_v1.5.1/pico-sdk/src/common/pico_time/time.c.obj
 *fill*         0x10008e4b        0x1 
 .rodata.__func__.8
                0x10008e4c        0xc CMakeFiles/MacroBardo.dir/C_/Program_Files/Raspberry_Pi/Pico_SDK_v1.5.1/pico-sdk/src/common/pico_time/time.c.obj
 .rodata.__func__.9
                0x10008e58       0x15 CMakeFiles/MacroBardo.dir/C_/Program_Files/Raspberry_Pi/Pico_SDK_v1.5.1/pico-sdk/src/common/pico_time/time.c.obj
 *fill*         0x10008e6d        0x3 
 .rodata.hardware_alarm_claim.str1.4
                0x10008e70       0x22 CMakeFiles/MacroBardo.dir/C_/Program_Files/Raspberry_Pi/Pico_SDK_v1.5.1/pico-sdk/src/rp2_common/hardware_timer/timer.c.obj
 *fill*         0x10008e92        0x2 
 .rodata.hardware_alarm_set_target.str1.4
                0x10008e94       0x81 CMakeFiles/MacroBardo.dir/C_/Program_Files/Raspberry_Pi/Pico_SDK_v1.5.1/pico-sdk/src/rp2_common/hardware_timer/timer.c.obj
 *fill*         0x10008f15        0x3 
 .rodata.__func__.0
                0x10008f18       0x1a CMakeFiles/MacroBardo.dir/C_/Program_Files/Raspberry_Pi/Pico_SDK_v1.5.1/pico-sdk/src/rp2_common/hardware_timer/timer.c.obj
 .rodata.ph_add_child_node.str1.4
                0x10008f32       0xb2 CMakeFiles/MacroBardo.dir/C_/Program_Files/Raspberry_Pi/Pico_SDK_v1.5.1/pico-sdk/src/common/pico_util/pheap.c.obj
 *fill*         0x10008f32        0x2 
 .rodata.ph_remove_any_head.str1.4
                0x10008f34       0xa8 CMakeFiles/MacroBardo.dir/C_/Program_Files/Raspberry_Pi/Pico_SDK_v1.5.1/pico-sdk/src/common/pico_util/pheap.c.obj
                                 0xbc (size before relaxing)
 .rodata.ph_remove_and_free_node.str1.4
                0x10008fdc       0x1e CMakeFiles/MacroBardo.dir/C_/Program_Files/Raspberry_Pi/Pico_SDK_v1.5.1/pico-sdk/src/common/pico_util/pheap.c.obj
                                 0x26 (size before relaxing)
 *fill*         0x10008ffa        0x2 
 .rodata.__func__.0
                0x10008ffc       0x18 CMakeFiles/MacroBardo.dir/C_/Program_Files/Raspberry_Pi/Pico_SDK_v1.5.1/pico-sdk/src/common/pico_util/pheap.c.obj
 .rodata.__func__.1
                0x10009014       0x13 CMakeFiles/MacroBardo.dir/C_/Program_Files/Raspberry_Pi/Pico_SDK_v1.5.1/pico-sdk/src/common/pico_util/pheap.c.obj
 *fill*         0x10009027        0x1 
 .rodata.__func__.2
                0x10009028       0x12 CMakeFiles/MacroBardo.dir/C_/Program_Files/Raspberry_Pi/Pico_SDK_v1.5.1/pico-sdk/src/common/pico_util/pheap.c.obj
 *fill*         0x1000903a        0x2 
 .rodata.__func__.3
                0x1000903c        0xc CMakeFiles/MacroBardo.dir/C_/Program_Files/Raspberry_Pi/Pico_SDK_v1.5.1/pico-sdk/src/common/pico_util/pheap.c.obj
 .rodata.clock_configure.str1.4
                0x10009048       0x73 CMakeFiles/MacroBardo.dir/C_/Program_Files/Raspberry_Pi/Pico_SDK_v1.5.1/pico-sdk/src/rp2_common/hardware_clocks/clocks.c.obj
 *fill*         0x100090bb        0x1 
 .rodata.__func__.1
                0x100090bc       0x10 CMakeFiles/MacroBardo.dir/C_/Program_Files/Raspberry_Pi/Pico_SDK_v1.5.1/pico-sdk/src/rp2_common/hardware_clocks/clocks.c.obj
 .rodata.pll_init.str1.4
                0x100090cc      0x140 CMakeFiles/MacroBardo.dir/C_/Program_Files/Raspberry_Pi/Pico_SDK_v1.5.1/pico-sdk/src/rp2_common/hardware_pll/pll.c.obj
 .rodata.__func__.0
                0x1000920c        0x9 CMakeFiles/MacroBardo.dir/C_/Program_Files/Raspberry_Pi/Pico_SDK_v1.5.1/pico-sdk/src/rp2_common/hardware_pll/pll.c.obj
 *fill*         0x10009215        0x3 
 .rodata.__assert_func.str1.4
                0x10009218       0x3f CMakeFiles/MacroBardo.dir/C_/Program_Files/Raspberry_Pi/Pico_SDK_v1.5.1/pico-sdk/src/rp2_common/pico_runtime/runtime.c.obj
                                 0x43 (size before relaxing)
 *fill*         0x10009257        0x1 
 .rodata.runtime_init.str1.4
                0x10009258       0x7d CMakeFiles/MacroBardo.dir/C_/Program_Files/Raspberry_Pi/Pico_SDK_v1.5.1/pico-sdk/src/rp2_common/pico_runtime/runtime.c.obj
 *fill*         0x100092d5        0x3 
 .rodata.panic.str1.4
                0x100092d8       0x12 CMakeFiles/MacroBardo.dir/C_/Program_Files/Raspberry_Pi/Pico_SDK_v1.5.1/pico-sdk/src/rp2_common/pico_runtime/runtime.c.obj
 *fill*         0x100092ea        0x2 
 .rodata.__func__.2
                0x100092ec        0xd CMakeFiles/MacroBardo.dir/C_/Program_Files/Raspberry_Pi/Pico_SDK_v1.5.1/pico-sdk/src/rp2_common/pico_runtime/runtime.c.obj
 *fill*         0x100092f9        0x3 
 .rodata._ftoa.str1.4
                0x100092fc       0x15 CMakeFiles/MacroBardo.dir/C_/Program_Files/Raspberry_Pi/Pico_SDK_v1.5.1/pico-sdk/src/rp2_common/pico_printf/printf.c.obj
 *fill*         0x10009311        0x3 
 .rodata._vsnprintf
                0x10009314      0x1e0 CMakeFiles/MacroBardo.dir/C_/Program_Files/Raspberry_Pi/Pico_SDK_v1.5.1/pico-sdk/src/rp2_common/pico_printf/printf.c.obj
 *fill*         0x100094f4        0x4 
 .rodata.pow10.0
                0x100094f8       0x50 CMakeFiles/MacroBardo.dir/C_/Program_Files/Raspberry_Pi/Pico_SDK_v1.5.1/pico-sdk/src/rp2_common/pico_printf/printf.c.obj
 .rodata.__aeabi_double_init.str1.4
                0x10009548       0xb8 CMakeFiles/MacroBardo.dir/C_/Program_Files/Raspberry_Pi/Pico_SDK_v1.5.1/pico-sdk/src/rp2_common/pico_double/double_init_rom.c.obj
 .rodata.__func__.0
                0x10009600       0x14 CMakeFiles/MacroBardo.dir/C_/Program_Files/Raspberry_Pi/Pico_SDK_v1.5.1/pico-sdk/src/rp2_common/pico_double/double_init_rom.c.obj
 .rodata.__aeabi_float_init.str1.4
                0x10009614       0x96 CMakeFiles/MacroBardo.dir/C_/Program_Files/Raspberry_Pi/Pico_SDK_v1.5.1/pico-sdk/src/rp2_common/pico_float/float_init_rom.c.obj
                                 0x9a (size before relaxing)
 *fill*         0x100096aa        0x2 
 .rodata.__func__.0
                0x100096ac       0x13 CMakeFiles/MacroBardo.dir/C_/Program_Files/Raspberry_Pi/Pico_SDK_v1.5.1/pico-sdk/src/rp2_common/pico_float/float_init_rom.c.obj
 *fill*         0x100096bf        0x1 
 .rodata.__wrap_malloc.str1.4
                0x100096c0        0xe CMakeFiles/MacroBardo.dir/C_/Program_Files/Raspberry_Pi/Pico_SDK_v1.5.1/pico-sdk/src/rp2_common/pico_malloc/pico_malloc.c.obj
 *fill*         0x100096ce        0x2 
 .rodata.str1.4
                0x100096d0       0x40 CMakeFiles/MacroBardo.dir/C_/Program_Files/Raspberry_Pi/Pico_SDK_v1.5.1/pico-sdk/src/rp2_common/pico_standard_link/binary_info.c.obj
 .rodata.__bi_44
                0x10009710        0xc CMakeFiles/MacroBardo.dir/C_/Program_Files/Raspberry_Pi/Pico_SDK_v1.5.1/pico-sdk/src/rp2_common/pico_standard_link/binary_info.c.obj
 .rodata.__bi_75
                0x1000971c        0xc CMakeFiles/MacroBardo.dir/C_/Program_Files/Raspberry_Pi/Pico_SDK_v1.5.1/pico-sdk/src/rp2_common/pico_standard_link/binary_info.c.obj
 .rodata.__bi_81
                0x10009728        0xc CMakeFiles/MacroBardo.dir/C_/Program_Files/Raspberry_Pi/Pico_SDK_v1.5.1/pico-sdk/src/rp2_common/pico_standard_link/binary_info.c.obj
 .rodata.stdout_serialize_begin.str1.4
                0x10009734       0x7d CMakeFiles/MacroBardo.dir/C_/Program_Files/Raspberry_Pi/Pico_SDK_v1.5.1/pico-sdk/src/rp2_common/pico_stdio/stdio.c.obj
 .rodata.__func__.3
                0x10009734       0x15 CMakeFiles/MacroBardo.dir/C_/Program_Files/Raspberry_Pi/Pico_SDK_v1.5.1/pico-sdk/src/rp2_common/pico_stdio/stdio.c.obj
 *fill*         0x10009749        0x3 
 .rodata.crlf_str.2
                0x1000974c        0x2 CMakeFiles/MacroBardo.dir/C_/Program_Files/Raspberry_Pi/Pico_SDK_v1.5.1/pico-sdk/src/rp2_common/pico_stdio/stdio.c.obj
 .rodata.stdio_usb_in_chars.str1.4
                0x1000974e       0x7d CMakeFiles/MacroBardo.dir/C_/Program_Files/Raspberry_Pi/Pico_SDK_v1.5.1/pico-sdk/src/rp2_common/pico_stdio_usb/stdio_usb.c.obj
 *fill*         0x1000974e        0x2 
 .rodata.stdio_usb_init.str1.4
                0x10009750       0x71 CMakeFiles/MacroBardo.dir/C_/Program_Files/Raspberry_Pi/Pico_SDK_v1.5.1/pico-sdk/src/rp2_common/pico_stdio_usb/stdio_usb.c.obj
                                 0x79 (size before relaxing)
 *fill*         0x100097c1        0x3 
 .rodata.str1.4
                0x100097c4       0x13 CMakeFiles/MacroBardo.dir/C_/Program_Files/Raspberry_Pi/Pico_SDK_v1.5.1/pico-sdk/src/rp2_common/pico_stdio_usb/stdio_usb.c.obj
 *fill*         0x100097d7        0x1 
 .rodata.__bi_182.0
                0x100097d8        0xc CMakeFiles/MacroBardo.dir/C_/Program_Files/Raspberry_Pi/Pico_SDK_v1.5.1/pico-sdk/src/rp2_common/pico_stdio_usb/stdio_usb.c.obj
 .rodata.__func__.1
                0x100097e4        0xf CMakeFiles/MacroBardo.dir/C_/Program_Files/Raspberry_Pi/Pico_SDK_v1.5.1/pico-sdk/src/rp2_common/pico_stdio_usb/stdio_usb.c.obj
 *fill*         0x100097f3        0x1 
 .rodata.__func__.3
                0x100097f4       0x15 CMakeFiles/MacroBardo.dir/C_/Program_Files/Raspberry_Pi/Pico_SDK_v1.5.1/pico-sdk/src/rp2_common/pico_stdio_usb/stdio_usb.c.obj
 *fill*         0x10009809        0x3 
 .rodata.str1.4
                0x1000980c      0x176 CMakeFiles/MacroBardo.dir/C_/Program_Files/Raspberry_Pi/Pico_SDK_v1.5.1/pico-sdk/src/rp2_common/hardware_flash/flash.c.obj
 *fill*         0x10009982        0x2 
 .rodata.__func__.0
                0x10009984        0xd CMakeFiles/MacroBardo.dir/C_/Program_Files/Raspberry_Pi/Pico_SDK_v1.5.1/pico-sdk/src/rp2_common/hardware_flash/flash.c.obj
 *fill*         0x10009991        0x3 
 .rodata._hw_endpoint_alloc.str1.4
                0x10009994       0xd1 CMakeFiles/MacroBardo.dir/C_/Program_Files/Raspberry_Pi/Pico_SDK_v1.5.1/pico-sdk/lib/tinyusb/src/portable/raspberrypi/rp2040/dcd_rp2040.c.obj
 *fill*         0x10009a65        0x3 
 .rodata.dcd_int_enable.str1.4
                0x10009a68        0xc CMakeFiles/MacroBardo.dir/C_/Program_Files/Raspberry_Pi/Pico_SDK_v1.5.1/pico-sdk/lib/tinyusb/src/portable/raspberrypi/rp2040/dcd_rp2040.c.obj
 .rodata.__func__.0
                0x10009a74        0xe CMakeFiles/MacroBardo.dir/C_/Program_Files/Raspberry_Pi/Pico_SDK_v1.5.1/pico-sdk/lib/tinyusb/src/portable/raspberrypi/rp2040/dcd_rp2040.c.obj
 *fill*         0x10009a82        0x2 
 .rodata.__func__.1
                0x10009a84        0xe CMakeFiles/MacroBardo.dir/C_/Program_Files/Raspberry_Pi/Pico_SDK_v1.5.1/pico-sdk/lib/tinyusb/src/portable/raspberrypi/rp2040/dcd_rp2040.c.obj
 *fill*         0x10009a92        0x2 
 .rodata.__func__.3
                0x10009a94       0x10 CMakeFiles/MacroBardo.dir/C_/Program_Files/Raspberry_Pi/Pico_SDK_v1.5.1/pico-sdk/lib/tinyusb/src/portable/raspberrypi/rp2040/dcd_rp2040.c.obj
 .rodata.__func__.6
                0x10009aa4       0x13 CMakeFiles/MacroBardo.dir/C_/Program_Files/Raspberry_Pi/Pico_SDK_v1.5.1/pico-sdk/lib/tinyusb/src/portable/raspberrypi/rp2040/dcd_rp2040.c.obj
 *fill*         0x10009ab7        0x1 
 .rodata.str1.4
                0x10009ab8      0x103 CMakeFiles/MacroBardo.dir/C_/Program_Files/Raspberry_Pi/Pico_SDK_v1.5.1/pico-sdk/lib/tinyusb/src/portable/raspberrypi/rp2040/rp2040_usb.c.obj
 *fill*         0x10009bbb        0x1 
 .rodata.process_get_descriptor
                0x10009bbc       0x40 CMakeFiles/MacroBardo.dir/C_/Program_Files/Raspberry_Pi/Pico_SDK_v1.5.1/pico-sdk/lib/tinyusb/src/device/usbd.c.obj
 .rodata.process_control_request
                0x10009bfc       0x28 CMakeFiles/MacroBardo.dir/C_/Program_Files/Raspberry_Pi/Pico_SDK_v1.5.1/pico-sdk/lib/tinyusb/src/device/usbd.c.obj
 .rodata.tud_task_ext
                0x10009c24       0x24 CMakeFiles/MacroBardo.dir/C_/Program_Files/Raspberry_Pi/Pico_SDK_v1.5.1/pico-sdk/lib/tinyusb/src/device/usbd.c.obj
 .rodata._usbd_driver
                0x10009c48       0x30 CMakeFiles/MacroBardo.dir/C_/Program_Files/Raspberry_Pi/Pico_SDK_v1.5.1/pico-sdk/lib/tinyusb/src/device/usbd.c.obj
 .rodata.hidd_control_xfer_cb
                0x10009c78       0x30 CMakeFiles/MacroBardo.dir/C_/Program_Files/Raspberry_Pi/Pico_SDK_v1.5.1/pico-sdk/lib/tinyusb/src/class/hid/hid_device.c.obj
 .rodata.str1.4
                0x10009ca8        0x4 CMakeFiles/MacroBardo.dir/C_/Program_Files/Raspberry_Pi/Pico_SDK_v1.5.1/pico-sdk/lib/tinyusb/hw/bsp/rp2040/family.c.obj
 .rodata.__bi_142.0
                0x10009cac        0xc CMakeFiles/MacroBardo.dir/C_/Program_Files/Raspberry_Pi/Pico_SDK_v1.5.1/pico-sdk/lib/tinyusb/hw/bsp/rp2040/family.c.obj
 .rodata        0x10009cb8      0xbe0 WaveshareLib/Fonts/libFonts.a(font16.c.obj)
                0x10009cb8                Font16_Table
 .rodata.DEV_Module_Init.str1.4
                0x1000a898       0x15 WaveshareLib/Config/libConfig.a(DEV_Config.c.obj)
                0x1000a8b0                . = ALIGN (0x4)
 *fill*         0x1000a8ad        0x3 
 *(SORT_BY_ALIGNMENT(SORT_BY_NAME(.flashdata*)))
                0x1000a8b0                . = ALIGN (0x4)

.ARM.extab
 *(.ARM.extab* .gnu.linkonce.armextab.*)
                0x1000a8b0                __exidx_start = .

.ARM.exidx
 *(.ARM.exidx* .gnu.linkonce.armexidx.*)
                0x1000a8b0                __exidx_end = .
                0x1000a8b0                . = ALIGN (0x4)
                0x1000a8b0                __binary_info_start = .

.binary_info    0x1000a8b0       0x24
 *(.binary_info.keep.*)
 .binary_info.keep.__bi_ptr22
                0x1000a8b0        0x4 CMakeFiles/MacroBardo.dir/C_/Program_Files/Raspberry_Pi/Pico_SDK_v1.5.1/pico-sdk/src/rp2_common/pico_standard_link/binary_info.c.obj
 .binary_info.keep.__bi_ptr30
                0x1000a8b4        0x4 CMakeFiles/MacroBardo.dir/C_/Program_Files/Raspberry_Pi/Pico_SDK_v1.5.1/pico-sdk/src/rp2_common/pico_standard_link/binary_info.c.obj
 .binary_info.keep.__bi_ptr38
                0x1000a8b8        0x4 CMakeFiles/MacroBardo.dir/C_/Program_Files/Raspberry_Pi/Pico_SDK_v1.5.1/pico-sdk/src/rp2_common/pico_standard_link/binary_info.c.obj
 .binary_info.keep.__bi_ptr44
                0x1000a8bc        0x4 CMakeFiles/MacroBardo.dir/C_/Program_Files/Raspberry_Pi/Pico_SDK_v1.5.1/pico-sdk/src/rp2_common/pico_standard_link/binary_info.c.obj
 .binary_info.keep.__bi_ptr50
                0x1000a8c0        0x4 CMakeFiles/MacroBardo.dir/C_/Program_Files/Raspberry_Pi/Pico_SDK_v1.5.1/pico-sdk/src/rp2_common/pico_standard_link/binary_info.c.obj
 .binary_info.keep.__bi_ptr75
                0x1000a8c4        0x4 CMakeFiles/MacroBardo.dir/C_/Program_Files/Raspberry_Pi/Pico_SDK_v1.5.1/pico-sdk/src/rp2_common/pico_standard_link/binary_info.c.obj
 .binary_info.keep.__bi_ptr81
                0x1000a8c8        0x4 CMakeFiles/MacroBardo.dir/C_/Program_Files/Raspberry_Pi/Pico_SDK_v1.5.1/pico-sdk/src/rp2_common/pico_standard_link/binary_info.c.obj
 .binary_info.keep.__bi_ptr142
                0x1000a8cc        0x4 CMakeFiles/MacroBardo.dir/C_/Program_Files/Raspberry_Pi/Pico_SDK_v1.5.1/pico-sdk/lib/tinyusb/hw/bsp/rp2040/family.c.obj
 *(.binary_info.*)
 .binary_info.__bi_ptr182
                0x1000a8d0        0x4 CMakeFiles/MacroBardo.dir/C_/Program_Files/Raspberry_Pi/Pico_SDK_v1.5.1/pico-sdk/src/rp2_common/pico_stdio_usb/stdio_usb.c.obj
                0x1000a8d4                __binary_info_end = .

.rel.dyn        0x1000a8d4        0x0
 .rel.iplt      0x1000a8d4        0x0 c:/progra~1/raspbe~1/picosd~1.1/gcc-ar~1/bin/../lib/gcc/arm-none-eabi/10.3.1/thumb/v6-m/nofp/crtbegin.o
                0x1000a8d4                . = ALIGN (0x4)

.ram_vector_table
                0x20000000       0xc0
 *(.ram_vector_table)
 .ram_vector_table
                0x20000000       0xc0 CMakeFiles/MacroBardo.dir/C_/Program_Files/Raspberry_Pi/Pico_SDK_v1.5.1/pico-sdk/src/rp2_common/pico_runtime/runtime.c.obj
                0x20000000                ram_vector_table

.data           0x200000c0     0x1230 load address 0x1000a8d4
                0x200000c0                __data_start__ = .
 *(vtable)
 *(.time_critical*)
 .time_critical.mutex_enter_blocking
                0x200000c0       0x48 CMakeFiles/MacroBardo.dir/C_/Program_Files/Raspberry_Pi/Pico_SDK_v1.5.1/pico-sdk/src/common/pico_sync/mutex.c.obj
                0x200000c0                mutex_enter_blocking
 .time_critical.mutex_try_enter
                0x20000108       0x46 CMakeFiles/MacroBardo.dir/C_/Program_Files/Raspberry_Pi/Pico_SDK_v1.5.1/pico-sdk/src/common/pico_sync/mutex.c.obj
                0x20000108                mutex_try_enter
 *fill*         0x2000014e        0x2 