Archive member included to satisfy reference by file (symbol)

WaveshareLib/e-Paper/libePaper.a(EPD_2in9_V2.c.obj)
                              CMakeFiles/MacroBardo.dir/main.c.obj (EPD_2IN9_V2_Init)
WaveshareLib/Config/libConfig.a(DEV_Config.c.obj)
                              WaveshareLib/e-Paper/libePaper.a(EPD_2in9_V2.c.obj) (DEV_Digital_Write)
c:/progra~1/raspbe~1/picosd~1.1/gcc-ar~1/bin/../lib/gcc/arm-none-eabi/10.3.1/thumb/v6-m/nofp\libgcc.a(_dvmd_tls.o)
                              CMakeFiles/MacroBardo.dir/C_/Program_Files/Raspberry_Pi/Pico_SDK_v1.5.1/pico-sdk/src/rp2_common/pico_divider/divider.S.obj (__aeabi_idiv0)
c:/progra~1/raspbe~1/picosd~1.1/gcc-ar~1/bin/../lib/gcc/arm-none-eabi/10.3.1/../../../../arm-none-eabi/lib/thumb/v6-m/nofp\libg.a(lib_a-calloc.o)
                              CMakeFiles/MacroBardo.dir/C_/Program_Files/Raspberry_Pi/Pico_SDK_v1.5.1/pico-sdk/src/rp2_common/pico_malloc/pico_malloc.c.obj (calloc)
c:/progra~1/raspbe~1/picosd~1.1/gcc-ar~1/bin/../lib/gcc/arm-none-eabi/10.3.1/../../../../arm-none-eabi/lib/thumb/v6-m/nofp\libg.a(lib_a-callocr.o)
                              c:/progra~1/raspbe~1/picosd~1.1/gcc-ar~1/bin/../lib/gcc/arm-none-eabi/10.3.1/../../../../arm-none-eabi/lib/thumb/v6-m/nofp\libg.a(lib_a-calloc.o) (_calloc_r)
c:/progra~1/raspbe~1/picosd~1.1/gcc-ar~1/bin/../lib/gcc/arm-none-eabi/10.3.1/../../../../arm-none-eabi/lib/thumb/v6-m/nofp\libg.a(lib_a-errno.o)
                              c:/progra~1/raspbe~1/picosd~1.1/gcc-ar~1/bin/../lib/gcc/arm-none-eabi/10.3.1/../../../../arm-none-eabi/lib/thumb/v6-m/nofp\libg.a(lib_a-callocr.o) (__errno)
c:/progra~1/raspbe~1/picosd~1.1/gcc-ar~1/bin/../lib/gcc/arm-none-eabi/10.3.1/../../../../arm-none-eabi/lib/thumb/v6-m/nofp\libg.a(lib_a-impure.o)
                              c:/progra~1/raspbe~1/picosd~1.1/gcc-ar~1/bin/../lib/gcc/arm-none-eabi/10.3.1/../../../../arm-none-eabi/lib/thumb/v6-m/nofp\libg.a(lib_a-calloc.o) (_impure_ptr)
c:/progra~1/raspbe~1/picosd~1.1/gcc-ar~1/bin/../lib/gcc/arm-none-eabi/10.3.1/../../../../arm-none-eabi/lib/thumb/v6-m/nofp\libg.a(lib_a-init.o)
                              c:/progra~1/raspbe~1/picosd~1.1/gcc-ar~1/bin/../lib/gcc/arm-none-eabi/10.3.1/../../../../arm-none-eabi/lib/thumb/v6-m/nofp/crt0.o (__libc_init_array)
c:/progra~1/raspbe~1/picosd~1.1/gcc-ar~1/bin/../lib/gcc/arm-none-eabi/10.3.1/../../../../arm-none-eabi/lib/thumb/v6-m/nofp\libg.a(lib_a-malloc.o)
                              CMakeFiles/MacroBardo.dir/C_/Program_Files/Raspberry_Pi/Pico_SDK_v1.5.1/pico-sdk/src/rp2_common/pico_malloc/pico_malloc.c.obj (malloc)
c:/progra~1/raspbe~1/picosd~1.1/gcc-ar~1/bin/../lib/gcc/arm-none-eabi/10.3.1/../../../../arm-none-eabi/lib/thumb/v6-m/nofp\libg.a(lib_a-mallocr.o)
                              c:/progra~1/raspbe~1/picosd~1.1/gcc-ar~1/bin/../lib/gcc/arm-none-eabi/10.3.1/../../../../arm-none-eabi/lib/thumb/v6-m/nofp\libg.a(lib_a-callocr.o) (_malloc_r)
c:/progra~1/raspbe~1/picosd~1.1/gcc-ar~1/bin/../lib/gcc/arm-none-eabi/10.3.1/../../../../arm-none-eabi/lib/thumb/v6-m/nofp\libg.a(lib_a-mlock.o)
                              c:/progra~1/raspbe~1/picosd~1.1/gcc-ar~1/bin/../lib/gcc/arm-none-eabi/10.3.1/../../../../arm-none-eabi/lib/thumb/v6-m/nofp\libg.a(lib_a-mallocr.o) (__malloc_lock)
c:/progra~1/raspbe~1/picosd~1.1/gcc-ar~1/bin/../lib/gcc/arm-none-eabi/10.3.1/../../../../arm-none-eabi/lib/thumb/v6-m/nofp\libg.a(lib_a-realloc.o)
                              CMakeFiles/MacroBardo.dir/C_/Program_Files/Raspberry_Pi/Pico_SDK_v1.5.1/pico-sdk/src/rp2_common/pico_malloc/pico_malloc.c.obj (realloc)
c:/progra~1/raspbe~1/picosd~1.1/gcc-ar~1/bin/../lib/gcc/arm-none-eabi/10.3.1/../../../../arm-none-eabi/lib/thumb/v6-m/nofp\libg.a(lib_a-reallocr.o)
                              c:/progra~1/raspbe~1/picosd~1.1/gcc-ar~1/bin/../lib/gcc/arm-none-eabi/10.3.1/../../../../arm-none-eabi/lib/thumb/v6-m/nofp\libg.a(lib_a-realloc.o) (_realloc_r)
c:/progra~1/raspbe~1/picosd~1.1/gcc-ar~1/bin/../lib/gcc/arm-none-eabi/10.3.1/../../../../arm-none-eabi/lib/thumb/v6-m/nofp\libg.a(lib_a-sbrkr.o)
                              c:/progra~1/raspbe~1/picosd~1.1/gcc-ar~1/bin/../lib/gcc/arm-none-eabi/10.3.1/../../../../arm-none-eabi/lib/thumb/v6-m/nofp\libg.a(lib_a-mallocr.o) (_sbrk_r)
c:/progra~1/raspbe~1/picosd~1.1/gcc-ar~1/bin/../lib/gcc/arm-none-eabi/10.3.1/../../../../arm-none-eabi/lib/thumb/v6-m/nofp\libg.a(lib_a-strlen-stub.o)
                              CMakeFiles/MacroBardo.dir/C_/Program_Files/Raspberry_Pi/Pico_SDK_v1.5.1/pico-sdk/src/rp2_common/pico_stdio/stdio.c.obj (strlen)
c:/progra~1/raspbe~1/picosd~1.1/gcc-ar~1/bin/../lib/gcc/arm-none-eabi/10.3.1/../../../../arm-none-eabi/lib/thumb/v6-m/nofp\libg.a(lib_a-freer.o)
                              c:/progra~1/raspbe~1/picosd~1.1/gcc-ar~1/bin/../lib/gcc/arm-none-eabi/10.3.1/../../../../arm-none-eabi/lib/thumb/v6-m/nofp\libg.a(lib_a-malloc.o) (_free_r)
[...]
Memory Configuration

Name             Origin             Length             Attributes
FLASH            0x10000000         0x00200000         xr
RAM              0x20000000         0x00040000         xrw
SCRATCH_X        0x20040000         0x00001000         xrw
SCRATCH_Y        0x20041000         0x00001000         xrw
*default*        0x00000000         0xffffffff

Linker script and memory map

LOAD c:/progra~1/raspbe~1/picosd~1.1/gcc-ar~1/bin/../lib/gcc/arm-none-eabi/10.3.1/thumb/v6-m/nofp/crti.o
LOAD c:/progra~1/raspbe~1/picosd~1.1/gcc-ar~1/bin/../lib/gcc/arm-none-eabi/10.3.1/thumb/v6-m/nofp/crtbegin.o
LOAD c:/progra~1/raspbe~1/picosd~1.1/gcc-ar~1/bin/../lib/gcc/arm-none-eabi/10.3.1/../../../../arm-none-eabi/lib/thumb/v6-m/nofp/crt0.o

.flash_begin    0x10000000        0x0
                0x10000000                __flash_binary_start = .

.boot2          0x10000000      0x100
                0x10000000                __boot2_start__ = .
 *(.boot2)
 .boot2         0x10000000      0x100 C:\Users\carlo\AppData\Local\Temp\cc8wC3KS.o
                0x10000100                __boot2_end__ = .
                0x00000001                ASSERT (((__boot2_end__ - __boot2_start__) == 0x100), ERROR: Pico second stage bootloader must be 256 bytes in size)

.text           0x10000100     0x7480
                0x10000100                __logical_binary_start = .
 *(.vectors)
 .vectors       0x10000100       0xd4 CMakeFiles/MacroBardo.dir/C_/Program_Files/Raspberry_Pi/Pico_SDK_v1.5.1/pico-sdk/src/rp2_common/pico_standard_link/crt0.S.obj
                0x10000100                __VECTOR_TABLE
                0x10000100                __vectors
                0x100001c0                isr_invalid
                0x100001c0                __default_isrs_start
                0x100001c2                isr_nmi
                0x100001c4                isr_hardfault
                0x100001c6                isr_svcall
                0x100001c8                isr_pendsv
                0x100001ca                isr_systick
                0x100001cc                isr_irq23
                0x100001cc                isr_irq18
                0x100001cc                isr_irq11
                0x100001cc                isr_irq28
                0x100001cc                isr_irq19
                0x100001cc                isr_irq0
                0x100001cc                isr_irq6
                0x100001cc                isr_irq5
                0x100001cc                isr_irq12
                0x100001cc                isr_irq22
                0x100001cc                isr_irq31
                0x100001cc                isr_irq17
                0x100001cc                isr_irq27
                0x100001cc                isr_irq30
                0x100001cc                isr_irq2
                0x100001cc                isr_irq10
                0x100001cc                isr_irq8
                0x100001cc                isr_irq24
                0x100001cc                isr_irq1
                0x100001cc                isr_irq7
                0x100001cc                isr_irq21
                0x100001cc                isr_irq20
                0x100001cc                isr_irq15
                0x100001cc                isr_irq25
                0x100001cc                isr_irq13
                0x100001cc                __unhandled_user_irq
                0x100001cc                isr_irq4
                0x100001cc                isr_irq16
                0x100001cc                isr_irq29
                0x100001cc                isr_irq26
                0x100001cc                __default_isrs_end
                0x100001cc                isr_irq3
                0x100001cc                isr_irq14
                0x100001cc                isr_irq9
                0x100001d2                unhandled_user_irq_num_in_r0
 *(.binary_info_header)
 .binary_info_header
                0x100001d4       0x14 CMakeFiles/MacroBardo.dir/C_/Program_Files/Raspberry_Pi/Pico_SDK_v1.5.1/pico-sdk/src/rp2_common/pico_standard_link/crt0.S.obj
                0x100001e8                __binary_info_header_end = .
 *(.reset)
 .reset         0x100001e8       0xa0 CMakeFiles/MacroBardo.dir/C_/Program_Files/Raspberry_Pi/Pico_SDK_v1.5.1/pico-sdk/src/rp2_common/pico_standard_link/crt0.S.obj
                0x100001e8                _entry_point
 .reset         0x10000288       0x30 CMakeFiles/MacroBardo.dir/C_/Program_Files/Raspberry_Pi/Pico_SDK_v1.5.1/pico-sdk/src/rp2_common/pico_standard_link/binary_info.c.obj
 *(.init)
 .init          0x100002b8        0x4 c:/progra~1/raspbe~1/picosd~1.1/gcc-ar~1/bin/../lib/gcc/arm-none-eabi/10.3.1/thumb/v6-m/nofp/crti.o
                0x100002b8                _init
 *(EXCLUDE_FILE(*libm.a: *libc.a:*lib_a-mem*.o *libgcc.a:) .text*)
 .text          0x100002bc       0x48 c:/progra~1/raspbe~1/picosd~1.1/gcc-ar~1/bin/../lib/gcc/arm-none-eabi/10.3.1/thumb/v6-m/nofp/crtbegin.o
 .text.encoder_callback
                0x10000304       0x8c CMakeFiles/MacroBardo.dir/main.c.obj
                0x10000304                encoder_callback
 .text.init_encoder_interrupts
                0x10000390       0x24 CMakeFiles/MacroBardo.dir/main.c.obj
                0x10000390                init_encoder_interrupts
 .text.init_buttons
                0x100003b4       0x34 CMakeFiles/MacroBardo.dir/main.c.obj
                0x100003b4                init_buttons
 .text.init_display
                0x100003e8       0x2c CMakeFiles/MacroBardo.dir/main.c.obj
                0x100003e8                init_display
 .text.print_direction_on_display
                0x10000414       0x20 CMakeFiles/MacroBardo.dir/main.c.obj
                0x10000414                print_direction_on_display
 .text.main     0x10000434       0x68 CMakeFiles/MacroBardo.dir/main.c.obj
                0x10000434                main
 .text.gpio_set_function
                0x1000049c       0x30 CMakeFiles/MacroBardo.dir/C_/Program_Files/Raspberry_Pi/Pico_SDK_v1.5.1/pico-sdk/src/rp2_common/hardware_gpio/gpio.c.obj
                0x1000049c                gpio_set_function
 .text.gpio_set_pulls
                0x100004cc       0x34 CMakeFiles/MacroBardo.dir/C_/Program_Files/Raspberry_Pi/Pico_SDK_v1.5.1/pico-sdk/src/rp2_common/hardware_gpio/gpio.c.obj
                0x100004cc                gpio_set_pulls
 .text.gpio_set_irq_callback
                0x10000500       0x48 CMakeFiles/MacroBardo.dir/C_/Program_Files/Raspberry_Pi/Pico_SDK_v1.5.1/pico-sdk/src/rp2_common/hardware_gpio/gpio.c.obj
                0x10000500                gpio_set_irq_callback
 .text.gpio_acknowledge_irq
                0x10000548       0x18 CMakeFiles/MacroBardo.dir/C_/Program_Files/Raspberry_Pi/Pico_SDK_v1.5.1/pico-sdk/src/rp2_common/hardware_gpio/gpio.c.obj
                0x10000548                gpio_acknowledge_irq
 .text._gpio_set_irq_enabled
                0x10000560       0x34 CMakeFiles/MacroBardo.dir/C_/Program_Files/Raspberry_Pi/Pico_SDK_v1.5.1/pico-sdk/src/rp2_common/hardware_gpio/gpio.c.obj
 .text.gpio_set_irq_enabled
                0x10000594       0x20 CMakeFiles/MacroBardo.dir/C_/Program_Files/Raspberry_Pi/Pico_SDK_v1.5.1/pico-sdk/src/rp2_common/hardware_gpio/gpio.c.obj
                0x10000594                gpio_set_irq_enabled
 .text.gpio_set_irq_enabled_with_callback
                0x100005b4       0x20 CMakeFiles/MacroBardo.dir/C_/Program_Files/Raspberry_Pi/Pico_SDK_v1.5.1/pico-sdk/src/rp2_common/hardware_gpio/gpio.c.obj
                0x100005b4                gpio_set_irq_enabled_with_callback
 .text.gpio_default_irq_handler
                0x100005d4       0x98 CMakeFiles/MacroBardo.dir/C_/Program_Files/Raspberry_Pi/Pico_SDK_v1.5.1/pico-sdk/src/rp2_common/hardware_gpio/gpio.c.obj
 .text.gpio_init
                0x1000066c       0x16 CMakeFiles/MacroBardo.dir/C_/Program_Files/Raspberry_Pi/Pico_SDK_v1.5.1/pico-sdk/src/rp2_common/hardware_gpio/gpio.c.obj
                0x1000066c                gpio_init
 *fill*         0x10000682        0x2 
 .text.running_on_fpga
                0x10000684       0x14 CMakeFiles/MacroBardo.dir/C_/Program_Files/Raspberry_Pi/Pico_SDK_v1.5.1/pico-sdk/src/rp2_common/pico_platform/platform.c.obj
                0x10000684                running_on_fpga
 .text.hw_claim_lock
                0x10000698       0x18 CMakeFiles/MacroBardo.dir/C_/Program_Files/Raspberry_Pi/Pico_SDK_v1.5.1/pico-sdk/src/rp2_common/hardware_claim/claim.c.obj
                0x10000698                hw_claim_lock
 .text.hw_claim_unlock
                0x100006b0       0x14 CMakeFiles/MacroBardo.dir/C_/Program_Files/Raspberry_Pi/Pico_SDK_v1.5.1/pico-sdk/src/rp2_common/hardware_claim/claim.c.obj
                0x100006b0                hw_claim_unlock
 .text.hw_claim_or_assert
                0x100006c4       0x32 CMakeFiles/MacroBardo.dir/C_/Program_Files/Raspberry_Pi/Pico_SDK_v1.5.1/pico-sdk/src/rp2_common/hardware_claim/claim.c.obj
                0x100006c4                hw_claim_or_assert
 .text.hw_claim_unused_from_range
                0x100006f6       0x50 CMakeFiles/MacroBardo.dir/C_/Program_Files/Raspberry_Pi/Pico_SDK_v1.5.1/pico-sdk/src/rp2_common/hardware_claim/claim.c.obj
                0x100006f6                hw_claim_unused_from_range
 *fill*         0x10000746        0x2 
 .text.spin_locks_reset
                0x10000748       0x20 CMakeFiles/MacroBardo.dir/C_/Program_Files/Raspberry_Pi/Pico_SDK_v1.5.1/pico-sdk/src/rp2_common/hardware_sync/sync.c.obj
                0x10000748                spin_locks_reset
 .text.next_striped_spin_lock_num
                0x10000768       0x1c CMakeFiles/MacroBardo.dir/C_/Program_Files/Raspberry_Pi/Pico_SDK_v1.5.1/pico-sdk/src/rp2_common/hardware_sync/sync.c.obj
                0x10000768                next_striped_spin_lock_num
 .text.spin_lock_claim_unused
                0x10000784       0x20 CMakeFiles/MacroBardo.dir/C_/Program_Files/Raspberry_Pi/Pico_SDK_v1.5.1/pico-sdk/src/rp2_common/hardware_sync/sync.c.obj
                0x10000784                spin_lock_claim_unused
 .text.set_raw_irq_handler_and_unlock
                0x100007a4       0x28 CMakeFiles/MacroBardo.dir/C_/Program_Files/Raspberry_Pi/Pico_SDK_v1.5.1/pico-sdk/src/rp2_common/hardware_irq/irq.c.obj
 .text.make_branch
                0x100007cc       0x48 CMakeFiles/MacroBardo.dir/C_/Program_Files/Raspberry_Pi/Pico_SDK_v1.5.1/pico-sdk/src/rp2_common/hardware_irq/irq.c.obj
 .text.insert_branch_and_link
                0x10000814       0x40 CMakeFiles/MacroBardo.dir/C_/Program_Files/Raspberry_Pi/Pico_SDK_v1.5.1/pico-sdk/src/rp2_common/hardware_irq/irq.c.obj
 .text.irq_is_enabled
                0x10000854       0x18 CMakeFiles/MacroBardo.dir/C_/Program_Files/Raspberry_Pi/Pico_SDK_v1.5.1/pico-sdk/src/rp2_common/hardware_irq/irq.c.obj
                0x10000854                irq_is_enabled
 .text.irq_set_mask_enabled
                0x1000086c       0x20 CMakeFiles/MacroBardo.dir/C_/Program_Files/Raspberry_Pi/Pico_SDK_v1.5.1/pico-sdk/src/rp2_common/hardware_irq/irq.c.obj
                0x1000086c                irq_set_mask_enabled
 .text.irq_set_enabled
                0x1000088c        0xe CMakeFiles/MacroBardo.dir/C_/Program_Files/Raspberry_Pi/Pico_SDK_v1.5.1/pico-sdk/src/rp2_common/hardware_irq/irq.c.obj
                0x1000088c                irq_set_enabled
 *fill*         0x1000089a        0x2 
 .text.irq_set_pending
                0x1000089c       0x10 CMakeFiles/MacroBardo.dir/C_/Program_Files/Raspberry_Pi/Pico_SDK_v1.5.1/pico-sdk/src/rp2_common/hardware_irq/irq.c.obj
                0x1000089c                irq_set_pending
 .text.irq_get_vtable_handler
                0x100008ac       0x10 CMakeFiles/MacroBardo.dir/C_/Program_Files/Raspberry_Pi/Pico_SDK_v1.5.1/pico-sdk/src/rp2_common/hardware_irq/irq.c.obj
                0x100008ac                irq_get_vtable_handler
 .text.irq_has_shared_handler
                0x100008bc       0x24 CMakeFiles/MacroBardo.dir/C_/Program_Files/Raspberry_Pi/Pico_SDK_v1.5.1/pico-sdk/src/rp2_common/hardware_irq/irq.c.obj
                0x100008bc                irq_has_shared_handler
 .text.irq_set_exclusive_handler
                0x100008e0       0x54 CMakeFiles/MacroBardo.dir/C_/Program_Files/Raspberry_Pi/Pico_SDK_v1.5.1/pico-sdk/src/rp2_common/hardware_irq/irq.c.obj
                0x100008e0                irq_set_exclusive_handler
 .text.irq_add_shared_handler
                0x10000934      0x234 CMakeFiles/MacroBardo.dir/C_/Program_Files/Raspberry_Pi/Pico_SDK_v1.5.1/pico-sdk/src/rp2_common/hardware_irq/irq.c.obj
                0x10000934                irq_add_shared_handler
 .text.irq_remove_handler
                0x10000b68      0x1ac CMakeFiles/MacroBardo.dir/C_/Program_Files/Raspberry_Pi/Pico_SDK_v1.5.1/pico-sdk/src/rp2_common/hardware_irq/irq.c.obj
                0x10000b68                irq_remove_handler
 .text.irq_add_tail_to_free_list
                0x10000d14       0xf0 CMakeFiles/MacroBardo.dir/C_/Program_Files/Raspberry_Pi/Pico_SDK_v1.5.1/pico-sdk/src/rp2_common/hardware_irq/irq.c.obj
                0x10000d14                irq_add_tail_to_free_list
 .text.irq_init_priorities
                0x10000e04       0x1c CMakeFiles/MacroBardo.dir/C_/Program_Files/Raspberry_Pi/Pico_SDK_v1.5.1/pico-sdk/src/rp2_common/hardware_irq/irq.c.obj
                0x10000e04                irq_init_priorities
 .text.user_irq_claim_unused
                0x10000e20       0x28 CMakeFiles/MacroBardo.dir/C_/Program_Files/Raspberry_Pi/Pico_SDK_v1.5.1/pico-sdk/src/rp2_common/hardware_irq/irq.c.obj
                0x10000e20                user_irq_claim_unused
 .text.lock_init
                0x10000e48       0x10 CMakeFiles/MacroBardo.dir/C_/Program_Files/Raspberry_Pi/Pico_SDK_v1.5.1/pico-sdk/src/common/pico_sync/lock_core.c.obj
                0x10000e48                lock_init
 .text.mutex_init
                0x10000e58       0x1a CMakeFiles/MacroBardo.dir/C_/Program_Files/Raspberry_Pi/Pico_SDK_v1.5.1/pico-sdk/src/common/pico_sync/mutex.c.obj
                0x10000e58                mutex_init
 .text.recursive_mutex_init
                0x10000e72       0x1e CMakeFiles/MacroBardo.dir/C_/Program_Files/Raspberry_Pi/Pico_SDK_v1.5.1/pico-sdk/src/common/pico_sync/mutex.c.obj
                0x10000e72                recursive_mutex_init
 .text.critical_section_init_with_lock_num
                0x10000e90       0x14 CMakeFiles/MacroBardo.dir/C_/Program_Files/Raspberry_Pi/Pico_SDK_v1.5.1/pico-sdk/src/common/pico_sync/critical_section.c.obj
                0x10000e90                critical_section_init_with_lock_num
 .text.critical_section_init
                0x10000ea4       0x14 CMakeFiles/MacroBardo.dir/C_/Program_Files/Raspberry_Pi/Pico_SDK_v1.5.1/pico-sdk/src/common/pico_sync/critical_section.c.obj
                0x10000ea4                critical_section_init
 .text.alarm_pool_post_alloc_init
                0x10000eb8       0x40 CMakeFiles/MacroBardo.dir/C_/Program_Files/Raspberry_Pi/Pico_SDK_v1.5.1/pico-sdk/src/common/pico_time/time.c.obj
 .text.sleep_until_callback
                0x10000ef8       0x30 CMakeFiles/MacroBardo.dir/C_/Program_Files/Raspberry_Pi/Pico_SDK_v1.5.1/pico-sdk/src/common/pico_time/time.c.obj
 .text.timer_pool_entry_comparator
                0x10000f28       0x7c CMakeFiles/MacroBardo.dir/C_/Program_Files/Raspberry_Pi/Pico_SDK_v1.5.1/pico-sdk/src/common/pico_time/time.c.obj
                0x10000f28                timer_pool_entry_comparator
 .text.ph_add_child_node
                0x10000fa4       0xa4 CMakeFiles/MacroBardo.dir/C_/Program_Files/Raspberry_Pi/Pico_SDK_v1.5.1/pico-sdk/src/common/pico_time/time.c.obj
 .text.ph_merge_nodes
                0x10001048       0x3e CMakeFiles/MacroBardo.dir/C_/Program_Files/Raspberry_Pi/Pico_SDK_v1.5.1/pico-sdk/src/common/pico_time/time.c.obj
 *fill*         0x10001086        0x2 
 .text.add_alarm_under_lock
                0x10001088      0x174 CMakeFiles/MacroBardo.dir/C_/Program_Files/Raspberry_Pi/Pico_SDK_v1.5.1/pico-sdk/src/common/pico_time/time.c.obj
 .text.alarm_pool_alarm_callback
                0x100011fc      0x33c CMakeFiles/MacroBardo.dir/C_/Program_Files/Raspberry_Pi/Pico_SDK_v1.5.1/pico-sdk/src/common/pico_time/time.c.obj
 .text.alarm_pool_init_default
                0x10001538       0x40 CMakeFiles/MacroBardo.dir/C_/Program_Files/Raspberry_Pi/Pico_SDK_v1.5.1/pico-sdk/src/common/pico_time/time.c.obj
                0x10001538                alarm_pool_init_default
 .text.alarm_pool_get_default
                0x10001578       0x2c CMakeFiles/MacroBardo.dir/C_/Program_Files/Raspberry_Pi/Pico_SDK_v1.5.1/pico-sdk/src/common/pico_time/time.c.obj
                0x10001578                alarm_pool_get_default
 .text.alarm_pool_add_alarm_at
                0x100015a4      0x168 CMakeFiles/MacroBardo.dir/C_/Program_Files/Raspberry_Pi/Pico_SDK_v1.5.1/pico-sdk/src/common/pico_time/time.c.obj
                0x100015a4                alarm_pool_add_alarm_at
 .text.alarm_pool_cancel_alarm
                0x1000170c       0xf8 CMakeFiles/MacroBardo.dir/C_/Program_Files/Raspberry_Pi/Pico_SDK_v1.5.1/pico-sdk/src/common/pico_time/time.c.obj
                0x1000170c                alarm_pool_cancel_alarm
 .text.alarm_pool_core_num
                0x10001804        0x4 CMakeFiles/MacroBardo.dir/C_/Program_Files/Raspberry_Pi/Pico_SDK_v1.5.1/pico-sdk/src/common/pico_time/time.c.obj
                0x10001804                alarm_pool_core_num
 .text.sleep_until
                0x10001808       0xfc CMakeFiles/MacroBardo.dir/C_/Program_Files/Raspberry_Pi/Pico_SDK_v1.5.1/pico-sdk/src/common/pico_time/time.c.obj
                0x10001808                sleep_until
 .text.sleep_us
                0x10001904       0x58 CMakeFiles/MacroBardo.dir/C_/Program_Files/Raspberry_Pi/Pico_SDK_v1.5.1/pico-sdk/src/common/pico_time/time.c.obj
                0x10001904                sleep_us
 .text.sleep_ms
                0x1000195c       0x14 CMakeFiles/MacroBardo.dir/C_/Program_Files/Raspberry_Pi/Pico_SDK_v1.5.1/pico-sdk/src/common/pico_time/time.c.obj
                0x1000195c                sleep_ms
 .text.best_effort_wfe_or_timeout
                0x10001970       0xac CMakeFiles/MacroBardo.dir/C_/Program_Files/Raspberry_Pi/Pico_SDK_v1.5.1/pico-sdk/src/common/pico_time/time.c.obj
                0x10001970                best_effort_wfe_or_timeout
 .text.hardware_alarm_irq_handler
                0x10001a1c       0x90 CMakeFiles/MacroBardo.dir/C_/Program_Files/Raspberry_Pi/Pico_SDK_v1.5.1/pico-sdk/src/rp2_common/hardware_timer/timer.c.obj
 .text.hardware_alarm_claim
                0x10001aac       0x18 CMakeFiles/MacroBardo.dir/C_/Program_Files/Raspberry_Pi/Pico_SDK_v1.5.1/pico-sdk/src/rp2_common/hardware_timer/timer.c.obj
                0x10001aac                hardware_alarm_claim
 .text.time_us_64
                0x10001ac4       0x18 CMakeFiles/MacroBardo.dir/C_/Program_Files/Raspberry_Pi/Pico_SDK_v1.5.1/pico-sdk/src/rp2_common/hardware_timer/timer.c.obj
                0x10001ac4                time_us_64
 .text.busy_wait_until
                0x10001adc       0x28 CMakeFiles/MacroBardo.dir/C_/Program_Files/Raspberry_Pi/Pico_SDK_v1.5.1/pico-sdk/src/rp2_common/hardware_timer/timer.c.obj
                0x10001adc                busy_wait_until
 .text.hardware_alarm_set_callback
                0x10001b04       0x90 CMakeFiles/MacroBardo.dir/C_/Program_Files/Raspberry_Pi/Pico_SDK_v1.5.1/pico-sdk/src/rp2_common/hardware_timer/timer.c.obj
                0x10001b04                hardware_alarm_set_callback
 .text.hardware_alarm_set_target
                0x10001b94       0xe8 CMakeFiles/MacroBardo.dir/C_/Program_Files/Raspberry_Pi/Pico_SDK_v1.5.1/pico-sdk/src/rp2_common/hardware_timer/timer.c.obj
                0x10001b94                hardware_alarm_set_target
 .text.hardware_alarm_cancel
                0x10001c7c       0x40 CMakeFiles/MacroBardo.dir/C_/Program_Files/Raspberry_Pi/Pico_SDK_v1.5.1/pico-sdk/src/rp2_common/hardware_timer/timer.c.obj
                0x10001c7c                hardware_alarm_cancel
 .text.ph_add_child_node
                0x10001cbc       0xa4 CMakeFiles/MacroBardo.dir/C_/Program_Files/Raspberry_Pi/Pico_SDK_v1.5.1/pico-sdk/src/common/pico_util/pheap.c.obj
 .text.ph_merge_nodes
                0x10001d60       0x3e CMakeFiles/MacroBardo.dir/C_/Program_Files/Raspberry_Pi/Pico_SDK_v1.5.1/pico-sdk/src/common/pico_util/pheap.c.obj
 *fill*         0x10001d9e        0x2 
 .text.ph_clear
                0x10001da0       0x70 CMakeFiles/MacroBardo.dir/C_/Program_Files/Raspberry_Pi/Pico_SDK_v1.5.1/pico-sdk/src/common/pico_util/pheap.c.obj
                0x10001da0                ph_clear
 .text.ph_post_alloc_init
                0x10001e10        0xe CMakeFiles/MacroBardo.dir/C_/Program_Files/Raspberry_Pi/Pico_SDK_v1.5.1/pico-sdk/src/common/pico_util/pheap.c.obj
                0x10001e10                ph_post_alloc_init
 *fill*         0x10001e1e        0x2 
 .text.ph_merge_two_pass
                0x10001e20       0xa8 CMakeFiles/MacroBardo.dir/C_/Program_Files/Raspberry_Pi/Pico_SDK_v1.5.1/pico-sdk/src/common/pico_util/pheap.c.obj
                0x10001e20                ph_merge_two_pass
 .text.ph_remove_any_head
                0x10001ec8      0x128 CMakeFiles/MacroBardo.dir/C_/Program_Files/Raspberry_Pi/Pico_SDK_v1.5.1/pico-sdk/src/common/pico_util/pheap.c.obj
 .text.ph_remove_head
                0x10001ff0       0x14 CMakeFiles/MacroBardo.dir/C_/Program_Files/Raspberry_Pi/Pico_SDK_v1.5.1/pico-sdk/src/common/pico_util/pheap.c.obj
                0x10001ff0                ph_remove_head
 .text.ph_remove_and_free_node
                0x10002004       0xf8 CMakeFiles/MacroBardo.dir/C_/Program_Files/Raspberry_Pi/Pico_SDK_v1.5.1/pico-sdk/src/common/pico_util/pheap.c.obj
                0x10002004                ph_remove_and_free_node
 .text.clock_configure
                0x100020fc      0x108 CMakeFiles/MacroBardo.dir/C_/Program_Files/Raspberry_Pi/Pico_SDK_v1.5.1/pico-sdk/src/rp2_common/hardware_clocks/clocks.c.obj
                0x100020fc                clock_configure
 .text.clocks_init
                0x10002204      0x100 CMakeFiles/MacroBardo.dir/C_/Program_Files/Raspberry_Pi/Pico_SDK_v1.5.1/pico-sdk/src/rp2_common/hardware_clocks/clocks.c.obj
                0x10002204                clocks_init
 .text.clock_get_hz
                0x10002304        0xc CMakeFiles/MacroBardo.dir/C_/Program_Files/Raspberry_Pi/Pico_SDK_v1.5.1/pico-sdk/src/rp2_common/hardware_clocks/clocks.c.obj
                0x10002304                clock_get_hz
 .text.pll_init
                0x10002310      0x120 CMakeFiles/MacroBardo.dir/C_/Program_Files/Raspberry_Pi/Pico_SDK_v1.5.1/pico-sdk/src/rp2_common/hardware_pll/pll.c.obj
                0x10002310                pll_init
 .text.watchdog_start_tick
                0x10002430       0x10 CMakeFiles/MacroBardo.dir/C_/Program_Files/Raspberry_Pi/Pico_SDK_v1.5.1/pico-sdk/src/rp2_common/hardware_watchdog/watchdog.c.obj
                0x10002430                watchdog_start_tick
 .text.watchdog_update
                0x10002440       0x14 CMakeFiles/MacroBardo.dir/C_/Program_Files/Raspberry_Pi/Pico_SDK_v1.5.1/pico-sdk/src/rp2_common/hardware_watchdog/watchdog.c.obj
                0x10002440                watchdog_update
 .text._watchdog_enable
                0x10002454       0x78 CMakeFiles/MacroBardo.dir/C_/Program_Files/Raspberry_Pi/Pico_SDK_v1.5.1/pico-sdk/src/rp2_common/hardware_watchdog/watchdog.c.obj
                0x10002454                _watchdog_enable
 .text.watchdog_reboot
                0x100024cc       0x48 CMakeFiles/MacroBardo.dir/C_/Program_Files/Raspberry_Pi/Pico_SDK_v1.5.1/pico-sdk/src/rp2_common/hardware_watchdog/watchdog.c.obj
                0x100024cc                watchdog_reboot
 .text.xosc_init
                0x10002514       0x28 CMakeFiles/MacroBardo.dir/C_/Program_Files/Raspberry_Pi/Pico_SDK_v1.5.1/pico-sdk/src/rp2_common/hardware_xosc/xosc.c.obj
                0x10002514                xosc_init
 .text._exit    0x1000253c        0x4 CMakeFiles/MacroBardo.dir/C_/Program_Files/Raspberry_Pi/Pico_SDK_v1.5.1/pico-sdk/src/rp2_common/pico_runtime/runtime.c.obj
                0x1000253c                _exit
 .text.exit     0x10002540        0x6 CMakeFiles/MacroBardo.dir/C_/Program_Files/Raspberry_Pi/Pico_SDK_v1.5.1/pico-sdk/src/rp2_common/pico_runtime/runtime.c.obj
                0x10002540                exit
 *fill*         0x10002546        0x2 
 .text.__assert_func
                0x10002548       0x3c CMakeFiles/MacroBardo.dir/C_/Program_Files/Raspberry_Pi/Pico_SDK_v1.5.1/pico-sdk/src/rp2_common/pico_runtime/runtime.c.obj
                0x10002548                __assert_func
 .text.runtime_init
                0x10002584       0xf8 CMakeFiles/MacroBardo.dir/C_/Program_Files/Raspberry_Pi/Pico_SDK_v1.5.1/pico-sdk/src/rp2_common/pico_runtime/runtime.c.obj
                0x10002584                runtime_init
 .text.panic    0x1000267c       0x30 CMakeFiles/MacroBardo.dir/C_/Program_Files/Raspberry_Pi/Pico_SDK_v1.5.1/pico-sdk/src/rp2_common/pico_runtime/runtime.c.obj
                0x1000267c                panic
 .text._out_null
                0x100026ac        0x2 CMakeFiles/MacroBardo.dir/C_/Program_Files/Raspberry_Pi/Pico_SDK_v1.5.1/pico-sdk/src/rp2_common/pico_printf/printf.c.obj
 .text._out_fct
                0x100026ae        0xe CMakeFiles/MacroBardo.dir/C_/Program_Files/Raspberry_Pi/Pico_SDK_v1.5.1/pico-sdk/src/rp2_common/pico_printf/printf.c.obj
 .text._atoi    0x100026bc       0x24 CMakeFiles/MacroBardo.dir/C_/Program_Files/Raspberry_Pi/Pico_SDK_v1.5.1/pico-sdk/src/rp2_common/pico_printf/printf.c.obj
 .text._out_rev
                0x100026e0       0xae CMakeFiles/MacroBardo.dir/C_/Program_Files/Raspberry_Pi/Pico_SDK_v1.5.1/pico-sdk/src/rp2_common/pico_printf/printf.c.obj
 .text._ntoa_format
                0x1000278e      0x112 CMakeFiles/MacroBardo.dir/C_/Program_Files/Raspberry_Pi/Pico_SDK_v1.5.1/pico-sdk/src/rp2_common/pico_printf/printf.c.obj
 .text._ntoa_long
                0x100028a0       0xbc CMakeFiles/MacroBardo.dir/C_/Program_Files/Raspberry_Pi/Pico_SDK_v1.5.1/pico-sdk/src/rp2_common/pico_printf/printf.c.obj
 .text._ntoa_long_long
                0x1000295c       0xe2 CMakeFiles/MacroBardo.dir/C_/Program_Files/Raspberry_Pi/Pico_SDK_v1.5.1/pico-sdk/src/rp2_common/pico_printf/printf.c.obj
 *fill*         0x10002a3e        0x2 
 .text._etoa    0x10002a40      0x414 CMakeFiles/MacroBardo.dir/C_/Program_Files/Raspberry_Pi/Pico_SDK_v1.5.1/pico-sdk/src/rp2_common/pico_printf/printf.c.obj
 .text._ftoa    0x10002e54      0x354 CMakeFiles/MacroBardo.dir/C_/Program_Files/Raspberry_Pi/Pico_SDK_v1.5.1/pico-sdk/src/rp2_common/pico_printf/printf.c.obj
 .text._vsnprintf
                0x100031a8      0x624 CMakeFiles/MacroBardo.dir/C_/Program_Files/Raspberry_Pi/Pico_SDK_v1.5.1/pico-sdk/src/rp2_common/pico_printf/printf.c.obj
 .text.vfctprintf
                0x100037cc       0x20 CMakeFiles/MacroBardo.dir/C_/Program_Files/Raspberry_Pi/Pico_SDK_v1.5.1/pico-sdk/src/rp2_common/pico_printf/printf.c.obj
                0x100037cc                vfctprintf
 .text          0x100037ec       0x10 CMakeFiles/MacroBardo.dir/C_/Program_Files/Raspberry_Pi/Pico_SDK_v1.5.1/pico-sdk/src/rp2_common/pico_bit_ops/bit_ops_aeabi.S.obj
 .text.rom_func_lookup
                0x100037fc       0x10 CMakeFiles/MacroBardo.dir/C_/Program_Files/Raspberry_Pi/Pico_SDK_v1.5.1/pico-sdk/src/rp2_common/pico_bootrom/bootrom.c.obj
                0x100037fc                rom_func_lookup
 .text.rom_data_lookup
                0x1000380c       0x10 CMakeFiles/MacroBardo.dir/C_/Program_Files/Raspberry_Pi/Pico_SDK_v1.5.1/pico-sdk/src/rp2_common/pico_bootrom/bootrom.c.obj
                0x1000380c                rom_data_lookup
 .text.rom_funcs_lookup
                0x1000381c       0x36 CMakeFiles/MacroBardo.dir/C_/Program_Files/Raspberry_Pi/Pico_SDK_v1.5.1/pico-sdk/src/rp2_common/pico_bootrom/bootrom.c.obj
                0x1000381c                rom_funcs_lookup
 *fill*         0x10003852        0x2 
 .text.__wrap___aeabi_idiv
                0x10003854       0x50 CMakeFiles/MacroBardo.dir/C_/Program_Files/Raspberry_Pi/Pico_SDK_v1.5.1/pico-sdk/src/rp2_common/pico_divider/divider.S.obj
                0x10003854                __wrap___aeabi_idivmod
                0x10003854                divmod_s32s32
                0x10003854                div_s32s32
                0x10003854                __wrap___aeabi_idiv
                0x1000385c                divmod_s32s32_unsafe
                0x10003888                divmod_s32s32_savestate
 .text.__wrap___aeabi_uidiv
                0x100038a4       0x4c CMakeFiles/MacroBardo.dir/C_/Program_Files/Raspberry_Pi/Pico_SDK_v1.5.1/pico-sdk/src/rp2_common/pico_divider/divider.S.obj
                0x100038a4                __wrap___aeabi_uidiv
                0x100038a4                __wrap___aeabi_uidivmod
                0x100038a4                div_u32u32
                0x100038a4                divmod_u32u32
                0x100038ac                divmod_u32u32_unsafe
                0x100038d4                divmod_u32u32_savestate
 .text.__wrap___aeabi_ldiv
                0x100038f0      0x424 CMakeFiles/MacroBardo.dir/C_/Program_Files/Raspberry_Pi/Pico_SDK_v1.5.1/pico-sdk/src/rp2_common/pico_divider/divider.S.obj
                0x100038f0                div_s64s64
                0x100038f0                divmod_s64s64
                0x100038f0                __wrap___aeabi_ldivmod
                0x10003920                divmod_u64u64
                0x10003920                div_u64u64
                0x10003920                __wrap___aeabi_uldivmod
                0x10003930                divmod_u64u64_savestate
                0x10003950                divmod_s64s64_unsafe
                0x100039d8                divmod_u64u64_unsafe
 .text.__wrap___aeabi_darithmetic
                0x10003d14       0x80 CMakeFiles/MacroBardo.dir/C_/Program_Files/Raspberry_Pi/Pico_SDK_v1.5.1/pico-sdk/src/rp2_common/pico_double/double_aeabi.S.obj
                0x10003d14                __wrap___aeabi_drsub
                0x10003d1a                __wrap___aeabi_dsub
                0x10003d2c                __wrap___aeabi_dadd
                0x10003d3e                __wrap___aeabi_ddiv
                0x10003d7a                __wrap___aeabi_dmul
 .text.__wrap___aeabi_cdcmple
                0x10003d94       0x6c CMakeFiles/MacroBardo.dir/C_/Program_Files/Raspberry_Pi/Pico_SDK_v1.5.1/pico-sdk/src/rp2_common/pico_double/double_aeabi.S.obj
                0x10003d94                __wrap___aeabi_cdrcmple
                0x10003da4                __wrap___aeabi_cdcmpeq
                0x10003da4                __wrap___aeabi_cdcmple
 .text.__wrap___aeabi_dcmplt
                0x10003e00        0xc CMakeFiles/MacroBardo.dir/C_/Program_Files/Raspberry_Pi/Pico_SDK_v1.5.1/pico-sdk/src/rp2_common/pico_double/double_aeabi.S.obj
                0x10003e00                __wrap___aeabi_dcmplt
 .text.__wrap___aeabi_dcmple
                0x10003e0c       0x10 CMakeFiles/MacroBardo.dir/C_/Program_Files/Raspberry_Pi/Pico_SDK_v1.5.1/pico-sdk/src/rp2_common/pico_double/double_aeabi.S.obj
                0x10003e0c                __wrap___aeabi_dcmple
 .text.__wrap___aeabi_dcmpge
                0x10003e1c       0x10 CMakeFiles/MacroBardo.dir/C_/Program_Files/Raspberry_Pi/Pico_SDK_v1.5.1/pico-sdk/src/rp2_common/pico_double/double_aeabi.S.obj
                0x10003e1c                __wrap___aeabi_dcmpge
 .text.__wrap___aeabi_dcmpgt
                0x10003e2c        0xa CMakeFiles/MacroBardo.dir/C_/Program_Files/Raspberry_Pi/Pico_SDK_v1.5.1/pico-sdk/src/rp2_common/pico_double/double_aeabi.S.obj
                0x10003e2c                __wrap___aeabi_dcmpgt
 .text.__wrap___aeabi_dcmpun
                0x10003e36       0x1c CMakeFiles/MacroBardo.dir/C_/Program_Files/Raspberry_Pi/Pico_SDK_v1.5.1/pico-sdk/src/rp2_common/pico_double/double_aeabi.S.obj
                0x10003e36                __wrap___aeabi_dcmpun
 *fill*         0x10003e52        0x2 
 .text.__wrap___aeabi_i2d
                0x10003e54       0x38 CMakeFiles/MacroBardo.dir/C_/Program_Files/Raspberry_Pi/Pico_SDK_v1.5.1/pico-sdk/src/rp2_common/pico_double/double_aeabi.S.obj
                0x10003e54                __wrap___aeabi_ui2d
                0x10003e5c                __wrap___aeabi_i2d
 .text.__wrap___aeabi_d2iz
                0x10003e8c       0x48 CMakeFiles/MacroBardo.dir/C_/Program_Files/Raspberry_Pi/Pico_SDK_v1.5.1/pico-sdk/src/rp2_common/pico_double/double_aeabi.S.obj
                0x10003e8c                double2int_z
                0x10003e8c                __wrap___aeabi_d2iz
 .text.__wrap___aeabi_d2uiz
                0x10003ed4       0x18 CMakeFiles/MacroBardo.dir/C_/Program_Files/Raspberry_Pi/Pico_SDK_v1.5.1/pico-sdk/src/rp2_common/pico_double/double_aeabi.S.obj
                0x10003ed4                __wrap___aeabi_d2uiz
                0x10003ed4                double2uint
 .text.__aeabi_double_init
                0x10003eec       0xc8 CMakeFiles/MacroBardo.dir/C_/Program_Files/Raspberry_Pi/Pico_SDK_v1.5.1/pico-sdk/src/rp2_common/pico_double/double_init_rom.c.obj
                0x10003eec                __aeabi_double_init
 .text.double_table_shim_on_use_helper
                0x10003fb4       0x34 CMakeFiles/MacroBardo.dir/C_/Program_Files/Raspberry_Pi/Pico_SDK_v1.5.1/pico-sdk/src/rp2_common/pico_double/double_v1_rom_shim.S.obj
                0x10003fb4                double_table_shim_on_use_helper
 .text.__wrap___aeabi_dsub
                0x10003fe8       0x10 CMakeFiles/MacroBardo.dir/C_/Program_Files/Raspberry_Pi/Pico_SDK_v1.5.1/pico-sdk/src/rp2_common/pico_double/double_v1_rom_shim.S.obj
                0x10003fe8                drsub_shim
                0x10003fee                dsub_shim
 .text.dadd_shim
                0x10003ff8      0x15c CMakeFiles/MacroBardo.dir/C_/Program_Files/Raspberry_Pi/Pico_SDK_v1.5.1/pico-sdk/src/rp2_common/pico_double/double_v1_rom_shim.S.obj
                0x10003ff8                dadd_shim
 .text.dmul_shim
                0x10004154      0x15c CMakeFiles/MacroBardo.dir/C_/Program_Files/Raspberry_Pi/Pico_SDK_v1.5.1/pico-sdk/src/rp2_common/pico_double/double_v1_rom_shim.S.obj
                0x10004154                dmul_shim
 .text.ddiv_shim
                0x100042b0      0x1b0 CMakeFiles/MacroBardo.dir/C_/Program_Files/Raspberry_Pi/Pico_SDK_v1.5.1/pico-sdk/src/rp2_common/pico_double/double_v1_rom_shim.S.obj
                0x100042b0                ddiv_shim
 .text.double2uint_shim
                0x10004460        0xe CMakeFiles/MacroBardo.dir/C_/Program_Files/Raspberry_Pi/Pico_SDK_v1.5.1/pico-sdk/src/rp2_common/pico_double/double_v1_rom_shim.S.obj
                0x10004460                double2uint_shim
                0x10004462                double2ufix_shim
 *fill*         0x1000446e        0x2 
 .text.double2uint64_shim
                0x10004470       0x70 CMakeFiles/MacroBardo.dir/C_/Program_Files/Raspberry_Pi/Pico_SDK_v1.5.1/pico-sdk/src/rp2_common/pico_double/double_v1_rom_shim.S.obj
                0x10004470                double2uint64_shim
                0x10004472                double2ufix64_shim
                0x10004492                d2fix_a
 .text.dunpacks
                0x100044e0       0x3c CMakeFiles/MacroBardo.dir/C_/Program_Files/Raspberry_Pi/Pico_SDK_v1.5.1/pico-sdk/src/rp2_common/pico_double/double_v1_rom_shim.S.obj
                0x100044e0                dunpacks
 .text.__aeabi_lmul
                0x1000451c       0x32 CMakeFiles/MacroBardo.dir/C_/Program_Files/Raspberry_Pi/Pico_SDK_v1.5.1/pico-sdk/src/rp2_common/pico_int64_ops/pico_int64_ops_aeabi.S.obj
                0x1000451c                __wrap___aeabi_lmul
 *fill*         0x1000454e        0x2 
 .text.__aeabi_float_init
                0x10004550       0xfc CMakeFiles/MacroBardo.dir/C_/Program_Files/Raspberry_Pi/Pico_SDK_v1.5.1/pico-sdk/src/rp2_common/pico_float/float_init_rom.c.obj
                0x10004550                __aeabi_float_init
 .text.float_table_shim_on_use_helper
                0x1000464c       0x34 CMakeFiles/MacroBardo.dir/C_/Program_Files/Raspberry_Pi/Pico_SDK_v1.5.1/pico-sdk/src/rp2_common/pico_float/float_v1_rom_shim.S.obj
                0x1000464c                float_table_shim_on_use_helper
 .text          0x10004680       0x10 CMakeFiles/MacroBardo.dir/C_/Program_Files/Raspberry_Pi/Pico_SDK_v1.5.1/pico-sdk/src/rp2_common/pico_mem_ops/mem_ops_aeabi.S.obj
                0x10004680                __aeabi_mem_init
 .text.memset   0x10004690        0xc CMakeFiles/MacroBardo.dir/C_/Program_Files/Raspberry_Pi/Pico_SDK_v1.5.1/pico-sdk/src/rp2_common/pico_mem_ops/mem_ops_aeabi.S.obj
                0x10004690                __wrap_memset
 .text.memcpy   0x1000469c        0xc CMakeFiles/MacroBardo.dir/C_/Program_Files/Raspberry_Pi/Pico_SDK_v1.5.1/pico-sdk/src/rp2_common/pico_mem_ops/mem_ops_aeabi.S.obj
                0x1000469c                __wrap_memcpy
                0x1000469c                __wrap___aeabi_memcpy
 .text.stdio_out_chars_no_crlf
                0x100046a8        0xe CMakeFiles/MacroBardo.dir/C_/Program_Files/Raspberry_Pi/Pico_SDK_v1.5.1/pico-sdk/src/rp2_common/pico_stdio/stdio.c.obj
 *fill*         0x100046b6        0x2 
 .text.stdio_out_chars_crlf
                0x100046b8       0x80 CMakeFiles/MacroBardo.dir/C_/Program_Files/Raspberry_Pi/Pico_SDK_v1.5.1/pico-sdk/src/rp2_common/pico_stdio/stdio.c.obj
 .text.stdio_stack_buffer_flush
                0x10004738       0x44 CMakeFiles/MacroBardo.dir/C_/Program_Files/Raspberry_Pi/Pico_SDK_v1.5.1/pico-sdk/src/rp2_common/pico_stdio/stdio.c.obj
 .text.stdio_buffered_printer
                0x1000477c       0x20 CMakeFiles/MacroBardo.dir/C_/Program_Files/Raspberry_Pi/Pico_SDK_v1.5.1/pico-sdk/src/rp2_common/pico_stdio/stdio.c.obj
 .text.stdout_serialize_begin
                0x1000479c       0x5c CMakeFiles/MacroBardo.dir/C_/Program_Files/Raspberry_Pi/Pico_SDK_v1.5.1/pico-sdk/src/rp2_common/pico_stdio/stdio.c.obj
                0x1000479c                stdout_serialize_begin
 .text.stdout_serialize_end
                0x100047f8       0x10 CMakeFiles/MacroBardo.dir/C_/Program_Files/Raspberry_Pi/Pico_SDK_v1.5.1/pico-sdk/src/rp2_common/pico_stdio/stdio.c.obj
                0x100047f8                stdout_serialize_end
 .text.stdio_put_string
                0x10004808       0x98 CMakeFiles/MacroBardo.dir/C_/Program_Files/Raspberry_Pi/Pico_SDK_v1.5.1/pico-sdk/src/rp2_common/pico_stdio/stdio.c.obj
 .text.stdio_set_driver_enabled
                0x100048a0       0x2c CMakeFiles/MacroBardo.dir/C_/Program_Files/Raspberry_Pi/Pico_SDK_v1.5.1/pico-sdk/src/rp2_common/pico_stdio/stdio.c.obj
                0x100048a0                stdio_set_driver_enabled
 .text.stdio_flush
                0x100048cc       0x20 CMakeFiles/MacroBardo.dir/C_/Program_Files/Raspberry_Pi/Pico_SDK_v1.5.1/pico-sdk/src/rp2_common/pico_stdio/stdio.c.obj
                0x100048cc                stdio_flush
 .text.__wrap_puts
                0x100048ec       0x1e CMakeFiles/MacroBardo.dir/C_/Program_Files/Raspberry_Pi/Pico_SDK_v1.5.1/pico-sdk/src/rp2_common/pico_stdio/stdio.c.obj
                0x100048ec                __wrap_puts
 *fill*         0x1000490a        0x2 
 .text.__wrap_vprintf
                0x1000490c       0x40 CMakeFiles/MacroBardo.dir/C_/Program_Files/Raspberry_Pi/Pico_SDK_v1.5.1/pico-sdk/src/rp2_common/pico_stdio/stdio.c.obj
                0x1000490c                __wrap_vprintf
 .text.__wrap_printf
                0x1000494c       0x18 CMakeFiles/MacroBardo.dir/C_/Program_Files/Raspberry_Pi/Pico_SDK_v1.5.1/pico-sdk/src/rp2_common/pico_stdio/stdio.c.obj
                0x1000494c                __wrap_printf
 .text.stdio_init_all
                0x10004964        0x8 CMakeFiles/MacroBardo.dir/C_/Program_Files/Raspberry_Pi/Pico_SDK_v1.5.1/pico-sdk/src/rp2_common/pico_stdio/stdio.c.obj
                0x10004964                stdio_init_all
 .text.resetd_init
                0x1000496c        0x2 CMakeFiles/MacroBardo.dir/C_/Program_Files/Raspberry_Pi/Pico_SDK_v1.5.1/pico-sdk/src/rp2_common/pico_stdio_usb/reset_interface.c.obj
 *fill*         0x1000496e        0x2 
 .text.resetd_reset
                0x10004970        0xc CMakeFiles/MacroBardo.dir/C_/Program_Files/Raspberry_Pi/Pico_SDK_v1.5.1/pico-sdk/src/rp2_common/pico_stdio_usb/reset_interface.c.obj
 .text.resetd_open
                0x1000497c       0x34 CMakeFiles/MacroBardo.dir/C_/Program_Files/Raspberry_Pi/Pico_SDK_v1.5.1/pico-sdk/src/rp2_common/pico_stdio_usb/reset_interface.c.obj
 .text.resetd_xfer_cb
                0x100049b0        0x4 CMakeFiles/MacroBardo.dir/C_/Program_Files/Raspberry_Pi/Pico_SDK_v1.5.1/pico-sdk/src/rp2_common/pico_stdio_usb/reset_interface.c.obj
 .text.reset_usb_boot
                0x100049b4       0x18 CMakeFiles/MacroBardo.dir/C_/Program_Files/Raspberry_Pi/Pico_SDK_v1.5.1/pico-sdk/src/rp2_common/pico_stdio_usb/reset_interface.c.obj
 .text.resetd_control_xfer_cb
                0x100049cc       0x5c CMakeFiles/MacroBardo.dir/C_/Program_Files/Raspberry_Pi/Pico_SDK_v1.5.1/pico-sdk/src/rp2_common/pico_stdio_usb/reset_interface.c.obj
 .text.usbd_app_driver_get_cb
                0x10004a28        0xc CMakeFiles/MacroBardo.dir/C_/Program_Files/Raspberry_Pi/Pico_SDK_v1.5.1/pico-sdk/src/rp2_common/pico_stdio_usb/reset_interface.c.obj
                0x10004a28                usbd_app_driver_get_cb
 .text.tud_cdc_line_coding_cb
                0x10004a34       0x28 CMakeFiles/MacroBardo.dir/C_/Program_Files/Raspberry_Pi/Pico_SDK_v1.5.1/pico-sdk/src/rp2_common/pico_stdio_usb/reset_interface.c.obj
                0x10004a34                tud_cdc_line_coding_cb
 .text.stdio_usb_set_chars_available_callback
                0x10004a5c       0x14 CMakeFiles/MacroBardo.dir/C_/Program_Files/Raspberry_Pi/Pico_SDK_v1.5.1/pico-sdk/src/rp2_common/pico_stdio_usb/stdio_usb.c.obj
                0x10004a5c                stdio_usb_set_chars_available_callback
 .text.usb_irq  0x10004a70       0x10 CMakeFiles/MacroBardo.dir/C_/Program_Files/Raspberry_Pi/Pico_SDK_v1.5.1/pico-sdk/src/rp2_common/pico_stdio_usb/stdio_usb.c.obj
 .text.timer_task
                0x10004a80       0x5c CMakeFiles/MacroBardo.dir/C_/Program_Files/Raspberry_Pi/Pico_SDK_v1.5.1/pico-sdk/src/rp2_common/pico_stdio_usb/stdio_usb.c.obj
 .text.low_priority_worker_irq
                0x10004adc       0xdc CMakeFiles/MacroBardo.dir/C_/Program_Files/Raspberry_Pi/Pico_SDK_v1.5.1/pico-sdk/src/rp2_common/pico_stdio_usb/stdio_usb.c.obj
 .text.tud_cdc_rx_cb
                0x10004bb8       0x20 CMakeFiles/MacroBardo.dir/C_/Program_Files/Raspberry_Pi/Pico_SDK_v1.5.1/pico-sdk/src/rp2_common/pico_stdio_usb/stdio_usb.c.obj
                0x10004bb8                tud_cdc_rx_cb
 .text.stdio_usb_init
                0x10004bd8      0x11c CMakeFiles/MacroBardo.dir/C_/Program_Files/Raspberry_Pi/Pico_SDK_v1.5.1/pico-sdk/src/rp2_common/pico_stdio_usb/stdio_usb.c.obj
                0x10004bd8                stdio_usb_init
 .text.stdio_usb_connected
                0x10004cf4        0xa CMakeFiles/MacroBardo.dir/C_/Program_Files/Raspberry_Pi/Pico_SDK_v1.5.1/pico-sdk/src/rp2_common/pico_stdio_usb/stdio_usb.c.obj
                0x10004cf4                stdio_usb_connected
 *fill*         0x10004cfe        0x2 
 .text.stdio_usb_in_chars
                0x10004d00       0xc4 CMakeFiles/MacroBardo.dir/C_/Program_Files/Raspberry_Pi/Pico_SDK_v1.5.1/pico-sdk/src/rp2_common/pico_stdio_usb/stdio_usb.c.obj
                0x10004d00                stdio_usb_in_chars
 .text.stdio_usb_out_chars
                0x10004dc4      0x114 CMakeFiles/MacroBardo.dir/C_/Program_Files/Raspberry_Pi/Pico_SDK_v1.5.1/pico-sdk/src/rp2_common/pico_stdio_usb/stdio_usb.c.obj
 .text.tud_descriptor_device_cb
                0x10004ed8        0x8 CMakeFiles/MacroBardo.dir/C_/Program_Files/Raspberry_Pi/Pico_SDK_v1.5.1/pico-sdk/src/rp2_common/pico_stdio_usb/stdio_usb_descriptors.c.obj
                0x10004ed8                tud_descriptor_device_cb
 .text.tud_descriptor_configuration_cb
                0x10004ee0        0x8 CMakeFiles/MacroBardo.dir/C_/Program_Files/Raspberry_Pi/Pico_SDK_v1.5.1/pico-sdk/src/rp2_common/pico_stdio_usb/stdio_usb_descriptors.c.obj
                0x10004ee0                tud_descriptor_configuration_cb
 .text.tud_descriptor_string_cb
                0x10004ee8       0x6c CMakeFiles/MacroBardo.dir/C_/Program_Files/Raspberry_Pi/Pico_SDK_v1.5.1/pico-sdk/src/rp2_common/pico_stdio_usb/stdio_usb_descriptors.c.obj
                0x10004ee8                tud_descriptor_string_cb
 .text._retrieve_unique_id_on_boot
                0x10004f54       0x10 CMakeFiles/MacroBardo.dir/C_/Program_Files/Raspberry_Pi/Pico_SDK_v1.5.1/pico-sdk/src/rp2_common/pico_unique_id/unique_id.c.obj
 .text.pico_get_unique_board_id_string
                0x10004f64       0x60 CMakeFiles/MacroBardo.dir/C_/Program_Files/Raspberry_Pi/Pico_SDK_v1.5.1/pico-sdk/src/rp2_common/pico_unique_id/unique_id.c.obj
                0x10004f64                pico_get_unique_board_id_string
 .text.flash_get_unique_id
                0x10004fc4       0x46 CMakeFiles/MacroBardo.dir/C_/Program_Files/Raspberry_Pi/Pico_SDK_v1.5.1/pico-sdk/src/rp2_common/hardware_flash/flash.c.obj
                0x10004fc4                flash_get_unique_id
 *fill*         0x1000500a        0x2 
 .text.hw_endpoint_get_by_addr
                0x1000500c       0x18 CMakeFiles/MacroBardo.dir/C_/Program_Files/Raspberry_Pi/Pico_SDK_v1.5.1/pico-sdk/lib/tinyusb/src/portable/raspberrypi/rp2040/dcd_rp2040.c.obj
 .text._hw_endpoint_alloc
                0x10005024       0x70 CMakeFiles/MacroBardo.dir/C_/Program_Files/Raspberry_Pi/Pico_SDK_v1.5.1/pico-sdk/lib/tinyusb/src/portable/raspberrypi/rp2040/dcd_rp2040.c.obj
 .text.hw_endpoint_init
                0x10005094       0x88 CMakeFiles/MacroBardo.dir/C_/Program_Files/Raspberry_Pi/Pico_SDK_v1.5.1/pico-sdk/lib/tinyusb/src/portable/raspberrypi/rp2040/dcd_rp2040.c.obj
 .text.hw_endpoint_xfer
                0x1000511c       0x14 CMakeFiles/MacroBardo.dir/C_/Program_Files/Raspberry_Pi/Pico_SDK_v1.5.1/pico-sdk/lib/tinyusb/src/portable/raspberrypi/rp2040/dcd_rp2040.c.obj
 .text.dcd_int_enable
                0x10005130       0x2c CMakeFiles/MacroBardo.dir/C_/Program_Files/Raspberry_Pi/Pico_SDK_v1.5.1/pico-sdk/lib/tinyusb/src/portable/raspberrypi/rp2040/dcd_rp2040.c.obj
                0x10005130                dcd_int_enable
 .text.dcd_set_address
                0x1000515c       0x2c CMakeFiles/MacroBardo.dir/C_/Program_Files/Raspberry_Pi/Pico_SDK_v1.5.1/pico-sdk/lib/tinyusb/src/portable/raspberrypi/rp2040/dcd_rp2040.c.obj
                0x1000515c                dcd_set_address
 .text.dcd_connect
                0x10005188       0x10 CMakeFiles/MacroBardo.dir/C_/Program_Files/Raspberry_Pi/Pico_SDK_v1.5.1/pico-sdk/lib/tinyusb/src/portable/raspberrypi/rp2040/dcd_rp2040.c.obj
                0x10005188                dcd_connect
 .text.dcd_init
                0x10005198       0x80 CMakeFiles/MacroBardo.dir/C_/Program_Files/Raspberry_Pi/Pico_SDK_v1.5.1/pico-sdk/lib/tinyusb/src/portable/raspberrypi/rp2040/dcd_rp2040.c.obj
                0x10005198                dcd_init
 .text.dcd_edpt0_status_complete
                0x10005218       0x1c CMakeFiles/MacroBardo.dir/C_/Program_Files/Raspberry_Pi/Pico_SDK_v1.5.1/pico-sdk/lib/tinyusb/src/portable/raspberrypi/rp2040/dcd_rp2040.c.obj
                0x10005218                dcd_edpt0_status_complete
 .text.dcd_edpt_open
                0x10005234       0x40 CMakeFiles/MacroBardo.dir/C_/Program_Files/Raspberry_Pi/Pico_SDK_v1.5.1/pico-sdk/lib/tinyusb/src/portable/raspberrypi/rp2040/dcd_rp2040.c.obj
                0x10005234                dcd_edpt_open
 .text.dcd_edpt_close_all
                0x10005274        0x8 CMakeFiles/MacroBardo.dir/C_/Program_Files/Raspberry_Pi/Pico_SDK_v1.5.1/pico-sdk/lib/tinyusb/src/portable/raspberrypi/rp2040/dcd_rp2040.c.obj
                0x10005274                dcd_edpt_close_all
 .text.dcd_edpt_xfer
                0x1000527c       0x34 CMakeFiles/MacroBardo.dir/C_/Program_Files/Raspberry_Pi/Pico_SDK_v1.5.1/pico-sdk/lib/tinyusb/src/portable/raspberrypi/rp2040/dcd_rp2040.c.obj
                0x1000527c                dcd_edpt_xfer
 .text.dcd_edpt_stall
                0x100052b0       0x2c CMakeFiles/MacroBardo.dir/C_/Program_Files/Raspberry_Pi/Pico_SDK_v1.5.1/pico-sdk/lib/tinyusb/src/portable/raspberrypi/rp2040/dcd_rp2040.c.obj
                0x100052b0                dcd_edpt_stall
 .text.dcd_edpt_clear_stall
                0x100052dc       0x20 CMakeFiles/MacroBardo.dir/C_/Program_Files/Raspberry_Pi/Pico_SDK_v1.5.1/pico-sdk/lib/tinyusb/src/portable/raspberrypi/rp2040/dcd_rp2040.c.obj
                0x100052dc                dcd_edpt_clear_stall
 .text.rp2040_usb_init
                0x100052fc       0x4c CMakeFiles/MacroBardo.dir/C_/Program_Files/Raspberry_Pi/Pico_SDK_v1.5.1/pico-sdk/lib/tinyusb/src/portable/raspberrypi/rp2040/rp2040_usb.c.obj
                0x100052fc                rp2040_usb_init
 .text.hw_endpoint_xfer_start
                0x10005348       0x50 CMakeFiles/MacroBardo.dir/C_/Program_Files/Raspberry_Pi/Pico_SDK_v1.5.1/pico-sdk/lib/tinyusb/src/portable/raspberrypi/rp2040/rp2040_usb.c.obj
                0x10005348                hw_endpoint_xfer_start
 .text.configuration_reset
                0x10005398       0x84 CMakeFiles/MacroBardo.dir/C_/Program_Files/Raspberry_Pi/Pico_SDK_v1.5.1/pico-sdk/lib/tinyusb/src/device/usbd.c.obj
 .text.usbd_reset
                0x1000541c        0xc CMakeFiles/MacroBardo.dir/C_/Program_Files/Raspberry_Pi/Pico_SDK_v1.5.1/pico-sdk/lib/tinyusb/src/device/usbd.c.obj
 .text.invoke_class_control
                0x10005428       0x1a CMakeFiles/MacroBardo.dir/C_/Program_Files/Raspberry_Pi/Pico_SDK_v1.5.1/pico-sdk/lib/tinyusb/src/device/usbd.c.obj
 *fill*         0x10005442        0x2 
 .text.process_set_config
                0x10005444      0x178 CMakeFiles/MacroBardo.dir/C_/Program_Files/Raspberry_Pi/Pico_SDK_v1.5.1/pico-sdk/lib/tinyusb/src/device/usbd.c.obj
 .text.process_get_descriptor
                0x100055bc       0xdc CMakeFiles/MacroBardo.dir/C_/Program_Files/Raspberry_Pi/Pico_SDK_v1.5.1/pico-sdk/lib/tinyusb/src/device/usbd.c.obj
 .text.tud_mounted
                0x10005698       0x10 CMakeFiles/MacroBardo.dir/C_/Program_Files/Raspberry_Pi/Pico_SDK_v1.5.1/pico-sdk/lib/tinyusb/src/device/usbd.c.obj
                0x10005698                tud_mounted
 .text.tud_suspended
                0x100056a8       0x10 CMakeFiles/MacroBardo.dir/C_/Program_Files/Raspberry_Pi/Pico_SDK_v1.5.1/pico-sdk/lib/tinyusb/src/device/usbd.c.obj
                0x100056a8                tud_suspended
 .text.tud_inited
                0x100056b8       0x14 CMakeFiles/MacroBardo.dir/C_/Program_Files/Raspberry_Pi/Pico_SDK_v1.5.1/pico-sdk/lib/tinyusb/src/device/usbd.c.obj
                0x100056b8                tud_inited
 .text.tud_init
                0x100056cc       0xcc CMakeFiles/MacroBardo.dir/C_/Program_Files/Raspberry_Pi/Pico_SDK_v1.5.1/pico-sdk/lib/tinyusb/src/device/usbd.c.obj
                0x100056cc                tud_init
 .text.usbd_defer_func
                0x10005798       0x2a CMakeFiles/MacroBardo.dir/C_/Program_Files/Raspberry_Pi/Pico_SDK_v1.5.1/pico-sdk/lib/tinyusb/src/device/usbd.c.obj
                0x10005798                usbd_defer_func
 *fill*         0x100057c2        0x2 
 .text.usbd_edpt_open
                0x100057c4       0x34 CMakeFiles/MacroBardo.dir/C_/Program_Files/Raspberry_Pi/Pico_SDK_v1.5.1/pico-sdk/lib/tinyusb/src/device/usbd.c.obj
                0x100057c4                usbd_edpt_open
 .text.usbd_open_edpt_pair
                0x100057f8       0x62 CMakeFiles/MacroBardo.dir/C_/Program_Files/Raspberry_Pi/Pico_SDK_v1.5.1/pico-sdk/lib/tinyusb/src/device/usbd.c.obj
                0x100057f8                usbd_open_edpt_pair
 *fill*         0x1000585a        0x2 
 .text.usbd_edpt_claim
                0x1000585c       0x28 CMakeFiles/MacroBardo.dir/C_/Program_Files/Raspberry_Pi/Pico_SDK_v1.5.1/pico-sdk/lib/tinyusb/src/device/usbd.c.obj
                0x1000585c                usbd_edpt_claim
 .text.usbd_edpt_release
                0x10005884       0x28 CMakeFiles/MacroBardo.dir/C_/Program_Files/Raspberry_Pi/Pico_SDK_v1.5.1/pico-sdk/lib/tinyusb/src/device/usbd.c.obj
                0x10005884                usbd_edpt_release
 .text.usbd_edpt_xfer
                0x100058ac       0x78 CMakeFiles/MacroBardo.dir/C_/Program_Files/Raspberry_Pi/Pico_SDK_v1.5.1/pico-sdk/lib/tinyusb/src/device/usbd.c.obj
                0x100058ac                usbd_edpt_xfer
 .text.usbd_edpt_stall
                0x10005924       0x48 CMakeFiles/MacroBardo.dir/C_/Program_Files/Raspberry_Pi/Pico_SDK_v1.5.1/pico-sdk/lib/tinyusb/src/device/usbd.c.obj
                0x10005924                usbd_edpt_stall
 .text.usbd_edpt_clear_stall
                0x1000596c       0x48 CMakeFiles/MacroBardo.dir/C_/Program_Files/Raspberry_Pi/Pico_SDK_v1.5.1/pico-sdk/lib/tinyusb/src/device/usbd.c.obj
                0x1000596c                usbd_edpt_clear_stall
 .text.usbd_edpt_stalled
                0x100059b4       0x1c CMakeFiles/MacroBardo.dir/C_/Program_Files/Raspberry_Pi/Pico_SDK_v1.5.1/pico-sdk/lib/tinyusb/src/device/usbd.c.obj
                0x100059b4                usbd_edpt_stalled
 .text.process_control_request
                0x100059d0      0x37c CMakeFiles/MacroBardo.dir/C_/Program_Files/Raspberry_Pi/Pico_SDK_v1.5.1/pico-sdk/lib/tinyusb/src/device/usbd.c.obj
 .text.tud_task_ext
                0x10005d4c      0x1b8 CMakeFiles/MacroBardo.dir/C_/Program_Files/Raspberry_Pi/Pico_SDK_v1.5.1/pico-sdk/lib/tinyusb/src/device/usbd.c.obj
                0x10005d4c                tud_task_ext
 .text._data_stage_xact
                0x10005f04       0x58 CMakeFiles/MacroBardo.dir/C_/Program_Files/Raspberry_Pi/Pico_SDK_v1.5.1/pico-sdk/lib/tinyusb/src/device/usbd_control.c.obj
 .text.tud_control_status
                0x10005f5c       0x38 CMakeFiles/MacroBardo.dir/C_/Program_Files/Raspberry_Pi/Pico_SDK_v1.5.1/pico-sdk/lib/tinyusb/src/device/usbd_control.c.obj
                0x10005f5c                tud_control_status
 .text.tud_control_xfer
                0x10005f94       0x74 CMakeFiles/MacroBardo.dir/C_/Program_Files/Raspberry_Pi/Pico_SDK_v1.5.1/pico-sdk/lib/tinyusb/src/device/usbd_control.c.obj
                0x10005f94                tud_control_xfer
 .text.usbd_control_reset
                0x10006008       0x14 CMakeFiles/MacroBardo.dir/C_/Program_Files/Raspberry_Pi/Pico_SDK_v1.5.1/pico-sdk/lib/tinyusb/src/device/usbd_control.c.obj
                0x10006008                usbd_control_reset
 .text.usbd_control_set_complete_callback
                0x1000601c        0xc CMakeFiles/MacroBardo.dir/C_/Program_Files/Raspberry_Pi/Pico_SDK_v1.5.1/pico-sdk/lib/tinyusb/src/device/usbd_control.c.obj
                0x1000601c                usbd_control_set_complete_callback
 .text.usbd_control_set_request
                0x10006028       0x1c CMakeFiles/MacroBardo.dir/C_/Program_Files/Raspberry_Pi/Pico_SDK_v1.5.1/pico-sdk/lib/tinyusb/src/device/usbd_control.c.obj
                0x10006028                usbd_control_set_request
 .text.usbd_control_xfer_cb
                0x10006044       0xcc CMakeFiles/MacroBardo.dir/C_/Program_Files/Raspberry_Pi/Pico_SDK_v1.5.1/pico-sdk/lib/tinyusb/src/device/usbd_control.c.obj
                0x10006044                usbd_control_xfer_cb
 .text._prep_out_transaction
                0x10006110       0x4a CMakeFiles/MacroBardo.dir/C_/Program_Files/Raspberry_Pi/Pico_SDK_v1.5.1/pico-sdk/lib/tinyusb/src/class/cdc/cdc_device.c.obj
 *fill*         0x1000615a        0x2 
 .text.tud_cdc_n_connected
                0x1000615c       0x44 CMakeFiles/MacroBardo.dir/C_/Program_Files/Raspberry_Pi/Pico_SDK_v1.5.1/pico-sdk/lib/tinyusb/src/class/cdc/cdc_device.c.obj
                0x1000615c                tud_cdc_n_connected
 .text.tud_cdc_n_available
                0x100061a0       0x18 CMakeFiles/MacroBardo.dir/C_/Program_Files/Raspberry_Pi/Pico_SDK_v1.5.1/pico-sdk/lib/tinyusb/src/class/cdc/cdc_device.c.obj
                0x100061a0                tud_cdc_n_available
 .text.tud_cdc_n_read
                0x100061b8       0x28 CMakeFiles/MacroBardo.dir/C_/Program_Files/Raspberry_Pi/Pico_SDK_v1.5.1/pico-sdk/lib/tinyusb/src/class/cdc/cdc_device.c.obj
                0x100061b8                tud_cdc_n_read
 .text.tud_cdc_n_write_flush
                0x100061e0       0xb8 CMakeFiles/MacroBardo.dir/C_/Program_Files/Raspberry_Pi/Pico_SDK_v1.5.1/pico-sdk/lib/tinyusb/src/class/cdc/cdc_device.c.obj
                0x100061e0                tud_cdc_n_write_flush
 .text.tud_cdc_n_write
                0x10006298       0x38 CMakeFiles/MacroBardo.dir/C_/Program_Files/Raspberry_Pi/Pico_SDK_v1.5.1/pico-sdk/lib/tinyusb/src/class/cdc/cdc_device.c.obj
                0x10006298                tud_cdc_n_write
 .text.tud_cdc_n_write_available
                0x100062d0       0x1c CMakeFiles/MacroBardo.dir/C_/Program_Files/Raspberry_Pi/Pico_SDK_v1.5.1/pico-sdk/lib/tinyusb/src/class/cdc/cdc_device.c.obj
                0x100062d0                tud_cdc_n_write_available
 .text.cdcd_init
                0x100062ec       0xbc CMakeFiles/MacroBardo.dir/C_/Program_Files/Raspberry_Pi/Pico_SDK_v1.5.1/pico-sdk/lib/tinyusb/src/class/cdc/cdc_device.c.obj
                0x100062ec                cdcd_init
 .text.cdcd_reset
                0x100063a8       0x44 CMakeFiles/MacroBardo.dir/C_/Program_Files/Raspberry_Pi/Pico_SDK_v1.5.1/pico-sdk/lib/tinyusb/src/class/cdc/cdc_device.c.obj
                0x100063a8                cdcd_reset
 .text.cdcd_open
                0x100063ec       0xcc CMakeFiles/MacroBardo.dir/C_/Program_Files/Raspberry_Pi/Pico_SDK_v1.5.1/pico-sdk/lib/tinyusb/src/class/cdc/cdc_device.c.obj
                0x100063ec                cdcd_open
 .text.cdcd_control_xfer_cb
                0x100064b8      0x134 CMakeFiles/MacroBardo.dir/C_/Program_Files/Raspberry_Pi/Pico_SDK_v1.5.1/pico-sdk/lib/tinyusb/src/class/cdc/cdc_device.c.obj
                0x100064b8                cdcd_control_xfer_cb
 .text.cdcd_xfer_cb
                0x100065ec      0x130 CMakeFiles/MacroBardo.dir/C_/Program_Files/Raspberry_Pi/Pico_SDK_v1.5.1/pico-sdk/lib/tinyusb/src/class/cdc/cdc_device.c.obj
                0x100065ec                cdcd_xfer_cb
 .text.tusb_init
                0x1000671c        0xa CMakeFiles/MacroBardo.dir/C_/Program_Files/Raspberry_Pi/Pico_SDK_v1.5.1/pico-sdk/lib/tinyusb/src/tusb.c.obj
                0x1000671c                tusb_init
 .text.tusb_inited
                0x10006726        0xe CMakeFiles/MacroBardo.dir/C_/Program_Files/Raspberry_Pi/Pico_SDK_v1.5.1/pico-sdk/lib/tinyusb/src/tusb.c.obj
                0x10006726                tusb_inited
 .text.tu_edpt_claim
                0x10006734       0x50 CMakeFiles/MacroBardo.dir/C_/Program_Files/Raspberry_Pi/Pico_SDK_v1.5.1/pico-sdk/lib/tinyusb/src/tusb.c.obj
                0x10006734                tu_edpt_claim
 .text.tu_edpt_release
                0x10006784       0x3c CMakeFiles/MacroBardo.dir/C_/Program_Files/Raspberry_Pi/Pico_SDK_v1.5.1/pico-sdk/lib/tinyusb/src/tusb.c.obj
                0x10006784                tu_edpt_release
 .text.tu_edpt_validate
                0x100067c0       0x78 CMakeFiles/MacroBardo.dir/C_/Program_Files/Raspberry_Pi/Pico_SDK_v1.5.1/pico-sdk/lib/tinyusb/src/tusb.c.obj
                0x100067c0                tu_edpt_validate
 .text.tu_edpt_bind_driver
                0x10006838       0x26 CMakeFiles/MacroBardo.dir/C_/Program_Files/Raspberry_Pi/Pico_SDK_v1.5.1/pico-sdk/lib/tinyusb/src/tusb.c.obj
                0x10006838                tu_edpt_bind_driver
 .text.advance_index
                0x1000685e       0x1a CMakeFiles/MacroBardo.dir/C_/Program_Files/Raspberry_Pi/Pico_SDK_v1.5.1/pico-sdk/lib/tinyusb/src/common/tusb_fifo.c.obj
 .text._tu_fifo_peek
                0x10006878       0x56 CMakeFiles/MacroBardo.dir/C_/Program_Files/Raspberry_Pi/Pico_SDK_v1.5.1/pico-sdk/lib/tinyusb/src/common/tusb_fifo.c.obj
 .text._ff_pull_const_addr
                0x100068ce       0x4c CMakeFiles/MacroBardo.dir/C_/Program_Files/Raspberry_Pi/Pico_SDK_v1.5.1/pico-sdk/lib/tinyusb/src/common/tusb_fifo.c.obj
 .text._ff_pull_n
                0x1000691a      0x110 CMakeFiles/MacroBardo.dir/C_/Program_Files/Raspberry_Pi/Pico_SDK_v1.5.1/pico-sdk/lib/tinyusb/src/common/tusb_fifo.c.obj
 .text._tu_fifo_peek_n
                0x10006a2a       0x6a CMakeFiles/MacroBardo.dir/C_/Program_Files/Raspberry_Pi/Pico_SDK_v1.5.1/pico-sdk/lib/tinyusb/src/common/tusb_fifo.c.obj
 .text._tu_fifo_read_n
                0x10006a94       0x4e CMakeFiles/MacroBardo.dir/C_/Program_Files/Raspberry_Pi/Pico_SDK_v1.5.1/pico-sdk/lib/tinyusb/src/common/tusb_fifo.c.obj
 .text._ff_push_const_addr
                0x10006ae2       0x40 CMakeFiles/MacroBardo.dir/C_/Program_Files/Raspberry_Pi/Pico_SDK_v1.5.1/pico-sdk/lib/tinyusb/src/common/tusb_fifo.c.obj
 .text._ff_push_n
                0x10006b22      0x10c CMakeFiles/MacroBardo.dir/C_/Program_Files/Raspberry_Pi/Pico_SDK_v1.5.1/pico-sdk/lib/tinyusb/src/common/tusb_fifo.c.obj
 .text._tu_fifo_write_n
                0x10006c2e       0xf0 CMakeFiles/MacroBardo.dir/C_/Program_Files/Raspberry_Pi/Pico_SDK_v1.5.1/pico-sdk/lib/tinyusb/src/common/tusb_fifo.c.obj
 .text.tu_fifo_config
                0x10006d1e       0x7c CMakeFiles/MacroBardo.dir/C_/Program_Files/Raspberry_Pi/Pico_SDK_v1.5.1/pico-sdk/lib/tinyusb/src/common/tusb_fifo.c.obj
                0x10006d1e                tu_fifo_config
 .text.tu_fifo_count
                0x10006d9a       0x2a CMakeFiles/MacroBardo.dir/C_/Program_Files/Raspberry_Pi/Pico_SDK_v1.5.1/pico-sdk/lib/tinyusb/src/common/tusb_fifo.c.obj
                0x10006d9a                tu_fifo_count
 .text.tu_fifo_empty
                0x10006dc4       0x10 CMakeFiles/MacroBardo.dir/C_/Program_Files/Raspberry_Pi/Pico_SDK_v1.5.1/pico-sdk/lib/tinyusb/src/common/tusb_fifo.c.obj
                0x10006dc4                tu_fifo_empty
 .text.tu_fifo_full
                0x10006dd4       0x28 CMakeFiles/MacroBardo.dir/C_/Program_Files/Raspberry_Pi/Pico_SDK_v1.5.1/pico-sdk/lib/tinyusb/src/common/tusb_fifo.c.obj
                0x10006dd4                tu_fifo_full
 .text.tu_fifo_remaining
                0x10006dfc       0x2c CMakeFiles/MacroBardo.dir/C_/Program_Files/Raspberry_Pi/Pico_SDK_v1.5.1/pico-sdk/lib/tinyusb/src/common/tusb_fifo.c.obj
                0x10006dfc                tu_fifo_remaining
 .text.tu_fifo_read
                0x10006e28       0x42 CMakeFiles/MacroBardo.dir/C_/Program_Files/Raspberry_Pi/Pico_SDK_v1.5.1/pico-sdk/lib/tinyusb/src/common/tusb_fifo.c.obj
                0x10006e28                tu_fifo_read
 .text.tu_fifo_read_n
                0x10006e6a        0xa CMakeFiles/MacroBardo.dir/C_/Program_Files/Raspberry_Pi/Pico_SDK_v1.5.1/pico-sdk/lib/tinyusb/src/common/tusb_fifo.c.obj
                0x10006e6a                tu_fifo_read_n
 .text.tu_fifo_write
                0x10006e74       0x64 CMakeFiles/MacroBardo.dir/C_/Program_Files/Raspberry_Pi/Pico_SDK_v1.5.1/pico-sdk/lib/tinyusb/src/common/tusb_fifo.c.obj
                0x10006e74                tu_fifo_write
 .text.tu_fifo_write_n
                0x10006ed8        0xa CMakeFiles/MacroBardo.dir/C_/Program_Files/Raspberry_Pi/Pico_SDK_v1.5.1/pico-sdk/lib/tinyusb/src/common/tusb_fifo.c.obj
                0x10006ed8                tu_fifo_write_n
 .text.tu_fifo_clear
                0x10006ee2       0x3e CMakeFiles/MacroBardo.dir/C_/Program_Files/Raspberry_Pi/Pico_SDK_v1.5.1/pico-sdk/lib/tinyusb/src/common/tusb_fifo.c.obj
                0x10006ee2                tu_fifo_clear
 .text.tu_fifo_set_overwritable
                0x10006f20       0x46 CMakeFiles/MacroBardo.dir/C_/Program_Files/Raspberry_Pi/Pico_SDK_v1.5.1/pico-sdk/lib/tinyusb/src/common/tusb_fifo.c.obj
                0x10006f20                tu_fifo_set_overwritable
 .text.spi_set_baudrate
                0x10006f66       0xcc CMakeFiles/MacroBardo.dir/C_/Program_Files/Raspberry_Pi/Pico_SDK_v1.5.1/pico-sdk/src/rp2_common/hardware_spi/spi.c.obj
                0x10006f66                spi_set_baudrate
 *fill*         0x10007032        0x2 
 .text.spi_init
                0x10007034       0x74 CMakeFiles/MacroBardo.dir/C_/Program_Files/Raspberry_Pi/Pico_SDK_v1.5.1/pico-sdk/src/rp2_common/hardware_spi/spi.c.obj
                0x10007034                spi_init
 .text.EPD_2IN9_V2_Reset
                0x100070a8       0x34 WaveshareLib/e-Paper/libePaper.a(EPD_2in9_V2.c.obj)
 .text.EPD_2IN9_V2_SendCommand
                0x100070dc       0x30 WaveshareLib/e-Paper/libePaper.a(EPD_2in9_V2.c.obj)
 .text.EPD_2IN9_V2_SendData
                0x1000710c       0x30 WaveshareLib/e-Paper/libePaper.a(EPD_2in9_V2.c.obj)
 .text.EPD_2IN9_V2_SetWindows
                0x1000713c       0x40 WaveshareLib/e-Paper/libePaper.a(EPD_2in9_V2.c.obj)
 .text.EPD_2IN9_V2_SetCursor
                0x1000717c       0x26 WaveshareLib/e-Paper/libePaper.a(EPD_2in9_V2.c.obj)
 *fill*         0x100071a2        0x2 
 .text.EPD_2IN9_V2_ReadBusy
                0x100071a4       0x24 WaveshareLib/e-Paper/libePaper.a(EPD_2in9_V2.c.obj)
                0x100071a4                EPD_2IN9_V2_ReadBusy
 .text.EPD_2IN9_V2_LUT
                0x100071c8       0x22 WaveshareLib/e-Paper/libePaper.a(EPD_2in9_V2.c.obj)
 .text.EPD_2IN9_V2_LUT_by_host
                0x100071ea       0x52 WaveshareLib/e-Paper/libePaper.a(EPD_2in9_V2.c.obj)
 .text.EPD_2IN9_V2_TurnOnDisplay
                0x1000723c       0x1a WaveshareLib/e-Paper/libePaper.a(EPD_2in9_V2.c.obj)
 *fill*         0x10007256        0x2 
 .text.EPD_2IN9_V2_Init
                0x10007258       0x78 WaveshareLib/e-Paper/libePaper.a(EPD_2in9_V2.c.obj)
                0x10007258                EPD_2IN9_V2_Init
 .text.EPD_2IN9_V2_Clear
                0x100072d0       0x40 WaveshareLib/e-Paper/libePaper.a(EPD_2in9_V2.c.obj)
                0x100072d0                EPD_2IN9_V2_Clear
 .text.DEV_Digital_Write
                0x10007310       0x18 WaveshareLib/Config/libConfig.a(DEV_Config.c.obj)
                0x10007310                DEV_Digital_Write
 .text.DEV_Digital_Read
                0x10007328        0xe WaveshareLib/Config/libConfig.a(DEV_Config.c.obj)
                0x10007328                DEV_Digital_Read
 *fill*         0x10007336        0x2 
 .text.DEV_SPI_WriteByte
                0x10007338       0x1c WaveshareLib/Config/libConfig.a(DEV_Config.c.obj)
                0x10007338                DEV_SPI_WriteByte
 .text.DEV_GPIO_Mode
                0x10007354       0x26 WaveshareLib/Config/libConfig.a(DEV_Config.c.obj)
                0x10007354                DEV_GPIO_Mode
 .text.DEV_Delay_ms
                0x1000737a        0x8 WaveshareLib/Config/libConfig.a(DEV_Config.c.obj)
                0x1000737a                DEV_Delay_ms
 *fill*         0x10007382        0x2 
 .text.DEV_GPIO_Init
                0x10007384       0x68 WaveshareLib/Config/libConfig.a(DEV_Config.c.obj)
                0x10007384                DEV_GPIO_Init
 .text.DEV_Module_Init
                0x100073ec       0x44 WaveshareLib/Config/libConfig.a(DEV_Config.c.obj)
                0x100073ec                DEV_Module_Init
 .text.strlen   0x10007430       0x5c c:/progra~1/raspbe~1/picosd~1.1/gcc-ar~1/bin/../lib/gcc/arm-none-eabi/10.3.1/../../../../arm-none-eabi/lib/thumb/v6-m/nofp\libg.a(lib_a-strlen-stub.o)
                0x10007430                strlen
 *(.fini)
 .fini          0x1000748c        0x4 c:/progra~1/raspbe~1/picosd~1.1/gcc-ar~1/bin/../lib/gcc/arm-none-eabi/10.3.1/thumb/v6-m/nofp/crti.o
                0x1000748c                _fini
 .fini.__stub   0x10007490       0xf0 linker stubs
 *crtbegin.o(.ctors)
 *crtbegin?.o(.ctors)
 *(EXCLUDE_FILE(*crtend.o *crtend?.o) .ctors)
 *(SORT_BY_NAME(.ctors.*))
 *(.ctors)
 *crtbegin.o(.dtors)
 *crtbegin?.o(.dtors)
 *(EXCLUDE_FILE(*crtend.o *crtend?.o) .dtors)
 *(SORT_BY_NAME(.dtors.*))
 *(.dtors)
 *(.eh_frame*)
 .eh_frame      0x10007580        0x0 c:/progra~1/raspbe~1/picosd~1.1/gcc-ar~1/bin/../lib/gcc/arm-none-eabi/10.3.1/thumb/v6-m/nofp/crtbegin.o
                0x10007580                . = ALIGN (0x4)

.glue_7         0x10007580        0x0
 .glue_7        0x10007580        0x0 linker stubs

.glue_7t        0x10007580        0x0
 .glue_7t       0x10007580        0x0 linker stubs

.vfp11_veneer   0x10007580        0x0
 .vfp11_veneer  0x10007580        0x0 linker stubs

.v4_bx          0x10007580        0x0
 .v4_bx         0x10007580        0x0 linker stubs

.iplt           0x10007580        0x0
 .iplt          0x10007580        0x0 c:/progra~1/raspbe~1/picosd~1.1/gcc-ar~1/bin/../lib/gcc/arm-none-eabi/10.3.1/thumb/v6-m/nofp/crtbegin.o

.rodata         0x10007580     0x17c8
 *(EXCLUDE_FILE(*libm.a: *libc.a:*lib_a-mem*.o *libgcc.a:) .rodata*)
 .rodata.init_display.str1.4
                0x10007580       0x3b CMakeFiles/MacroBardo.dir/main.c.obj
 *fill*         0x100075bb        0x1 
 .rodata.print_direction_on_display.str1.4
                0x100075bc        0x8 CMakeFiles/MacroBardo.dir/main.c.obj
 .rodata.main.str1.4
                0x100075c4       0x13 CMakeFiles/MacroBardo.dir/main.c.obj
 *fill*         0x100075d7        0x1 
 .rodata.BUTTON_PINS
                0x100075d8       0x28 CMakeFiles/MacroBardo.dir/main.c.obj
                0x100075d8                BUTTON_PINS
 .rodata.spin_lock_claim_unused.str1.4
                0x10007600       0x1b CMakeFiles/MacroBardo.dir/C_/Program_Files/Raspberry_Pi/Pico_SDK_v1.5.1/pico-sdk/src/rp2_common/hardware_sync/sync.c.obj
 *fill*         0x1000761b        0x1 
 .rodata.make_branch.str1.4
                0x1000761c       0x89 CMakeFiles/MacroBardo.dir/C_/Program_Files/Raspberry_Pi/Pico_SDK_v1.5.1/pico-sdk/src/rp2_common/hardware_irq/irq.c.obj
 *fill*         0x100076a5        0x3 
 .rodata.insert_branch_and_link.str1.4
                0x100076a8       0x10 CMakeFiles/MacroBardo.dir/C_/Program_Files/Raspberry_Pi/Pico_SDK_v1.5.1/pico-sdk/src/rp2_common/hardware_irq/irq.c.obj
 .rodata.irq_set_exclusive_handler.str1.4
                0x100076b8       0x36 CMakeFiles/MacroBardo.dir/C_/Program_Files/Raspberry_Pi/Pico_SDK_v1.5.1/pico-sdk/src/rp2_common/hardware_irq/irq.c.obj
 *fill*         0x100076ee        0x2 
 .rodata.irq_add_shared_handler.str1.4
                0x100076f0       0xd9 CMakeFiles/MacroBardo.dir/C_/Program_Files/Raspberry_Pi/Pico_SDK_v1.5.1/pico-sdk/src/rp2_common/hardware_irq/irq.c.obj
 *fill*         0x100077c9        0x3 
 .rodata.irq_remove_handler.str1.4
                0x100077cc       0x3a CMakeFiles/MacroBardo.dir/C_/Program_Files/Raspberry_Pi/Pico_SDK_v1.5.1/pico-sdk/src/rp2_common/hardware_irq/irq.c.obj
 *fill*         0x10007806        0x2 
 .rodata.irq_add_tail_to_free_list.str1.4
                0x10007808       0x3a CMakeFiles/MacroBardo.dir/C_/Program_Files/Raspberry_Pi/Pico_SDK_v1.5.1/pico-sdk/src/rp2_common/hardware_irq/irq.c.obj
 *fill*         0x10007842        0x2 
 .rodata.user_irq_claim_unused.str1.4
                0x10007844       0x1b CMakeFiles/MacroBardo.dir/C_/Program_Files/Raspberry_Pi/Pico_SDK_v1.5.1/pico-sdk/src/rp2_common/hardware_irq/irq.c.obj
 *fill*         0x1000785f        0x1 
 .rodata.__func__.0
                0x10007860       0x1a CMakeFiles/MacroBardo.dir/C_/Program_Files/Raspberry_Pi/Pico_SDK_v1.5.1/pico-sdk/src/rp2_common/hardware_irq/irq.c.obj
 *fill*         0x1000787a        0x2 
 .rodata.__func__.1
                0x1000787c       0x17 CMakeFiles/MacroBardo.dir/C_/Program_Files/Raspberry_Pi/Pico_SDK_v1.5.1/pico-sdk/src/rp2_common/hardware_irq/irq.c.obj
 *fill*         0x10007893        0x1 
 .rodata.__func__.2
                0x10007894       0x13 CMakeFiles/MacroBardo.dir/C_/Program_Files/Raspberry_Pi/Pico_SDK_v1.5.1/pico-sdk/src/rp2_common/hardware_irq/irq.c.obj
 *fill*         0x100078a7        0x1 
 .rodata.__func__.3
                0x100078a8        0xc CMakeFiles/MacroBardo.dir/C_/Program_Files/Raspberry_Pi/Pico_SDK_v1.5.1/pico-sdk/src/rp2_common/hardware_irq/irq.c.obj
 .rodata.__func__.4
                0x100078b4        0xf CMakeFiles/MacroBardo.dir/C_/Program_Files/Raspberry_Pi/Pico_SDK_v1.5.1/pico-sdk/src/rp2_common/hardware_irq/irq.c.obj
 *fill*         0x100078c3        0x1 
 .rodata.__func__.5
                0x100078c4       0x17 CMakeFiles/MacroBardo.dir/C_/Program_Files/Raspberry_Pi/Pico_SDK_v1.5.1/pico-sdk/src/rp2_common/hardware_irq/irq.c.obj
 *fill*         0x100078db        0x1 
 .rodata.__func__.6
                0x100078dc       0x1a CMakeFiles/MacroBardo.dir/C_/Program_Files/Raspberry_Pi/Pico_SDK_v1.5.1/pico-sdk/src/rp2_common/hardware_irq/irq.c.obj
 *fill*         0x100078f6        0x2 
 .rodata.str1.4
                0x100078f8      0x125 CMakeFiles/MacroBardo.dir/C_/Program_Files/Raspberry_Pi/Pico_SDK_v1.5.1/pico-sdk/src/common/pico_sync/mutex.c.obj
 *fill*         0x10007a1d        0x3 
 .rodata.__func__.1
                0x10007a20        0xb CMakeFiles/MacroBardo.dir/C_/Program_Files/Raspberry_Pi/Pico_SDK_v1.5.1/pico-sdk/src/common/pico_sync/mutex.c.obj
 *fill*         0x10007a2b        0x1 
 .rodata.__func__.3
                0x10007a2c       0x18 CMakeFiles/MacroBardo.dir/C_/Program_Files/Raspberry_Pi/Pico_SDK_v1.5.1/pico-sdk/src/common/pico_sync/mutex.c.obj
 .rodata.__func__.4
                0x10007a44       0x15 CMakeFiles/MacroBardo.dir/C_/Program_Files/Raspberry_Pi/Pico_SDK_v1.5.1/pico-sdk/src/common/pico_sync/mutex.c.obj
 *fill*         0x10007a59        0x3 
 .rodata.repeating_timer_callback.str1.4
                0x10007a5c       0x67 CMakeFiles/MacroBardo.dir/C_/Program_Files/Raspberry_Pi/Pico_SDK_v1.5.1/pico-sdk/src/common/pico_time/time.c.obj
 *fill*         0x10007ac3        0x1 
 .rodata.timer_pool_entry_comparator.str1.4
                0x10007ac4       0x22 CMakeFiles/MacroBardo.dir/C_/Program_Files/Raspberry_Pi/Pico_SDK_v1.5.1/pico-sdk/src/common/pico_time/time.c.obj
 *fill*         0x10007ae6        0x2 
 .rodata.ph_add_child_node.str1.4
                0x10007ae8       0xb2 CMakeFiles/MacroBardo.dir/C_/Program_Files/Raspberry_Pi/Pico_SDK_v1.5.1/pico-sdk/src/common/pico_time/time.c.obj
 *fill*         0x10007b9a        0x2 
 .rodata.add_alarm_under_lock.str1.4
                0x10007b9c       0x28 CMakeFiles/MacroBardo.dir/C_/Program_Files/Raspberry_Pi/Pico_SDK_v1.5.1/pico-sdk/src/common/pico_time/time.c.obj
                                 0x2b (size before relaxing)
 .rodata.alarm_pool_alarm_callback.str1.4
                0x10007bc4       0x98 CMakeFiles/MacroBardo.dir/C_/Program_Files/Raspberry_Pi/Pico_SDK_v1.5.1/pico-sdk/src/common/pico_time/time.c.obj
                                0x118 (size before relaxing)
 .rodata.alarm_pool_get_default.str1.4
                0x10007c5c       0x21 CMakeFiles/MacroBardo.dir/C_/Program_Files/Raspberry_Pi/Pico_SDK_v1.5.1/pico-sdk/src/common/pico_time/time.c.obj
 *fill*         0x10007c7d        0x3 
 .rodata.alarm_pool_cancel_alarm.str1.4
                0x10007c80       0x27 CMakeFiles/MacroBardo.dir/C_/Program_Files/Raspberry_Pi/Pico_SDK_v1.5.1/pico-sdk/src/common/pico_time/time.c.obj
 *fill*         0x10007ca7        0x1 
 .rodata.sleep_until.str1.4
                0x10007ca8       0x4d CMakeFiles/MacroBardo.dir/C_/Program_Files/Raspberry_Pi/Pico_SDK_v1.5.1/pico-sdk/src/common/pico_time/time.c.obj
 *fill*         0x10007cf5        0x3 
 .rodata.__func__.1
                0x10007cf8       0x18 CMakeFiles/MacroBardo.dir/C_/Program_Files/Raspberry_Pi/Pico_SDK_v1.5.1/pico-sdk/src/common/pico_time/time.c.obj
 .rodata.__func__.10
                0x10007d10       0x15 CMakeFiles/MacroBardo.dir/C_/Program_Files/Raspberry_Pi/Pico_SDK_v1.5.1/pico-sdk/src/common/pico_time/time.c.obj
 *fill*         0x10007d25        0x3 
 .rodata.__func__.11
                0x10007d28       0x1a CMakeFiles/MacroBardo.dir/C_/Program_Files/Raspberry_Pi/Pico_SDK_v1.5.1/pico-sdk/src/common/pico_time/time.c.obj
 *fill*         0x10007d42        0x2 
 .rodata.__func__.12
                0x10007d44        0xa CMakeFiles/MacroBardo.dir/C_/Program_Files/Raspberry_Pi/Pico_SDK_v1.5.1/pico-sdk/src/common/pico_time/time.c.obj
 *fill*         0x10007d4e        0x2 
 .rodata.__func__.3
                0x10007d50       0x17 CMakeFiles/MacroBardo.dir/C_/Program_Files/Raspberry_Pi/Pico_SDK_v1.5.1/pico-sdk/src/common/pico_time/time.c.obj
 *fill*         0x10007d67        0x1 
 .rodata.__func__.4
                0x10007d68       0x12 CMakeFiles/MacroBardo.dir/C_/Program_Files/Raspberry_Pi/Pico_SDK_v1.5.1/pico-sdk/src/common/pico_time/time.c.obj
 *fill*         0x10007d7a        0x2 
 .rodata.__func__.5
                0x10007d7c        0xd CMakeFiles/MacroBardo.dir/C_/Program_Files/Raspberry_Pi/Pico_SDK_v1.5.1/pico-sdk/src/common/pico_time/time.c.obj
 *fill*         0x10007d89        0x3 
 .rodata.__func__.6
                0x10007d8c       0x12 CMakeFiles/MacroBardo.dir/C_/Program_Files/Raspberry_Pi/Pico_SDK_v1.5.1/pico-sdk/src/common/pico_time/time.c.obj
 *fill*         0x10007d9e        0x2 
 .rodata.__func__.7
                0x10007da0        0xf CMakeFiles/MacroBardo.dir/C_/Program_Files/Raspberry_Pi/Pico_SDK_v1.5.1/pico-sdk/src/common/pico_time/time.c.obj
 *fill*         0x10007daf        0x1 
 .rodata.__func__.8
                0x10007db0        0xc CMakeFiles/MacroBardo.dir/C_/Program_Files/Raspberry_Pi/Pico_SDK_v1.5.1/pico-sdk/src/common/pico_time/time.c.obj
 .rodata.__func__.9
                0x10007dbc       0x15 CMakeFiles/MacroBardo.dir/C_/Program_Files/Raspberry_Pi/Pico_SDK_v1.5.1/pico-sdk/src/common/pico_time/time.c.obj
 *fill*         0x10007dd1        0x3 
 .rodata.hardware_alarm_claim.str1.4
                0x10007dd4       0x22 CMakeFiles/MacroBardo.dir/C_/Program_Files/Raspberry_Pi/Pico_SDK_v1.5.1/pico-sdk/src/rp2_common/hardware_timer/timer.c.obj
 *fill*         0x10007df6        0x2 
 .rodata.hardware_alarm_set_target.str1.4
                0x10007df8       0x81 CMakeFiles/MacroBardo.dir/C_/Program_Files/Raspberry_Pi/Pico_SDK_v1.5.1/pico-sdk/src/rp2_common/hardware_timer/timer.c.obj
 *fill*         0x10007e79        0x3 
 .rodata.__func__.0
                0x10007e7c       0x1a CMakeFiles/MacroBardo.dir/C_/Program_Files/Raspberry_Pi/Pico_SDK_v1.5.1/pico-sdk/src/rp2_common/hardware_timer/timer.c.obj
 .rodata.ph_add_child_node.str1.4
                0x10007e96       0xb2 CMakeFiles/MacroBardo.dir/C_/Program_Files/Raspberry_Pi/Pico_SDK_v1.5.1/pico-sdk/src/common/pico_util/pheap.c.obj
 *fill*         0x10007e96        0x2 
 .rodata.ph_remove_any_head.str1.4
                0x10007e98       0xa8 CMakeFiles/MacroBardo.dir/C_/Program_Files/Raspberry_Pi/Pico_SDK_v1.5.1/pico-sdk/src/common/pico_util/pheap.c.obj
                                 0xbc (size before relaxing)
 .rodata.ph_remove_and_free_node.str1.4
                0x10007f40       0x1e CMakeFiles/MacroBardo.dir/C_/Program_Files/Raspberry_Pi/Pico_SDK_v1.5.1/pico-sdk/src/common/pico_util/pheap.c.obj
                                 0x26 (size before relaxing)
 *fill*         0x10007f5e        0x2 
 .rodata.__func__.0
                0x10007f60       0x18 CMakeFiles/MacroBardo.dir/C_/Program_Files/Raspberry_Pi/Pico_SDK_v1.5.1/pico-sdk/src/common/pico_util/pheap.c.obj
 .rodata.__func__.1
                0x10007f78       0x13 CMakeFiles/MacroBardo.dir/C_/Program_Files/Raspberry_Pi/Pico_SDK_v1.5.1/pico-sdk/src/common/pico_util/pheap.c.obj
 *fill*         0x10007f8b        0x1 
 .rodata.__func__.2
                0x10007f8c       0x12 CMakeFiles/MacroBardo.dir/C_/Program_Files/Raspberry_Pi/Pico_SDK_v1.5.1/pico-sdk/src/common/pico_util/pheap.c.obj
 *fill*         0x10007f9e        0x2 
 .rodata.__func__.3
                0x10007fa0        0xc CMakeFiles/MacroBardo.dir/C_/Program_Files/Raspberry_Pi/Pico_SDK_v1.5.1/pico-sdk/src/common/pico_util/pheap.c.obj
 .rodata.clock_configure.str1.4
                0x10007fac       0x73 CMakeFiles/MacroBardo.dir/C_/Program_Files/Raspberry_Pi/Pico_SDK_v1.5.1/pico-sdk/src/rp2_common/hardware_clocks/clocks.c.obj
 *fill*         0x1000801f        0x1 
 .rodata.__func__.1
                0x10008020       0x10 CMakeFiles/MacroBardo.dir/C_/Program_Files/Raspberry_Pi/Pico_SDK_v1.5.1/pico-sdk/src/rp2_common/hardware_clocks/clocks.c.obj
 .rodata.pll_init.str1.4
                0x10008030      0x140 CMakeFiles/MacroBardo.dir/C_/Program_Files/Raspberry_Pi/Pico_SDK_v1.5.1/pico-sdk/src/rp2_common/hardware_pll/pll.c.obj
 .rodata.__func__.0
                0x10008170        0x9 CMakeFiles/MacroBardo.dir/C_/Program_Files/Raspberry_Pi/Pico_SDK_v1.5.1/pico-sdk/src/rp2_common/hardware_pll/pll.c.obj
 *fill*         0x10008179        0x3 
 .rodata.__assert_func.str1.4
                0x1000817c       0x3f CMakeFiles/MacroBardo.dir/C_/Program_Files/Raspberry_Pi/Pico_SDK_v1.5.1/pico-sdk/src/rp2_common/pico_runtime/runtime.c.obj
                                 0x43 (size before relaxing)
 *fill*         0x100081bb        0x1 
 .rodata.runtime_init.str1.4
                0x100081bc       0x7d CMakeFiles/MacroBardo.dir/C_/Program_Files/Raspberry_Pi/Pico_SDK_v1.5.1/pico-sdk/src/rp2_common/pico_runtime/runtime.c.obj
 *fill*         0x10008239        0x3 
 .rodata.panic.str1.4
                0x1000823c       0x12 CMakeFiles/MacroBardo.dir/C_/Program_Files/Raspberry_Pi/Pico_SDK_v1.5.1/pico-sdk/src/rp2_common/pico_runtime/runtime.c.obj
 *fill*         0x1000824e        0x2 
 .rodata.__func__.2
                0x10008250        0xd CMakeFiles/MacroBardo.dir/C_/Program_Files/Raspberry_Pi/Pico_SDK_v1.5.1/pico-sdk/src/rp2_common/pico_runtime/runtime.c.obj
 *fill*         0x1000825d        0x3 
 .rodata._ftoa.str1.4
                0x10008260       0x15 CMakeFiles/MacroBardo.dir/C_/Program_Files/Raspberry_Pi/Pico_SDK_v1.5.1/pico-sdk/src/rp2_common/pico_printf/printf.c.obj
 *fill*         0x10008275        0x3 
 .rodata._vsnprintf
                0x10008278      0x1e0 CMakeFiles/MacroBardo.dir/C_/Program_Files/Raspberry_Pi/Pico_SDK_v1.5.1/pico-sdk/src/rp2_common/pico_printf/printf.c.obj
 .rodata.pow10.0
                0x10008458       0x50 CMakeFiles/MacroBardo.dir/C_/Program_Files/Raspberry_Pi/Pico_SDK_v1.5.1/pico-sdk/src/rp2_common/pico_printf/printf.c.obj
 .rodata.__aeabi_double_init.str1.4
                0x100084a8       0xb8 CMakeFiles/MacroBardo.dir/C_/Program_Files/Raspberry_Pi/Pico_SDK_v1.5.1/pico-sdk/src/rp2_common/pico_double/double_init_rom.c.obj
 .rodata.__func__.0
                0x10008560       0x14 CMakeFiles/MacroBardo.dir/C_/Program_Files/Raspberry_Pi/Pico_SDK_v1.5.1/pico-sdk/src/rp2_common/pico_double/double_init_rom.c.obj
 .rodata.__aeabi_float_init.str1.4
                0x10008574       0x96 CMakeFiles/MacroBardo.dir/C_/Program_Files/Raspberry_Pi/Pico_SDK_v1.5.1/pico-sdk/src/rp2_common/pico_float/float_init_rom.c.obj
                                 0x9a (size before relaxing)
 *fill*         0x1000860a        0x2 
 .rodata.__func__.0
                0x1000860c       0x13 CMakeFiles/MacroBardo.dir/C_/Program_Files/Raspberry_Pi/Pico_SDK_v1.5.1/pico-sdk/src/rp2_common/pico_float/float_init_rom.c.obj
 *fill*         0x1000861f        0x1 
 .rodata.str1.4
                0x10008620       0x40 CMakeFiles/MacroBardo.dir/C_/Program_Files/Raspberry_Pi/Pico_SDK_v1.5.1/pico-sdk/src/rp2_common/pico_standard_link/binary_info.c.obj
 .rodata.__bi_44
                0x10008660        0xc CMakeFiles/MacroBardo.dir/C_/Program_Files/Raspberry_Pi/Pico_SDK_v1.5.1/pico-sdk/src/rp2_common/pico_standard_link/binary_info.c.obj
 .rodata.__bi_75
                0x1000866c        0xc CMakeFiles/MacroBardo.dir/C_/Program_Files/Raspberry_Pi/Pico_SDK_v1.5.1/pico-sdk/src/rp2_common/pico_standard_link/binary_info.c.obj
 .rodata.__bi_81
                0x10008678        0xc CMakeFiles/MacroBardo.dir/C_/Program_Files/Raspberry_Pi/Pico_SDK_v1.5.1/pico-sdk/src/rp2_common/pico_standard_link/binary_info.c.obj
 .rodata.stdout_serialize_begin.str1.4
                0x10008684       0x7d CMakeFiles/MacroBardo.dir/C_/Program_Files/Raspberry_Pi/Pico_SDK_v1.5.1/pico-sdk/src/rp2_common/pico_stdio/stdio.c.obj
 .rodata.__func__.3
                0x10008684       0x15 CMakeFiles/MacroBardo.dir/C_/Program_Files/Raspberry_Pi/Pico_SDK_v1.5.1/pico-sdk/src/rp2_common/pico_stdio/stdio.c.obj
 *fill*         0x10008699        0x3 
 .rodata.crlf_str.2
                0x1000869c        0x2 CMakeFiles/MacroBardo.dir/C_/Program_Files/Raspberry_Pi/Pico_SDK_v1.5.1/pico-sdk/src/rp2_common/pico_stdio/stdio.c.obj
 *fill*         0x1000869e        0x2 
 .rodata._resetd_driver
                0x100086a0       0x18 CMakeFiles/MacroBardo.dir/C_/Program_Files/Raspberry_Pi/Pico_SDK_v1.5.1/pico-sdk/src/rp2_common/pico_stdio_usb/reset_interface.c.obj
 .rodata.low_priority_worker_irq.str1.4
                0x100086b8       0x7d CMakeFiles/MacroBardo.dir/C_/Program_Files/Raspberry_Pi/Pico_SDK_v1.5.1/pico-sdk/src/rp2_common/pico_stdio_usb/stdio_usb.c.obj
 .rodata.stdio_usb_init.str1.4
                0x100086b8       0x61 CMakeFiles/MacroBardo.dir/C_/Program_Files/Raspberry_Pi/Pico_SDK_v1.5.1/pico-sdk/src/rp2_common/pico_stdio_usb/stdio_usb.c.obj
                                 0x69 (size before relaxing)
 *fill*         0x10008719        0x3 
 .rodata.str1.4
                0x1000871c       0x13 CMakeFiles/MacroBardo.dir/C_/Program_Files/Raspberry_Pi/Pico_SDK_v1.5.1/pico-sdk/src/rp2_common/pico_stdio_usb/stdio_usb.c.obj
 *fill*         0x1000872f        0x1 
 .rodata.__bi_182.0
                0x10008730        0xc CMakeFiles/MacroBardo.dir/C_/Program_Files/Raspberry_Pi/Pico_SDK_v1.5.1/pico-sdk/src/rp2_common/pico_stdio_usb/stdio_usb.c.obj
 .rodata.__func__.1
                0x1000873c        0xf CMakeFiles/MacroBardo.dir/C_/Program_Files/Raspberry_Pi/Pico_SDK_v1.5.1/pico-sdk/src/rp2_common/pico_stdio_usb/stdio_usb.c.obj
 *fill*         0x1000874b        0x1 
 .rodata.__func__.3
                0x1000874c       0x15 CMakeFiles/MacroBardo.dir/C_/Program_Files/Raspberry_Pi/Pico_SDK_v1.5.1/pico-sdk/src/rp2_common/pico_stdio_usb/stdio_usb.c.obj
 *fill*         0x10008761        0x3 
 .rodata.str1.4
                0x10008764       0x2a CMakeFiles/MacroBardo.dir/C_/Program_Files/Raspberry_Pi/Pico_SDK_v1.5.1/pico-sdk/src/rp2_common/pico_stdio_usb/stdio_usb_descriptors.c.obj
 *fill*         0x1000878e        0x2 
 .rodata.usbd_desc_cfg
                0x10008790       0x54 CMakeFiles/MacroBardo.dir/C_/Program_Files/Raspberry_Pi/Pico_SDK_v1.5.1/pico-sdk/src/rp2_common/pico_stdio_usb/stdio_usb_descriptors.c.obj
 .rodata.usbd_desc_device
                0x100087e4       0x12 CMakeFiles/MacroBardo.dir/C_/Program_Files/Raspberry_Pi/Pico_SDK_v1.5.1/pico-sdk/src/rp2_common/pico_stdio_usb/stdio_usb_descriptors.c.obj
 *fill*         0x100087f6        0x2 
 .rodata.usbd_desc_str
                0x100087f8       0x18 CMakeFiles/MacroBardo.dir/C_/Program_Files/Raspberry_Pi/Pico_SDK_v1.5.1/pico-sdk/src/rp2_common/pico_stdio_usb/stdio_usb_descriptors.c.obj
 .rodata.pico_get_unique_board_id_string.str1.4
                0x10008810       0x69 CMakeFiles/MacroBardo.dir/C_/Program_Files/Raspberry_Pi/Pico_SDK_v1.5.1/pico-sdk/src/rp2_common/pico_unique_id/unique_id.c.obj
 *fill*         0x10008879        0x3 
 .rodata.__func__.0
                0x1000887c       0x20 CMakeFiles/MacroBardo.dir/C_/Program_Files/Raspberry_Pi/Pico_SDK_v1.5.1/pico-sdk/src/rp2_common/pico_unique_id/unique_id.c.obj
 .rodata.str1.4
                0x1000889c      0x176 CMakeFiles/MacroBardo.dir/C_/Program_Files/Raspberry_Pi/Pico_SDK_v1.5.1/pico-sdk/src/rp2_common/hardware_flash/flash.c.obj
 *fill*         0x10008a12        0x2 
 .rodata.__func__.0
                0x10008a14        0xd CMakeFiles/MacroBardo.dir/C_/Program_Files/Raspberry_Pi/Pico_SDK_v1.5.1/pico-sdk/src/rp2_common/hardware_flash/flash.c.obj
 *fill*         0x10008a21        0x3 
 .rodata._hw_endpoint_alloc.str1.4
                0x10008a24       0xd1 CMakeFiles/MacroBardo.dir/C_/Program_Files/Raspberry_Pi/Pico_SDK_v1.5.1/pico-sdk/lib/tinyusb/src/portable/raspberrypi/rp2040/dcd_rp2040.c.obj
 *fill*         0x10008af5        0x3 
 .rodata.str1.4
                0x10008af8       0x14 CMakeFiles/MacroBardo.dir/C_/Program_Files/Raspberry_Pi/Pico_SDK_v1.5.1/pico-sdk/lib/tinyusb/src/portable/raspberrypi/rp2040/dcd_rp2040.c.obj
 .rodata.dcd_int_enable.str1.4
                0x10008b0c        0xc CMakeFiles/MacroBardo.dir/C_/Program_Files/Raspberry_Pi/Pico_SDK_v1.5.1/pico-sdk/lib/tinyusb/src/portable/raspberrypi/rp2040/dcd_rp2040.c.obj
 .rodata.__func__.0
                0x10008b18        0xe CMakeFiles/MacroBardo.dir/C_/Program_Files/Raspberry_Pi/Pico_SDK_v1.5.1/pico-sdk/lib/tinyusb/src/portable/raspberrypi/rp2040/dcd_rp2040.c.obj
 *fill*         0x10008b26        0x2 
 .rodata.__func__.1
                0x10008b28        0xe CMakeFiles/MacroBardo.dir/C_/Program_Files/Raspberry_Pi/Pico_SDK_v1.5.1/pico-sdk/lib/tinyusb/src/portable/raspberrypi/rp2040/dcd_rp2040.c.obj
 *fill*         0x10008b36        0x2 
 .rodata.__func__.3
                0x10008b38       0x10 CMakeFiles/MacroBardo.dir/C_/Program_Files/Raspberry_Pi/Pico_SDK_v1.5.1/pico-sdk/lib/tinyusb/src/portable/raspberrypi/rp2040/dcd_rp2040.c.obj
 .rodata.__func__.5
                0x10008b48        0xf CMakeFiles/MacroBardo.dir/C_/Program_Files/Raspberry_Pi/Pico_SDK_v1.5.1/pico-sdk/lib/tinyusb/src/portable/raspberrypi/rp2040/dcd_rp2040.c.obj
 *fill*         0x10008b57        0x1 
 .rodata.__func__.6
                0x10008b58       0x13 CMakeFiles/MacroBardo.dir/C_/Program_Files/Raspberry_Pi/Pico_SDK_v1.5.1/pico-sdk/lib/tinyusb/src/portable/raspberrypi/rp2040/dcd_rp2040.c.obj
 *fill*         0x10008b6b        0x1 
 .rodata.__func__.7
                0x10008b6c        0x9 CMakeFiles/MacroBardo.dir/C_/Program_Files/Raspberry_Pi/Pico_SDK_v1.5.1/pico-sdk/lib/tinyusb/src/portable/raspberrypi/rp2040/dcd_rp2040.c.obj
 *fill*         0x10008b75        0x3 
 .rodata.str1.4
                0x10008b78      0x103 CMakeFiles/MacroBardo.dir/C_/Program_Files/Raspberry_Pi/Pico_SDK_v1.5.1/pico-sdk/lib/tinyusb/src/portable/raspberrypi/rp2040/rp2040_usb.c.obj
 *fill*         0x10008c7b        0x1 
 .rodata.__func__.0
                0x10008c7c        0xf CMakeFiles/MacroBardo.dir/C_/Program_Files/Raspberry_Pi/Pico_SDK_v1.5.1/pico-sdk/lib/tinyusb/src/portable/raspberrypi/rp2040/rp2040_usb.c.obj
 *fill*         0x10008c8b        0x1 
 .rodata.process_get_descriptor
                0x10008c8c       0x40 CMakeFiles/MacroBardo.dir/C_/Program_Files/Raspberry_Pi/Pico_SDK_v1.5.1/pico-sdk/lib/tinyusb/src/device/usbd.c.obj
 .rodata.process_control_request
                0x10008ccc       0x28 CMakeFiles/MacroBardo.dir/C_/Program_Files/Raspberry_Pi/Pico_SDK_v1.5.1/pico-sdk/lib/tinyusb/src/device/usbd.c.obj
 .rodata.tud_task_ext
                0x10008cf4       0x24 CMakeFiles/MacroBardo.dir/C_/Program_Files/Raspberry_Pi/Pico_SDK_v1.5.1/pico-sdk/lib/tinyusb/src/device/usbd.c.obj
 .rodata._usbd_driver
                0x10008d18       0x18 CMakeFiles/MacroBardo.dir/C_/Program_Files/Raspberry_Pi/Pico_SDK_v1.5.1/pico-sdk/lib/tinyusb/src/device/usbd.c.obj
 .rodata.DEV_Module_Init.str1.4
                0x10008d30       0x15 WaveshareLib/Config/libConfig.a(DEV_Config.c.obj)
                0x10008d48                . = ALIGN (0x4)
 *fill*         0x10008d45        0x3 
 *(SORT_BY_ALIGNMENT(SORT_BY_NAME(.flashdata*)))
                0x10008d48                . = ALIGN (0x4)

.ARM.extab
 *(.ARM.extab* .gnu.linkonce.armextab.*)
                0x10008d48                __exidx_start = .

.ARM.exidx
 *(.ARM.exidx* .gnu.linkonce.armexidx.*)
                0x10008d48                __exidx_end = .
                0x10008d48                . = ALIGN (0x4)
                0x10008d48                __binary_info_start = .

.binary_info    0x10008d48       0x20
 *(.binary_info.keep.*)
 .binary_info.keep.__bi_ptr22
                0x10008d48        0x4 CMakeFiles/MacroBardo.dir/C_/Program_Files/Raspberry_Pi/Pico_SDK_v1.5.1/pico-sdk/src/rp2_common/pico_standard_link/binary_info.c.obj
 .binary_info.keep.__bi_ptr30
                0x10008d4c        0x4 CMakeFiles/MacroBardo.dir/C_/Program_Files/Raspberry_Pi/Pico_SDK_v1.5.1/pico-sdk/src/rp2_common/pico_standard_link/binary_info.c.obj
 .binary_info.keep.__bi_ptr38
                0x10008d50        0x4 CMakeFiles/MacroBardo.dir/C_/Program_Files/Raspberry_Pi/Pico_SDK_v1.5.1/pico-sdk/src/rp2_common/pico_standard_link/binary_info.c.obj
 .binary_info.keep.__bi_ptr44
                0x10008d54        0x4 CMakeFiles/MacroBardo.dir/C_/Program_Files/Raspberry_Pi/Pico_SDK_v1.5.1/pico-sdk/src/rp2_common/pico_standard_link/binary_info.c.obj
 .binary_info.keep.__bi_ptr50
                0x10008d58        0x4 CMakeFiles/MacroBardo.dir/C_/Program_Files/Raspberry_Pi/Pico_SDK_v1.5.1/pico-sdk/src/rp2_common/pico_standard_link/binary_info.c.obj
 .binary_info.keep.__bi_ptr75
                0x10008d5c        0x4 CMakeFiles/MacroBardo.dir/C_/Program_Files/Raspberry_Pi/Pico_SDK_v1.5.1/pico-sdk/src/rp2_common/pico_standard_link/binary_info.c.obj
 .binary_info.keep.__bi_ptr81
                0x10008d60        0x4 CMakeFiles/MacroBardo.dir/C_/Program_Files/Raspberry_Pi/Pico_SDK_v1.5.1/pico-sdk/src/rp2_common/pico_standard_link/binary_info.c.obj
 *(.binary_info.*)
 .binary_info.__bi_ptr182
                0x10008d64        0x4 CMakeFiles/MacroBardo.dir/C_/Program_Files/Raspberry_Pi/Pico_SDK_v1.5.1/pico-sdk/src/rp2_common/pico_stdio_usb/stdio_usb.c.obj
                0x10008d68                __binary_info_end = .

.rel.dyn        0x10008d68        0x0
 .rel.iplt      0x10008d68        0x0 c:/progra~1/raspbe~1/picosd~1.1/gcc-ar~1/bin/../lib/gcc/arm-none-eabi/10.3.1/thumb/v6-m/nofp/crtbegin.o
                0x10008d68                . = ALIGN (0x4)

.ram_vector_table
                0x20000000       0xc0
 *(.ram_vector_table)
 .ram_vector_table
                0x20000000       0xc0 CMakeFiles/MacroBardo.dir/C_/Program_Files/Raspberry_Pi/Pico_SDK_v1.5.1/pico-sdk/src/rp2_common/pico_runtime/runtime.c.obj
                0x20000000                ram_vector_table

.data           0x200000c0      0xcd0 load address 0x10008d68
                0x200000c0                __data_start__ = .
 *(vtable)
 *(.time_critical*)
 .time_critical.mutex_try_enter
                0x200000c0       0x46 CMakeFiles/MacroBardo.dir/C_/Program_Files/Raspberry_Pi/Pico_SDK_v1.5.1/pico-sdk/src/common/pico_sync/mutex.c.obj
                0x200000c0                mutex_try_enter
 *fill*         0x20000106        0x2 
 .time_critical.mutex_enter_block_until
                0x20000108       0x8c CMakeFiles/MacroBardo.dir/C_/Program_Files/Raspberry_Pi/Pico_SDK_v1.5.1/pico-sdk/src/common/pico_sync/mutex.c.obj
                0x20000108                mutex_enter_block_until
 .time_critical.mutex_try_enter_block_until